================================================================================
RESNET50 AGE CLASSIFICATION EXPERIMENT
================================================================================
Model: ResNet50
Task: Age Classification (3 classes)
Mode: 2s (EEG segment length)
Results directory: ./final_logs7
Reports directory: ./final_logs7
Epochs: 50, Learning rate: 0.0001
Batch size: 192 (auto-selected), Random seed: 42
Number of GPUs: 4
Stratified train batches disabled (--no_stratified); using class weights in loss.
Number of workers: 8
================================================================================

Starting ResNet50 age classification experiment...
Experiment name: age_resnet50_2s
Model type: age_resnet50
Training: Both active and passive tasks
Evaluation: Separate accuracy reports for active and passive tasks
--------------------------------------------------------------------------------

================================================================================
STARTING EXPERIMENTS
Number of experiments: 1
Random seed: 42
Results directory: ./final_logs7
Generate reports: True
================================================================================

Progress: 1/1
Experiment: age_resnet50_2s
Setting up experiment: age_resnet50_2s
Creating standard loaders for age classification (train on both task types)
============================================================
GPU Configuration
============================================================
CUDA Available: True
Available GPUs: 4
Requested GPUs: 4
Using GPUs: 4
Device: cuda
GPU Device IDs: [0, 1, 2, 3]
  GPU 0: NVIDIA L40S
  GPU 1: NVIDIA L40S
  GPU 2: NVIDIA L40S
  GPU 3: NVIDIA L40S
============================================================
Compiling model with torch.compile() for faster execution...
✅ Model compiled successfully
✅ Using CrossEntropyLoss with class_weight=[0.9663624255243037, 0.8122259684152144, 1.3623846753650544] (fix imbalanced / collapse)
✅ Using fused Adam optimizer
✅ Mixed precision training (AMP) enabled
✅ Gradient clipping enabled: max_norm=0.2
✅ Learning rate scheduler: factor=0.5, patience=10
✅ Learning rate warmup enabled: 10 epochs
✅ Experiment setup complete

================================================================================
STARTING EXPERIMENT: age_resnet50_2s
Model: age_resnet50 | Target: age
Channels: 60
================================================================================
Training age_resnet50 for age classification...
Starting training for age_resnet50_2s
Model: EEGAgeResNet50
Target: age
Epochs: 50
Learning rate: 0.0001
------------------------------------------------------------
   No existing checkpoint found. Starting fresh training.
⏳ Loading first batch (batch_size=192, num_workers=8)...

🔄 Starting epoch 1/50
   🔥 Warmup: LR = 0.000010 (target: 0.000100)
  ✅ First batch loaded! (took 423.8s)
  First batch label distribution: class 0: 57, class 1: 86, class 2: 49
W0306 11:06:59.957000 4102562 site-packages/torch/_logging/_internal.py:1081] [0/0] Profiler function <class 'torch.autograd.profiler.record_function'> will be ignored
/home/mojtabam/miniconda3/envs/eeg_env/lib/python3.10/site-packages/torch/_dynamo/variables/functions.py:725: UserWarning: Graph break due to unsupported builtin sys._getframe. This function is either a Python builtin (e.g. _warnings.warn) or a third-party C/C++ Python extension (perhaps created with pybind). If it is a Python builtin, please file an issue on GitHub so the PyTorch team can add support for it and see the next case for a workaround. If it is a third-party C/C++ Python extension, please either wrap it into a PyTorch-understood custom operator (see https://pytorch.org/tutorials/advanced/custom_ops_landing_page.html for more details) or, if it is traceable, use torch.compiler.allow_in_graph.
  torch._dynamo.utils.warn_once(msg)
libibverbs: Warning: couldn't load driver 'libvmw_pvrdma-rdmav34.so': libvmw_pvrdma-rdmav34.so: cannot open shared object file: No such file or directory
⚠️  WARNING: Model collapse in 2 consecutive batches (all class 2). Monitoring...
✅ Model recovered: Predictions diverse again (unique: 2)
⚠️  WARNING: Model collapse in 2 consecutive batches (all class 2). Monitoring...
✅ Model recovered: Predictions diverse again (unique: 2)
⚠️  WARNING: Model collapse in 2 consecutive batches (all class 2). Monitoring...
✅ Model recovered: Predictions diverse again (unique: 2)
⚠️  WARNING: Model collapse in 2 consecutive batches (all class 2). Monitoring...
✅ Model recovered: Predictions diverse again (unique: 2)
⚠️  WARNING: Model collapse in 2 consecutive batches (all class 2). Monitoring...
✅ Model recovered: Predictions diverse again (unique: 2)
⚠️  WARNING: Model collapse in 2 consecutive batches (all class 2). Monitoring...
✅ Model recovered: Predictions diverse again (unique: 2)
  Processed 1000 batches, elapsed: 232.9s
  Processed 2000 batches, elapsed: 412.9s
  Processed 3000 batches, elapsed: 591.7s
  Processed 4000 batches, elapsed: 771.6s
  Processed 5000 batches, elapsed: 951.1s
  Validation: 1000 batches, elapsed: 194.6s
  → Epoch   1/50 | Train Loss: 1.1089 | Val Loss: 1.1359 | Train Acc: 0.2941 | Val Acc: 0.3206 | LR: 0.000010 | Time: 1735.79s
New best model saved at epoch 1 in ./final_logs7/checkpoints

🔄 Starting epoch 2/50
  ✅ First batch loaded! (took 3.4s)
  First batch label distribution: class 0: 57, class 1: 86, class 2: 49
  Processed 1000 batches, elapsed: 174.6s
  Processed 2000 batches, elapsed: 351.2s
  Processed 3000 batches, elapsed: 528.4s
  Processed 4000 batches, elapsed: 705.5s
  Processed 5000 batches, elapsed: 882.3s
  Validation: 1000 batches, elapsed: 103.2s
  → Epoch   2/50 | Train Loss: 1.0411 | Val Loss: 1.0244 | Train Acc: 0.3836 | Val Acc: 0.4223 | LR: 0.000020 | Time: 1152.45s
New best model saved at epoch 2 in ./final_logs7/checkpoints

🔄 Starting epoch 3/50
   🔥 Warmup: LR = 0.000030 (target: 0.000100)
  ✅ First batch loaded! (took 3.6s)
  First batch label distribution: class 0: 57, class 1: 86, class 2: 49
  Processed 1000 batches, elapsed: 182.0s
  Processed 2000 batches, elapsed: 361.8s
  Processed 3000 batches, elapsed: 542.3s
  Processed 4000 batches, elapsed: 721.2s
  Processed 5000 batches, elapsed: 902.5s
  Validation: 1000 batches, elapsed: 97.2s
  → Epoch   3/50 | Train Loss: 0.9461 | Val Loss: 0.9803 | Train Acc: 0.4489 | Val Acc: 0.4555 | LR: 0.000030 | Time: 1171.76s
New best model saved at epoch 3 in ./final_logs7/checkpoints

🔄 Starting epoch 4/50
  ✅ First batch loaded! (took 4.6s)
  First batch label distribution: class 0: 57, class 1: 86, class 2: 49
  Processed 1000 batches, elapsed: 170.9s
  Processed 2000 batches, elapsed: 344.7s
  Processed 3000 batches, elapsed: 521.2s
  Processed 4000 batches, elapsed: 697.3s
  Processed 5000 batches, elapsed: 874.6s
  Validation: 1000 batches, elapsed: 109.1s
  → Epoch   4/50 | Train Loss: 0.8832 | Val Loss: 0.9425 | Train Acc: 0.4890 | Val Acc: 0.4992 | LR: 0.000040 | Time: 1153.33s
New best model saved at epoch 4 in ./final_logs7/checkpoints

🔄 Starting epoch 5/50
  ✅ First batch loaded! (took 4.1s)
  First batch label distribution: class 0: 57, class 1: 86, class 2: 49
  Processed 1000 batches, elapsed: 183.6s
  Processed 2000 batches, elapsed: 364.9s
  Processed 3000 batches, elapsed: 545.2s
  Processed 4000 batches, elapsed: 726.6s
  Processed 5000 batches, elapsed: 906.6s
  Validation: 1000 batches, elapsed: 97.0s
  → Epoch   5/50 | Train Loss: 0.8397 | Val Loss: 0.9365 | Train Acc: 0.5162 | Val Acc: 0.4981 | LR: 0.000050 | Time: 1175.99s
New best model saved at epoch 5 in ./final_logs7/checkpoints

🔄 Starting epoch 6/50
   🔥 Warmup: LR = 0.000060 (target: 0.000100)
  ✅ First batch loaded! (took 4.0s)
  First batch label distribution: class 0: 57, class 1: 86, class 2: 49
  Processed 1000 batches, elapsed: 171.9s
  Processed 2000 batches, elapsed: 345.9s
  Processed 3000 batches, elapsed: 520.7s
  Processed 4000 batches, elapsed: 695.6s
  Processed 5000 batches, elapsed: 870.4s
  Validation: 1000 batches, elapsed: 107.4s
  → Epoch   6/50 | Train Loss: 0.8074 | Val Loss: 0.9340 | Train Acc: 0.5362 | Val Acc: 0.5096 | LR: 0.000060 | Time: 1145.20s
New best model saved at epoch 6 in ./final_logs7/checkpoints

🔄 Starting epoch 7/50
  ✅ First batch loaded! (took 3.3s)
  First batch label distribution: class 0: 57, class 1: 86, class 2: 49
  Processed 1000 batches, elapsed: 183.7s
  Processed 2000 batches, elapsed: 367.0s
  Processed 3000 batches, elapsed: 550.9s
  Processed 4000 batches, elapsed: 736.8s
  Processed 5000 batches, elapsed: 917.8s
  Validation: 1000 batches, elapsed: 96.1s
  → Epoch   7/50 | Train Loss: 0.7787 | Val Loss: 0.9804 | Train Acc: 0.5530 | Val Acc: 0.4841 | LR: 0.000070 | Time: 1183.58s

🔄 Starting epoch 8/50
  ✅ First batch loaded! (took 3.7s)
  First batch label distribution: class 0: 57, class 1: 86, class 2: 49
  Processed 1000 batches, elapsed: 173.5s
  Processed 2000 batches, elapsed: 349.2s
  Processed 3000 batches, elapsed: 525.9s
  Processed 4000 batches, elapsed: 702.7s
  Processed 5000 batches, elapsed: 879.3s
  Validation: 1000 batches, elapsed: 107.8s
  → Epoch   8/50 | Train Loss: 0.7535 | Val Loss: 0.9972 | Train Acc: 0.5694 | Val Acc: 0.5033 | LR: 0.000080 | Time: 1155.13s

🔄 Starting epoch 9/50
   🔥 Warmup: LR = 0.000090 (target: 0.000100)
  ✅ First batch loaded! (took 3.9s)
  First batch label distribution: class 0: 57, class 1: 86, class 2: 49
  Processed 1000 batches, elapsed: 182.9s
  Processed 2000 batches, elapsed: 363.6s
  Processed 3000 batches, elapsed: 543.0s
  Processed 4000 batches, elapsed: 724.0s
  Processed 5000 batches, elapsed: 904.6s
  Validation: 1000 batches, elapsed: 101.4s
  → Epoch   9/50 | Train Loss: 0.7303 | Val Loss: 0.9912 | Train Acc: 0.5830 | Val Acc: 0.5095 | LR: 0.000090 | Time: 1178.01s

🔄 Starting epoch 10/50
  ✅ First batch loaded! (took 4.1s)
  First batch label distribution: class 0: 57, class 1: 86, class 2: 49
  Processed 1000 batches, elapsed: 181.8s
  Processed 2000 batches, elapsed: 362.8s
  Processed 3000 batches, elapsed: 542.9s
  Processed 4000 batches, elapsed: 722.3s
  Processed 5000 batches, elapsed: 906.5s
  Validation: 1000 batches, elapsed: 108.4s
  → Epoch  10/50 | Train Loss: 0.7048 | Val Loss: 0.9881 | Train Acc: 0.5986 | Val Acc: 0.5088 | LR: 0.000100 | Time: 1185.51s

🔄 Starting epoch 11/50
  ✅ First batch loaded! (took 3.8s)
  First batch label distribution: class 0: 57, class 1: 86, class 2: 49
  Processed 1000 batches, elapsed: 165.9s
  Processed 2000 batches, elapsed: 338.6s
  Processed 3000 batches, elapsed: 512.3s
  Processed 4000 batches, elapsed: 685.6s
  Processed 5000 batches, elapsed: 858.4s
  Validation: 1000 batches, elapsed: 102.1s
  → Epoch  11/50 | Train Loss: 0.6707 | Val Loss: 1.0514 | Train Acc: 0.6177 | Val Acc: 0.4992 | LR: 0.000100 | Time: 1126.03s

🔄 Starting epoch 12/50
  ✅ First batch loaded! (took 4.2s)
  First batch label distribution: class 0: 57, class 1: 86, class 2: 49
  Processed 1000 batches, elapsed: 183.7s
  Processed 2000 batches, elapsed: 366.0s
  Processed 3000 batches, elapsed: 549.6s
  Processed 4000 batches, elapsed: 731.4s
  Processed 5000 batches, elapsed: 912.9s
  Validation: 1000 batches, elapsed: 108.9s
  → Epoch  12/50 | Train Loss: 0.6343 | Val Loss: 1.0720 | Train Acc: 0.6390 | Val Acc: 0.5165 | LR: 0.000100 | Time: 1192.41s

🔄 Starting epoch 13/50
  ✅ First batch loaded! (took 3.7s)
  First batch label distribution: class 0: 57, class 1: 86, class 2: 49
  Processed 1000 batches, elapsed: 165.0s
  Processed 2000 batches, elapsed: 337.9s
  Processed 3000 batches, elapsed: 511.6s
  Processed 4000 batches, elapsed: 685.4s
  Processed 5000 batches, elapsed: 859.4s
  Validation: 1000 batches, elapsed: 104.5s
  → Epoch  13/50 | Train Loss: 0.5975 | Val Loss: 1.1339 | Train Acc: 0.6599 | Val Acc: 0.5114 | LR: 0.000100 | Time: 1131.24s

🔄 Starting epoch 14/50
  ✅ First batch loaded! (took 3.6s)
  First batch label distribution: class 0: 57, class 1: 86, class 2: 49
  Processed 1000 batches, elapsed: 181.5s
  Processed 2000 batches, elapsed: 365.4s
  Processed 3000 batches, elapsed: 545.8s
  Processed 4000 batches, elapsed: 726.6s
  Processed 5000 batches, elapsed: 911.2s
  Validation: 1000 batches, elapsed: 97.0s
  → Epoch  14/50 | Train Loss: 0.5641 | Val Loss: 1.1610 | Train Acc: 0.6798 | Val Acc: 0.5199 | LR: 0.000100 | Time: 1182.32s

🔄 Starting epoch 15/50
  ✅ First batch loaded! (took 4.0s)
  First batch label distribution: class 0: 57, class 1: 86, class 2: 49
  Processed 1000 batches, elapsed: 172.7s
  Processed 2000 batches, elapsed: 346.0s
  Processed 3000 batches, elapsed: 520.5s
  Processed 4000 batches, elapsed: 696.0s
  Processed 5000 batches, elapsed: 871.4s
  Validation: 1000 batches, elapsed: 108.2s
  → Epoch  15/50 | Train Loss: 0.5301 | Val Loss: 1.2499 | Train Acc: 0.6997 | Val Acc: 0.5245 | LR: 0.000100 | Time: 1147.12s

🔄 Starting epoch 16/50
  ✅ First batch loaded! (took 3.9s)
  First batch label distribution: class 0: 57, class 1: 86, class 2: 49
  Processed 1000 batches, elapsed: 183.0s
  Processed 2000 batches, elapsed: 364.7s
  Processed 3000 batches, elapsed: 543.7s
  Processed 4000 batches, elapsed: 726.2s
  Processed 5000 batches, elapsed: 907.0s
  Validation: 1000 batches, elapsed: 96.7s
  → Epoch  16/50 | Train Loss: 0.4977 | Val Loss: 1.3023 | Train Acc: 0.7195 | Val Acc: 0.5184 | LR: 0.000100 | Time: 1172.61s
Early stopping at epoch 16 (patience: 10)
Last model saved at epoch 16 in ./final_logs7/checkpoints

Training completed in 19191.67s
Best validation loss: 0.9340 at epoch 6
✅ Training completed
   Training metrics saved to: ./final_logs7/age_resnet50_2s/age_resnet50_2s_training_metrics.json
Evaluating age_resnet50 on age classification...
? Loaded checkpoint from ./final_logs7/checkpoints/age_resnet50_2s_best.pth
✅ Evaluation completed
   Accuracy: 0.5196
   F1-Score: 0.4775
   Evaluation time: 121.13s
   Evaluation results saved to: ./final_logs7/age_resnet50_2s

Evaluating separately by task type...

============================================================
Evaluating on active tasks...
============================================================

ACTIVE Task Results:
  Accuracy: 0.5243
  F1-Score (weighted): 0.4769
  ROC-AUC: 0.7316
  Number of samples: 35284

============================================================
Evaluating on passive tasks...
============================================================

PASSIVE Task Results:
  Accuracy: 0.5188
  F1-Score (weighted): 0.4777
  ROC-AUC: 0.7247
  Number of samples: 204188

============================================================
Task Type Comparison:
============================================================
  ACTIVE: Accuracy = 0.5243, F1 = 0.4769
  PASSIVE: Accuracy = 0.5188, F1 = 0.4777
   Evaluation results saved to: ./final_logs7/age_resnet50_2s_task_active
   Evaluation results saved to: ./final_logs7/age_resnet50_2s_task_passive
  ACTIVE tasks: Accuracy = 0.5243, F1-Score = 0.4769
  PASSIVE tasks: Accuracy = 0.5188, F1-Score = 0.4777

✅ Experiment 'age_resnet50_2s' completed successfully!
   Total time: 19609.34s
   Training time: 19191.68s
   Evaluation time: 417.66s
   Accuracy: 0.5196
   Result saved to: ./final_logs7/age_resnet50_2s/age_resnet50_2s_result.json
✅ Experiment completed: age_resnet50_2s

========================================================================================================================
MODEL COMPARISON
========================================================================================================================
Model                Target     Accuracy   F1-Score   Time (s)   Description                                       
------------------------------------------------------------------------------------------------------------------------
age_resnet50         age        0.5196     0.4775     417.66     ResNet50 age classification with 2s segments...   

Best Model: age_resnet50 (Accuracy: 0.5196)
========================================================================================================================
Generating comprehensive reports...
CSV summary saved to: ./final_logs7/experiment_results.csv
Reports generated in: ./final_logs7
Reports generated in: ./final_logs7

================================================================================
ALL EXPERIMENTS COMPLETED
Results saved to: ./final_logs7
================================================================================

================================================================================
EXPERIMENT COMPLETED SUCCESSFULLY!
================================================================================
Results saved to: ./final_logs7/age_resnet50_2s/
Reports generated in: ./final_logs7/

Overall Test Set Metrics:
  Accuracy: 0.5196
  F1-Score (weighted): 0.4775

Task-Specific Metrics:
  Active Tasks:
    Accuracy: 0.5243
    F1-Score: 0.4769
  Passive Tasks:
    Accuracy: 0.5188
    F1-Score: 0.4777
================================================================================
