================================================================================
RESNET50 GENDER CLASSIFICATION EXPERIMENT
================================================================================
Model: ResNet50
Task: Gender Classification (2 classes)
Mode: 1s (EEG segment length)
Results directory: ./final_logs3
Reports directory: ./final_logs3
Epochs: 50, Learning rate: 0.0001
Batch size: 512 (auto-selected), Random seed: 42
Number of GPUs: 4
Stratified train batches disabled (--no_stratified); using class weights in loss.
Number of workers: 16
================================================================================

Starting ResNet50 gender classification experiment...
Experiment name: gender_resnet50_1s
Model type: gender_resnet50
Training: Both active and passive tasks
Evaluation: Separate accuracy reports for active and passive tasks
--------------------------------------------------------------------------------

================================================================================
STARTING EXPERIMENTS
Number of experiments: 1
Random seed: 42
Results directory: ./final_logs3
Generate reports: True
================================================================================

Progress: 1/1
Experiment: gender_resnet50_1s
Setting up experiment: gender_resnet50_1s
Creating standard loaders for gender classification (train on both task types)
============================================================
GPU Configuration
============================================================
CUDA Available: True
Available GPUs: 4
Requested GPUs: 4
Using GPUs: 4
Device: cuda
GPU Device IDs: [0, 1, 2, 3]
  GPU 0: NVIDIA L40S
  GPU 1: NVIDIA L40S
  GPU 2: NVIDIA L40S
  GPU 3: NVIDIA L40S
============================================================
Compiling model with torch.compile() for faster execution...
✅ Model compiled successfully
✅ Using CrossEntropyLoss with class_weight=[0.7718887458969161, 1.4194937406301653] (fix imbalanced / collapse)
✅ Using fused Adam optimizer
✅ Mixed precision training (AMP) enabled
✅ Gradient clipping enabled: max_norm=0.2
✅ Learning rate scheduler: factor=0.5, patience=10
✅ Learning rate warmup enabled: 10 epochs
✅ Experiment setup complete

================================================================================
STARTING EXPERIMENT: gender_resnet50_1s
Model: gender_resnet50 | Target: gender
Channels: 60
================================================================================
Training gender_resnet50 for gender classification...
Starting training for gender_resnet50_1s
Model: EEGGenderResNet50
Target: gender
Epochs: 50
Learning rate: 0.0001
------------------------------------------------------------
   No existing checkpoint found. Starting fresh training.
⏳ Loading first batch (batch_size=512, num_workers=16)...

🔄 Starting epoch 1/50
   🔥 Warmup: LR = 0.000010 (target: 0.000100)
  ✅ First batch loaded! (took 822.3s)
  First batch label distribution: class 0: 332, class 1: 180
W0305 14:46:45.497000 2844688 site-packages/torch/_logging/_internal.py:1081] [0/0] Profiler function <class 'torch.autograd.profiler.record_function'> will be ignored
/home/mojtabam/miniconda3/envs/eeg_env/lib/python3.10/site-packages/torch/_dynamo/variables/functions.py:725: UserWarning: Graph break due to unsupported builtin sys._getframe. This function is either a Python builtin (e.g. _warnings.warn) or a third-party C/C++ Python extension (perhaps created with pybind). If it is a Python builtin, please file an issue on GitHub so the PyTorch team can add support for it and see the next case for a workaround. If it is a third-party C/C++ Python extension, please either wrap it into a PyTorch-understood custom operator (see https://pytorch.org/tutorials/advanced/custom_ops_landing_page.html for more details) or, if it is traceable, use torch.compiler.allow_in_graph.
  torch._dynamo.utils.warn_once(msg)
libibverbs: Warning: couldn't load driver 'libvmw_pvrdma-rdmav34.so': libvmw_pvrdma-rdmav34.so: cannot open shared object file: No such file or directory
  Processed 1000 batches, elapsed: 231.3s
  Processed 2000 batches, elapsed: 417.5s
  Processed 3000 batches, elapsed: 602.9s
  Processed 4000 batches, elapsed: 787.9s
  → Epoch   1/50 | Train Loss: 0.6462 | Val Loss: 0.6241 | Train Acc: 0.5181 | Val Acc: 0.6036 | LR: 0.000010 | Time: 1932.08s
New best model saved at epoch 1 in ./final_logs3/checkpoints

🔄 Starting epoch 2/50
  ✅ First batch loaded! (took 5.3s)
  First batch label distribution: class 0: 333, class 1: 179
  Processed 1000 batches, elapsed: 140.8s
  Processed 2000 batches, elapsed: 302.5s
  Processed 3000 batches, elapsed: 469.3s
  Processed 4000 batches, elapsed: 638.8s
  → Epoch   2/50 | Train Loss: 0.5316 | Val Loss: 0.5214 | Train Acc: 0.6722 | Val Acc: 0.7109 | LR: 0.000020 | Time: 808.73s
New best model saved at epoch 2 in ./final_logs3/checkpoints

🔄 Starting epoch 3/50
   🔥 Warmup: LR = 0.000030 (target: 0.000100)
  ✅ First batch loaded! (took 5.5s)
  First batch label distribution: class 0: 332, class 1: 180
  Processed 1000 batches, elapsed: 173.4s
  Processed 2000 batches, elapsed: 356.4s
  Processed 3000 batches, elapsed: 540.0s
  Processed 4000 batches, elapsed: 725.0s
  → Epoch   3/50 | Train Loss: 0.4504 | Val Loss: 0.4740 | Train Acc: 0.7504 | Val Acc: 0.7591 | LR: 0.000030 | Time: 884.39s
New best model saved at epoch 3 in ./final_logs3/checkpoints

🔄 Starting epoch 4/50
  ✅ First batch loaded! (took 5.4s)
  First batch label distribution: class 0: 333, class 1: 179
  Processed 1000 batches, elapsed: 147.6s
  Processed 2000 batches, elapsed: 314.4s
  Processed 3000 batches, elapsed: 486.6s
  Processed 4000 batches, elapsed: 658.6s
  → Epoch   4/50 | Train Loss: 0.4032 | Val Loss: 0.4493 | Train Acc: 0.7869 | Val Acc: 0.7854 | LR: 0.000040 | Time: 826.22s
New best model saved at epoch 4 in ./final_logs3/checkpoints

🔄 Starting epoch 5/50
  ✅ First batch loaded! (took 5.8s)
  First batch label distribution: class 0: 333, class 1: 179
  Processed 1000 batches, elapsed: 177.6s
  Processed 2000 batches, elapsed: 363.5s
  Processed 3000 batches, elapsed: 547.5s
  Processed 4000 batches, elapsed: 733.1s
  → Epoch   5/50 | Train Loss: 0.3693 | Val Loss: 0.4513 | Train Acc: 0.8079 | Val Acc: 0.7941 | LR: 0.000050 | Time: 900.26s

🔄 Starting epoch 6/50
   🔥 Warmup: LR = 0.000060 (target: 0.000100)
  ✅ First batch loaded! (took 5.9s)
  First batch label distribution: class 0: 331, class 1: 181
  Processed 1000 batches, elapsed: 173.8s
  Processed 2000 batches, elapsed: 358.7s
  Processed 3000 batches, elapsed: 544.5s
  Processed 4000 batches, elapsed: 730.6s
  → Epoch   6/50 | Train Loss: 0.3417 | Val Loss: 0.4351 | Train Acc: 0.8232 | Val Acc: 0.8144 | LR: 0.000060 | Time: 895.38s
New best model saved at epoch 6 in ./final_logs3/checkpoints

🔄 Starting epoch 7/50
  ✅ First batch loaded! (took 5.6s)
  First batch label distribution: class 0: 332, class 1: 180
  Processed 1000 batches, elapsed: 174.2s
  Processed 2000 batches, elapsed: 368.8s
  Processed 3000 batches, elapsed: 556.4s
  Processed 4000 batches, elapsed: 740.6s
  → Epoch   7/50 | Train Loss: 0.3173 | Val Loss: 0.4447 | Train Acc: 0.8371 | Val Acc: 0.8113 | LR: 0.000070 | Time: 899.05s

🔄 Starting epoch 8/50
  ✅ First batch loaded! (took 5.8s)
  First batch label distribution: class 0: 333, class 1: 179
  Processed 1000 batches, elapsed: 172.6s
  Processed 2000 batches, elapsed: 361.6s
  Processed 3000 batches, elapsed: 544.0s
  Processed 4000 batches, elapsed: 727.1s
  → Epoch   8/50 | Train Loss: 0.2956 | Val Loss: 0.4437 | Train Acc: 0.8480 | Val Acc: 0.8216 | LR: 0.000080 | Time: 897.57s

🔄 Starting epoch 9/50
   🔥 Warmup: LR = 0.000090 (target: 0.000100)
  ✅ First batch loaded! (took 6.1s)
  First batch label distribution: class 0: 333, class 1: 179
  Processed 1000 batches, elapsed: 137.4s
  Processed 2000 batches, elapsed: 280.2s
  Processed 3000 batches, elapsed: 435.3s
  Processed 4000 batches, elapsed: 591.1s
  → Epoch   9/50 | Train Loss: 0.2767 | Val Loss: 0.4693 | Train Acc: 0.8580 | Val Acc: 0.8246 | LR: 0.000090 | Time: 751.37s

🔄 Starting epoch 10/50
  ✅ First batch loaded! (took 5.8s)
  First batch label distribution: class 0: 334, class 1: 178
  Processed 1000 batches, elapsed: 173.7s
  Processed 2000 batches, elapsed: 364.4s
  Processed 3000 batches, elapsed: 553.5s
  Processed 4000 batches, elapsed: 741.1s
  → Epoch  10/50 | Train Loss: 0.2601 | Val Loss: 0.4858 | Train Acc: 0.8663 | Val Acc: 0.8209 | LR: 0.000100 | Time: 911.37s

🔄 Starting epoch 11/50
  ✅ First batch loaded! (took 5.9s)
  First batch label distribution: class 0: 333, class 1: 179
  Processed 1000 batches, elapsed: 137.7s
  Processed 2000 batches, elapsed: 278.1s
  Processed 3000 batches, elapsed: 429.5s
  Processed 4000 batches, elapsed: 581.3s
  → Epoch  11/50 | Train Loss: 0.2392 | Val Loss: 0.5383 | Train Acc: 0.8775 | Val Acc: 0.8263 | LR: 0.000100 | Time: 744.70s

🔄 Starting epoch 12/50
  ✅ First batch loaded! (took 6.0s)
  First batch label distribution: class 0: 333, class 1: 179
  Processed 1000 batches, elapsed: 173.5s
  Processed 2000 batches, elapsed: 355.6s
  Processed 3000 batches, elapsed: 541.6s
  Processed 4000 batches, elapsed: 727.4s
  → Epoch  12/50 | Train Loss: 0.2191 | Val Loss: 0.5530 | Train Acc: 0.8879 | Val Acc: 0.8210 | LR: 0.000100 | Time: 887.89s

🔄 Starting epoch 13/50
  ✅ First batch loaded! (took 5.8s)
  First batch label distribution: class 0: 333, class 1: 179
  Processed 1000 batches, elapsed: 146.6s
  Processed 2000 batches, elapsed: 313.6s
  Processed 3000 batches, elapsed: 486.9s
  Processed 4000 batches, elapsed: 660.7s
  → Epoch  13/50 | Train Loss: 0.2008 | Val Loss: 0.5956 | Train Acc: 0.8980 | Val Acc: 0.8283 | LR: 0.000100 | Time: 824.30s

🔄 Starting epoch 14/50
  ✅ First batch loaded! (took 6.0s)
  First batch label distribution: class 0: 334, class 1: 178
  Processed 1000 batches, elapsed: 138.1s
  Processed 2000 batches, elapsed: 292.7s
  Processed 3000 batches, elapsed: 454.6s
  Processed 4000 batches, elapsed: 618.4s
  → Epoch  14/50 | Train Loss: 0.1837 | Val Loss: 0.6823 | Train Acc: 0.9074 | Val Acc: 0.8279 | LR: 0.000100 | Time: 790.49s

🔄 Starting epoch 15/50
  ✅ First batch loaded! (took 5.9s)
  First batch label distribution: class 0: 334, class 1: 178
  Processed 1000 batches, elapsed: 153.8s
  Processed 2000 batches, elapsed: 325.0s
  Processed 3000 batches, elapsed: 501.0s
  Processed 4000 batches, elapsed: 678.2s
  → Epoch  15/50 | Train Loss: 0.1684 | Val Loss: 0.6858 | Train Acc: 0.9160 | Val Acc: 0.8180 | LR: 0.000100 | Time: 838.25s

🔄 Starting epoch 16/50
  ✅ First batch loaded! (took 5.9s)
  First batch label distribution: class 0: 335, class 1: 177
  Processed 1000 batches, elapsed: 175.6s
  Processed 2000 batches, elapsed: 359.6s
  Processed 3000 batches, elapsed: 547.0s
  Processed 4000 batches, elapsed: 733.2s
  → Epoch  16/50 | Train Loss: 0.1549 | Val Loss: 0.7657 | Train Acc: 0.9235 | Val Acc: 0.8274 | LR: 0.000100 | Time: 898.88s
Early stopping at epoch 16 (patience: 10)
Last model saved at epoch 16 in ./final_logs3/checkpoints

Training completed in 14693.78s
Best validation loss: 0.4351 at epoch 6
✅ Training completed
   Training metrics saved to: ./final_logs3/gender_resnet50_1s/gender_resnet50_1s_training_metrics.json
Evaluating gender_resnet50 on gender classification...
? Loaded checkpoint from ./final_logs3/checkpoints/gender_resnet50_1s_best.pth
✅ Evaluation completed
   Accuracy: 0.8039
   F1-Score: 0.8074
   Evaluation time: 205.71s
   Evaluation results saved to: ./final_logs3/gender_resnet50_1s

Evaluating separately by task type...

============================================================
Evaluating on active tasks...
============================================================

ACTIVE Task Results:
  Accuracy: 0.8338
  F1-Score (weighted): 0.8362
  ROC-AUC: 0.9163
  Number of samples: 69183

============================================================
Evaluating on passive tasks...
============================================================

PASSIVE Task Results:
  Accuracy: 0.7988
  F1-Score (weighted): 0.8025
  ROC-AUC: 0.8893
  Number of samples: 407568

============================================================
Task Type Comparison:
============================================================
  ACTIVE: Accuracy = 0.8338, F1 = 0.8362
  PASSIVE: Accuracy = 0.7988, F1 = 0.8025
   Evaluation results saved to: ./final_logs3/gender_resnet50_1s_task_active
   Evaluation results saved to: ./final_logs3/gender_resnet50_1s_task_passive
  ACTIVE tasks: Accuracy = 0.8338, F1-Score = 0.8362
  PASSIVE tasks: Accuracy = 0.7988, F1-Score = 0.8025

✅ Experiment 'gender_resnet50_1s' completed successfully!
   Total time: 15449.46s
   Training time: 14693.79s
   Evaluation time: 755.67s
   Accuracy: 0.8039
   Result saved to: ./final_logs3/gender_resnet50_1s/gender_resnet50_1s_result.json
✅ Experiment completed: gender_resnet50_1s

========================================================================================================================
MODEL COMPARISON
========================================================================================================================
Model                Target     Accuracy   F1-Score   Time (s)   Description                                       
------------------------------------------------------------------------------------------------------------------------
gender_resnet50      gender     0.8039     0.8074     755.67     ResNet50 gender classification with 1s segme...   

Best Model: gender_resnet50 (Accuracy: 0.8039)
========================================================================================================================
Generating comprehensive reports...
CSV summary saved to: ./final_logs3/experiment_results.csv
Reports generated in: ./final_logs3
Reports generated in: ./final_logs3

================================================================================
ALL EXPERIMENTS COMPLETED
Results saved to: ./final_logs3
================================================================================

================================================================================
EXPERIMENT COMPLETED SUCCESSFULLY!
================================================================================
Results saved to: ./final_logs3/gender_resnet50_1s/
Reports generated in: ./final_logs3/

Overall Test Set Metrics:
  Accuracy: 0.8039
  F1-Score (weighted): 0.8074

Task-Specific Metrics:
  Active Tasks:
    Accuracy: 0.8338
    F1-Score: 0.8362
  Passive Tasks:
    Accuracy: 0.7988
    F1-Score: 0.8025
================================================================================
