(eeg_env) mojtabam@kn081:~/projects/aip-aghodsib/mojtabam/EEG$ CUDA_VISIBLE_DEVICES=1,2,3 python -m CNN.resnet.run_resnet_gender --mode 1s --resnet_type 18 --eval_only --aggregate_by_participant majority_vote --checkpoint final_logs/checkpoints/gender_resnet18_1s_best.pth --results_dir final_logs_majority --data_path ~/scratch/processed_eeg_data_hdf5
================================================================================
RESNET18 GENDER CLASSIFICATION EXPERIMENT
================================================================================
Model: ResNet18
Task: Gender Classification (2 classes)
Mode: 1s (EEG segment length)
Results directory: final_logs_majority
Reports directory: reports
Epochs: 50, Learning rate: 0.0001
Batch size: 512 (auto-selected), Random seed: 42
Number of GPUs: 3
Using data path (override): /home/mojtabam/scratch/processed_eeg_data_hdf5
Number of workers: 16
================================================================================
Evaluation will use participant-level aggregation: majority_vote

Starting ResNet18 gender classification experiment...
Experiment name: gender_resnet18_1s
Model type: gender_resnet
Training: Both active and passive tasks
Evaluation: Separate accuracy reports for active and passive tasks
--------------------------------------------------------------------------------

================================================================================
STARTING EXPERIMENTS
Number of experiments: 1
Random seed: 42
Results directory: final_logs_majority
Generate reports: True
Mode: EVAL ONLY (load checkpoint, no training)
================================================================================

Progress: 1/1
Experiment: gender_resnet18_1s
Setting up experiment: gender_resnet18_1s
Creating loaders for evaluation only (skipping stratified train-batch scan).
============================================================
GPU Configuration
============================================================
CUDA Available: True
Available GPUs: 3
Requested GPUs: 3
Using GPUs: 3
Device: cuda
GPU Device IDs: [0, 1, 2]
  GPU 0: NVIDIA L40S
  GPU 1: NVIDIA L40S
  GPU 2: NVIDIA L40S
============================================================
Compiling model with torch.compile() for faster execution...
✅ Model compiled successfully
✅ Using CrossEntropyLoss with class_weight=[0.7718887458969161, 1.4194937406301653] (fix imbalanced / collapse)
✅ Using fused Adam optimizer
✅ Mixed precision training (AMP) enabled
✅ Gradient clipping enabled: max_norm=0.2
✅ Learning rate scheduler: factor=0.5, patience=10
✅ Learning rate warmup enabled: 10 epochs
✅ Experiment setup complete

================================================================================
STARTING EXPERIMENT: gender_resnet18_1s
Model: gender_resnet | Target: gender
Channels: 60
================================================================================
Evaluating gender_resnet on gender classification...
? Loaded checkpoint from final_logs/checkpoints/gender_resnet18_1s_best.pth
✅ Evaluation completed
   Accuracy: 0.8517
   F1-Score: 0.8546
   Evaluation time: 333.62s
   Evaluation results saved to: final_logs_majority/gender_resnet18_1s

Evaluating separately by task type...

============================================================
Evaluating on active tasks...
============================================================

ACTIVE Task Results:
  Accuracy: 0.8750
  F1-Score (weighted): 0.8769
  ROC-AUC: 0.9439
  Number of samples: 360

============================================================
Evaluating on passive tasks...
============================================================

PASSIVE Task Results:
  Accuracy: 0.8514
  F1-Score (weighted): 0.8544
  ROC-AUC: 0.9432
  Number of samples: 471

============================================================
Task Type Comparison:
============================================================
  ACTIVE: Accuracy = 0.8750, F1 = 0.8769
  PASSIVE: Accuracy = 0.8514, F1 = 0.8544
   Evaluation results saved to: final_logs_majority/gender_resnet18_1s_task_active
   Evaluation results saved to: final_logs_majority/gender_resnet18_1s_task_passive
  ACTIVE tasks: Accuracy = 0.8750, F1-Score = 0.8769
  PASSIVE tasks: Accuracy = 0.8514, F1-Score = 0.8544

✅ Experiment 'gender_resnet18_1s' completed successfully!
   Total time: 1093.54s
   Training time: 0.00s
   Evaluation time: 1093.54s
   Segment-level (per-window):  Accuracy: 0.7847
   Participant (mean prob):     Accuracy: 0.8538
   Participant (majority vote): Accuracy: 0.8517
   Result saved to: final_logs_majority/gender_resnet18_1s/gender_resnet18_1s_result.json
✅ Experiment completed: gender_resnet18_1s

========================================================================================================================
MODEL COMPARISON
========================================================================================================================
Model                Target     Accuracy   F1-Score   Time (s)   Description
------------------------------------------------------------------------------------------------------------------------
gender_resnet        gender     0.8517     0.8546     1093.54    ResNet18 gender classification with 1s segme...

Best Model: gender_resnet (Accuracy: 0.8517)
========================================================================================================================
Generating comprehensive reports...
CSV summary saved to: reports/experiment_results.csv
Reports generated in: reports
Reports generated in: reports

================================================================================
ALL EXPERIMENTS COMPLETED
Results saved to: final_logs_majority
================================================================================

================================================================================
EXPERIMENT COMPLETED SUCCESSFULLY!
================================================================================
Results saved to: final_logs_majority/gender_resnet18_1s/
Reports generated in: reports/

Overall Test Set Metrics:
  Accuracy: 0.8517
  F1-Score (weighted): 0.8546

Task-Specific Metrics:
  Active Tasks:
    Accuracy: 0.8750
    F1-Score: 0.8769
  Passive Tasks:
    Accuracy: 0.8514
    F1-Score: 0.8544
================================================================================