================================================================================
RESNET18 GENDER CLASSIFICATION EXPERIMENT
================================================================================
Model: ResNet18
Task: Gender Classification (2 classes)
Mode: 2s (EEG segment length)
Results directory: final_logs_majority
Reports directory: final_logs_majority/gender_resnet18_2s/reports
Epochs: 50, Learning rate: 0.0001
Batch size: 192 (auto-selected), Random seed: 42
Number of GPUs: 1
Using data path (override): /home/mojtabam/scratch/processed_eeg_data_hdf5
Number of workers: 6
================================================================================
Evaluation will use participant-level aggregation: majority_vote

Starting ResNet18 gender classification experiment...
Experiment name: gender_resnet18_2s
Model type: gender_resnet
Training: Both active and passive tasks
Evaluation: Separate accuracy reports for active and passive tasks
--------------------------------------------------------------------------------

================================================================================
STARTING EXPERIMENTS
Number of experiments: 1
Random seed: 42
Results directory: final_logs_majority
Generate reports: True
Mode: EVAL ONLY (load checkpoint, no training)
================================================================================

Progress: 1/1
Experiment: gender_resnet18_2s
Setting up experiment: gender_resnet18_2s
Creating loaders for evaluation only (skipping stratified train-batch scan).
============================================================
GPU Configuration
============================================================
CUDA Available: True
Available GPUs: 1
Requested GPUs: 1
Using GPUs: 1
Device: cuda
GPU Device IDs: [0]
  GPU 0: NVIDIA L40S
============================================================
Compiling model with torch.compile() for faster execution...
✅ Model compiled successfully
✅ Using CrossEntropyLoss with class_weight=[0.7718490501136646, 1.4196280064082287] (fix imbalanced / collapse)
✅ Using fused Adam optimizer
✅ Mixed precision training (AMP) enabled
✅ Gradient clipping enabled: max_norm=0.2
✅ Learning rate scheduler: factor=0.5, patience=10
✅ Learning rate warmup enabled: 10 epochs
✅ Experiment setup complete

================================================================================
STARTING EXPERIMENT: gender_resnet18_2s
Model: gender_resnet | Target: gender
Channels: 60
================================================================================
Evaluating gender_resnet on gender classification...
? Loaded checkpoint from final_logs/checkpoints/gender_resnet18_2s_best.pth
✅ Evaluation completed
   Accuracy: 0.8771
   F1-Score: 0.8791
   Evaluation time: 202.95s
   Evaluation results saved to: final_logs_majority/gender_resnet18_2s

Evaluating separately by task type...

============================================================
Evaluating on active tasks...
============================================================

ACTIVE Task Results:
  Accuracy: 0.8806
  F1-Score (weighted): 0.8818
  ROC-AUC: 0.9499
  Number of samples: 360

============================================================
Evaluating on passive tasks...
============================================================

PASSIVE Task Results:
  Accuracy: 0.8726
  F1-Score (weighted): 0.8747
  ROC-AUC: 0.9524
  Number of samples: 471

============================================================
Task Type Comparison:
============================================================
  ACTIVE: Accuracy = 0.8806, F1 = 0.8818
  PASSIVE: Accuracy = 0.8726, F1 = 0.8747
   Evaluation results saved to: final_logs_majority/gender_resnet18_2s_task_active
   Evaluation results saved to: final_logs_majority/gender_resnet18_2s_task_passive
  ACTIVE tasks: Accuracy = 0.8806, F1-Score = 0.8818
  PASSIVE tasks: Accuracy = 0.8726, F1-Score = 0.8747

✅ Experiment 'gender_resnet18_2s' completed successfully!
   Total time: 605.61s
   Training time: 0.00s
   Evaluation time: 605.61s
   Segment-level (per-window):  Accuracy: 0.8113
   Participant (mean prob):     Accuracy: 0.8814
   Participant (majority vote): Accuracy: 0.8771
   Result saved to: final_logs_majority/gender_resnet18_2s/gender_resnet18_2s_result.json
✅ Experiment completed: gender_resnet18_2s

========================================================================================================================
MODEL COMPARISON
========================================================================================================================
Model                Target     Accuracy   F1-Score   Time (s)   Description                                       
------------------------------------------------------------------------------------------------------------------------
gender_resnet        gender     0.8771     0.8791     605.61     ResNet18 gender classification with 2s segme...   

Best Model: gender_resnet (Accuracy: 0.8771)
========================================================================================================================
Generating comprehensive reports...
CSV summary saved to: final_logs_majority/gender_resnet18_2s/reports/experiment_results.csv
Reports generated in: final_logs_majority/gender_resnet18_2s/reports
Reports generated in: final_logs_majority/gender_resnet18_2s/reports

================================================================================
ALL EXPERIMENTS COMPLETED
Results saved to: final_logs_majority
================================================================================

================================================================================
EXPERIMENT COMPLETED SUCCESSFULLY!
================================================================================
Results saved to: final_logs_majority/gender_resnet18_2s/
Reports generated in: final_logs_majority/gender_resnet18_2s/reports/

Overall Test Set Metrics:
  Accuracy: 0.8771
  F1-Score (weighted): 0.8791

Task-Specific Metrics:
  Active Tasks:
    Accuracy: 0.8806
    F1-Score: 0.8818
  Passive Tasks:
    Accuracy: 0.8726
    F1-Score: 0.8747
================================================================================
