================================================================================
RESNET18 GENDER CLASSIFICATION EXPERIMENT
================================================================================
Model: ResNet18
Task: Gender Classification (2 classes)
Mode: 1s (EEG segment length)
Results directory: ./final_logs
Reports directory: ./final_logs
Epochs: 50, Learning rate: 0.0001
Batch size: 512 (auto-selected), Random seed: 42
Number of GPUs: 4
Stratified train batches disabled (--no_stratified); using class weights in loss.
Number of workers: 16
================================================================================

Starting ResNet18 gender classification experiment...
Experiment name: gender_resnet18_1s
Model type: gender_resnet
Training: Both active and passive tasks
Evaluation: Separate accuracy reports for active and passive tasks
--------------------------------------------------------------------------------

================================================================================
STARTING EXPERIMENTS
Number of experiments: 1
Random seed: 42
Results directory: ./final_logs
Generate reports: True
================================================================================

Progress: 1/1
Experiment: gender_resnet18_1s
Setting up experiment: gender_resnet18_1s
Creating standard loaders for gender classification (train on both task types)
============================================================
GPU Configuration
============================================================
CUDA Available: True
Available GPUs: 4
Requested GPUs: 4
Using GPUs: 4
Device: cuda
GPU Device IDs: [0, 1, 2, 3]
  GPU 0: NVIDIA L40S
  GPU 1: NVIDIA L40S
  GPU 2: NVIDIA L40S
  GPU 3: NVIDIA L40S
============================================================
Compiling model with torch.compile() for faster execution...
✅ Model compiled successfully
✅ Using CrossEntropyLoss with class_weight=[0.7718887458969161, 1.4194937406301653] (fix imbalanced / collapse)
✅ Using fused Adam optimizer
✅ Mixed precision training (AMP) enabled
✅ Gradient clipping enabled: max_norm=0.2
✅ Learning rate scheduler: factor=0.5, patience=10
✅ Learning rate warmup enabled: 10 epochs
✅ Experiment setup complete

================================================================================
STARTING EXPERIMENT: gender_resnet18_1s
Model: gender_resnet | Target: gender
Channels: 60
================================================================================
Training gender_resnet for gender classification...
Starting training for gender_resnet18_1s
Model: EEGGenderResNet
Target: gender
Epochs: 50
Learning rate: 0.0001
------------------------------------------------------------
   No existing checkpoint found. Starting fresh training.
⏳ Loading first batch (batch_size=512, num_workers=16)...

🔄 Starting epoch 1/50
   🔥 Warmup: LR = 0.000010 (target: 0.000100)
  ✅ First batch loaded! (took 910.4s)
  First batch label distribution: class 0: 332, class 1: 180
W0304 22:07:48.968000 1640715 site-packages/torch/_logging/_internal.py:1081] [0/0] Profiler function <class 'torch.autograd.profiler.record_function'> will be ignored
/home/mojtabam/miniconda3/envs/eeg_env/lib/python3.10/site-packages/torch/_dynamo/variables/functions.py:725: UserWarning: Graph break due to unsupported builtin sys._getframe. This function is either a Python builtin (e.g. _warnings.warn) or a third-party C/C++ Python extension (perhaps created with pybind). If it is a Python builtin, please file an issue on GitHub so the PyTorch team can add support for it and see the next case for a workaround. If it is a third-party C/C++ Python extension, please either wrap it into a PyTorch-understood custom operator (see https://pytorch.org/tutorials/advanced/custom_ops_landing_page.html for more details) or, if it is traceable, use torch.compiler.allow_in_graph.
  torch._dynamo.utils.warn_once(msg)
libibverbs: Warning: couldn't load driver 'libvmw_pvrdma-rdmav34.so': libvmw_pvrdma-rdmav34.so: cannot open shared object file: No such file or directory
  Processed 1000 batches, elapsed: 129.4s
  Processed 2000 batches, elapsed: 194.9s
  Processed 3000 batches, elapsed: 263.1s
  Processed 4000 batches, elapsed: 333.4s
  → Epoch   1/50 | Train Loss: 0.5695 | Val Loss: 0.5314 | Train Acc: 0.6311 | Val Acc: 0.7000 | LR: 0.000010 | Time: 1497.19s
New best model saved at epoch 1 in ./final_logs/checkpoints

🔄 Starting epoch 2/50
  ✅ First batch loaded! (took 5.4s)
  First batch label distribution: class 0: 333, class 1: 179
  Processed 1000 batches, elapsed: 130.9s
  Processed 2000 batches, elapsed: 238.6s
  Processed 3000 batches, elapsed: 333.3s
  Processed 4000 batches, elapsed: 418.2s
  → Epoch   2/50 | Train Loss: 0.4626 | Val Loss: 0.4755 | Train Acc: 0.7388 | Val Acc: 0.7560 | LR: 0.000020 | Time: 502.18s
New best model saved at epoch 2 in ./final_logs/checkpoints

🔄 Starting epoch 3/50
   🔥 Warmup: LR = 0.000030 (target: 0.000100)
  ✅ First batch loaded! (took 5.4s)
  First batch label distribution: class 0: 332, class 1: 180
  Processed 1000 batches, elapsed: 141.0s
  Processed 2000 batches, elapsed: 258.1s
  Processed 3000 batches, elapsed: 358.0s
  Processed 4000 batches, elapsed: 450.1s
  → Epoch   3/50 | Train Loss: 0.4042 | Val Loss: 0.4438 | Train Acc: 0.7854 | Val Acc: 0.7891 | LR: 0.000030 | Time: 543.73s
New best model saved at epoch 3 in ./final_logs/checkpoints

🔄 Starting epoch 4/50
  ✅ First batch loaded! (took 5.7s)
  First batch label distribution: class 0: 333, class 1: 179
  Processed 1000 batches, elapsed: 139.1s
  Processed 2000 batches, elapsed: 256.0s
  Processed 3000 batches, elapsed: 356.7s
  Processed 4000 batches, elapsed: 446.0s
  → Epoch   4/50 | Train Loss: 0.3650 | Val Loss: 0.4342 | Train Acc: 0.8109 | Val Acc: 0.8015 | LR: 0.000040 | Time: 538.39s
New best model saved at epoch 4 in ./final_logs/checkpoints

🔄 Starting epoch 5/50
  ✅ First batch loaded! (took 5.7s)
  First batch label distribution: class 0: 333, class 1: 179
  Processed 1000 batches, elapsed: 135.1s
  Processed 2000 batches, elapsed: 247.7s
  Processed 3000 batches, elapsed: 346.5s
  Processed 4000 batches, elapsed: 433.8s
  → Epoch   5/50 | Train Loss: 0.3336 | Val Loss: 0.4545 | Train Acc: 0.8287 | Val Acc: 0.8008 | LR: 0.000050 | Time: 519.36s

🔄 Starting epoch 6/50
   🔥 Warmup: LR = 0.000060 (target: 0.000100)
  ✅ First batch loaded! (took 5.8s)
  First batch label distribution: class 0: 331, class 1: 181
  Processed 1000 batches, elapsed: 139.2s
  Processed 2000 batches, elapsed: 256.3s
  Processed 3000 batches, elapsed: 356.1s
  Processed 4000 batches, elapsed: 445.4s
  → Epoch   6/50 | Train Loss: 0.3068 | Val Loss: 0.4660 | Train Acc: 0.8423 | Val Acc: 0.8011 | LR: 0.000060 | Time: 538.81s

🔄 Starting epoch 7/50
  ✅ First batch loaded! (took 5.3s)
  First batch label distribution: class 0: 332, class 1: 180
  Processed 1000 batches, elapsed: 138.9s
  Processed 2000 batches, elapsed: 254.8s
  Processed 3000 batches, elapsed: 356.5s
  Processed 4000 batches, elapsed: 446.2s
  → Epoch   7/50 | Train Loss: 0.2836 | Val Loss: 0.4698 | Train Acc: 0.8540 | Val Acc: 0.8162 | LR: 0.000070 | Time: 541.22s

🔄 Starting epoch 8/50
  ✅ First batch loaded! (took 5.4s)
  First batch label distribution: class 0: 333, class 1: 179
  Processed 1000 batches, elapsed: 130.5s
  Processed 2000 batches, elapsed: 239.7s
  Processed 3000 batches, elapsed: 334.2s
  Processed 4000 batches, elapsed: 419.3s
  → Epoch   8/50 | Train Loss: 0.2648 | Val Loss: 0.5011 | Train Acc: 0.8632 | Val Acc: 0.8119 | LR: 0.000080 | Time: 504.12s

🔄 Starting epoch 9/50
   🔥 Warmup: LR = 0.000090 (target: 0.000100)
  ✅ First batch loaded! (took 5.8s)
  First batch label distribution: class 0: 333, class 1: 179
  Processed 1000 batches, elapsed: 133.7s
  Processed 2000 batches, elapsed: 245.3s
  Processed 3000 batches, elapsed: 341.4s
  Processed 4000 batches, elapsed: 428.7s
  → Epoch   9/50 | Train Loss: 0.2500 | Val Loss: 0.5219 | Train Acc: 0.8708 | Val Acc: 0.8051 | LR: 0.000090 | Time: 514.97s

🔄 Starting epoch 10/50
  ✅ First batch loaded! (took 5.6s)
  First batch label distribution: class 0: 334, class 1: 178
  Processed 1000 batches, elapsed: 138.7s
  Processed 2000 batches, elapsed: 252.9s
  Processed 3000 batches, elapsed: 353.9s
  Processed 4000 batches, elapsed: 444.8s
  → Epoch  10/50 | Train Loss: 0.2381 | Val Loss: 0.5384 | Train Acc: 0.8773 | Val Acc: 0.8206 | LR: 0.000100 | Time: 538.39s

🔄 Starting epoch 11/50
  ✅ First batch loaded! (took 5.4s)
  First batch label distribution: class 0: 333, class 1: 179
  Processed 1000 batches, elapsed: 139.3s
  Processed 2000 batches, elapsed: 255.3s
  Processed 3000 batches, elapsed: 353.7s
  Processed 4000 batches, elapsed: 442.7s
  → Epoch  11/50 | Train Loss: 0.2203 | Val Loss: 0.5783 | Train Acc: 0.8872 | Val Acc: 0.8284 | LR: 0.000100 | Time: 536.53s

🔄 Starting epoch 12/50
  ✅ First batch loaded! (took 5.8s)
  First batch label distribution: class 0: 333, class 1: 179
  Processed 1000 batches, elapsed: 139.4s
  Processed 2000 batches, elapsed: 255.4s
  Processed 3000 batches, elapsed: 356.0s
  Processed 4000 batches, elapsed: 446.4s
  → Epoch  12/50 | Train Loss: 0.2023 | Val Loss: 0.6132 | Train Acc: 0.8974 | Val Acc: 0.8266 | LR: 0.000100 | Time: 532.55s

🔄 Starting epoch 13/50
  ✅ First batch loaded! (took 5.4s)
  First batch label distribution: class 0: 333, class 1: 179
  Processed 1000 batches, elapsed: 138.6s
  Processed 2000 batches, elapsed: 255.4s
  Processed 3000 batches, elapsed: 355.9s
  Processed 4000 batches, elapsed: 446.9s
  → Epoch  13/50 | Train Loss: 0.1863 | Val Loss: 0.6332 | Train Acc: 0.9066 | Val Acc: 0.7843 | LR: 0.000100 | Time: 539.57s

🔄 Starting epoch 14/50
  ✅ First batch loaded! (took 5.4s)
  First batch label distribution: class 0: 334, class 1: 178
  Processed 1000 batches, elapsed: 138.7s
  Processed 2000 batches, elapsed: 253.9s
  Processed 3000 batches, elapsed: 353.8s
  Processed 4000 batches, elapsed: 443.8s
  → Epoch  14/50 | Train Loss: 0.1717 | Val Loss: 0.6963 | Train Acc: 0.9154 | Val Acc: 0.8306 | LR: 0.000100 | Time: 538.32s
Early stopping at epoch 14 (patience: 10)
Last model saved at epoch 14 in ./final_logs/checkpoints

Training completed in 8386.18s
Best validation loss: 0.4342 at epoch 4
✅ Training completed
   Training metrics saved to: ./final_logs/gender_resnet18_1s/gender_resnet18_1s_training_metrics.json
Evaluating gender_resnet on gender classification...
? Loaded checkpoint from ./final_logs/checkpoints/gender_resnet18_1s_best.pth
✅ Evaluation completed
   Accuracy: 0.7847
   F1-Score: 0.7892
   Evaluation time: 195.89s
   Evaluation results saved to: ./final_logs/gender_resnet18_1s

Evaluating separately by task type...

============================================================
Evaluating on active tasks...
============================================================

ACTIVE Task Results:
  Accuracy: 0.8124
  F1-Score (weighted): 0.8159
  ROC-AUC: 0.9103
  Number of samples: 69183

============================================================
Evaluating on passive tasks...
============================================================

PASSIVE Task Results:
  Accuracy: 0.7800
  F1-Score (weighted): 0.7846
  ROC-AUC: 0.8843
  Number of samples: 407568

============================================================
Task Type Comparison:
============================================================
  ACTIVE: Accuracy = 0.8124, F1 = 0.8159
  PASSIVE: Accuracy = 0.7800, F1 = 0.7846
   Evaluation results saved to: ./final_logs/gender_resnet18_1s_task_active
   Evaluation results saved to: ./final_logs/gender_resnet18_1s_task_passive
  ACTIVE tasks: Accuracy = 0.8124, F1-Score = 0.8159
  PASSIVE tasks: Accuracy = 0.7800, F1-Score = 0.7846

✅ Experiment 'gender_resnet18_1s' completed successfully!
   Total time: 9130.43s
   Training time: 8386.19s
   Evaluation time: 744.24s
   Accuracy: 0.7847
   Result saved to: ./final_logs/gender_resnet18_1s/gender_resnet18_1s_result.json
✅ Experiment completed: gender_resnet18_1s

========================================================================================================================
MODEL COMPARISON
========================================================================================================================
Model                Target     Accuracy   F1-Score   Time (s)   Description                                       
------------------------------------------------------------------------------------------------------------------------
gender_resnet        gender     0.7847     0.7892     744.24     ResNet18 gender classification with 1s segme...   

Best Model: gender_resnet (Accuracy: 0.7847)
========================================================================================================================
Generating comprehensive reports...
CSV summary saved to: ./final_logs/experiment_results.csv
Reports generated in: ./final_logs
Reports generated in: ./final_logs

================================================================================
ALL EXPERIMENTS COMPLETED
Results saved to: ./final_logs
================================================================================

================================================================================
EXPERIMENT COMPLETED SUCCESSFULLY!
================================================================================
Results saved to: ./final_logs/gender_resnet18_1s/
Reports generated in: ./final_logs/

Overall Test Set Metrics:
  Accuracy: 0.7847
  F1-Score (weighted): 0.7892

Task-Specific Metrics:
  Active Tasks:
    Accuracy: 0.8124
    F1-Score: 0.8159
  Passive Tasks:
    Accuracy: 0.7800
    F1-Score: 0.7846
================================================================================
