================================================================================
RESNET34 AGE CLASSIFICATION EXPERIMENT
================================================================================
Model: ResNet34
Task: Age Classification (3 classes)
Mode: 4s (EEG segment length)
Results directory: final_logs_majority
Reports directory: final_logs_majority/age_resnet34_4s/reports
Epochs: 50, Learning rate: 0.0001
Batch size: 128 (auto-selected), Random seed: 42
Number of GPUs: 1
Using data path (override): /home/mojtabam/scratch/processed_eeg_data_hdf5
Number of workers: 4
================================================================================
Evaluation will use participant-level aggregation: majority_vote

Starting ResNet34 age classification experiment...
Experiment name: age_resnet34_4s
Model type: age_resnet34
Training: Both active and passive tasks
Evaluation: Separate accuracy reports for active and passive tasks
--------------------------------------------------------------------------------

================================================================================
STARTING EXPERIMENTS
Number of experiments: 1
Random seed: 42
Results directory: final_logs_majority
Generate reports: True
Mode: EVAL ONLY (load checkpoint, no training)
================================================================================

Progress: 1/1
Experiment: age_resnet34_4s
Setting up experiment: age_resnet34_4s
Creating loaders for evaluation only (skipping stratified train-batch scan).
============================================================
GPU Configuration
============================================================
CUDA Available: True
Available GPUs: 1
Requested GPUs: 1
Using GPUs: 1
Device: cuda
GPU Device IDs: [0]
  GPU 0: NVIDIA L40S
============================================================
Compiling model with torch.compile() for faster execution...
✅ Model compiled successfully
✅ Using CrossEntropyLoss with class_weight=[0.9730108330220396, 0.8095099353184546, 1.3569498258066617] (fix imbalanced / collapse)
✅ Using fused Adam optimizer
✅ Mixed precision training (AMP) enabled
✅ Gradient clipping enabled: max_norm=0.2
✅ Learning rate scheduler: factor=0.5, patience=10
✅ Learning rate warmup enabled: 10 epochs
✅ Experiment setup complete

================================================================================
STARTING EXPERIMENT: age_resnet34_4s
Model: age_resnet34 | Target: age
Channels: 60
================================================================================
Evaluating age_resnet34 on age classification...
? Loaded checkpoint from final_logs/checkpoints/age_resnet34_4s_best.pth
✅ Evaluation completed
   Accuracy: 0.5275
   F1-Score: 0.3983
   Evaluation time: 162.17s
   Evaluation results saved to: final_logs_majority/age_resnet34_4s

Evaluating separately by task type...

============================================================
Evaluating on active tasks...
============================================================

ACTIVE Task Results:
  Accuracy: 0.5167
  F1-Score (weighted): 0.3875
  ROC-AUC: 0.7902
  Number of samples: 360

============================================================
Evaluating on passive tasks...
============================================================

PASSIVE Task Results:
  Accuracy: 0.5287
  F1-Score (weighted): 0.3998
  ROC-AUC: 0.8034
  Number of samples: 471

============================================================
Task Type Comparison:
============================================================
  ACTIVE: Accuracy = 0.5167, F1 = 0.3875
  PASSIVE: Accuracy = 0.5287, F1 = 0.3998
   Evaluation results saved to: final_logs_majority/age_resnet34_4s_task_active
   Evaluation results saved to: final_logs_majority/age_resnet34_4s_task_passive
  ACTIVE tasks: Accuracy = 0.5167, F1-Score = 0.3875
  PASSIVE tasks: Accuracy = 0.5287, F1-Score = 0.3998

✅ Experiment 'age_resnet34_4s' completed successfully!
   Total time: 436.02s
   Training time: 0.00s
   Evaluation time: 436.02s
   Segment-level (per-window):  Accuracy: 0.4977
   Participant (mean prob):     Accuracy: 0.5403
   Participant (majority vote): Accuracy: 0.5275
   Result saved to: final_logs_majority/age_resnet34_4s/age_resnet34_4s_result.json
✅ Experiment completed: age_resnet34_4s

========================================================================================================================
MODEL COMPARISON
========================================================================================================================
Model                Target     Accuracy   F1-Score   Time (s)   Description                                       
------------------------------------------------------------------------------------------------------------------------
age_resnet34         age        0.5275     0.3983     436.02     ResNet34 age classification with 4s segments...   

Best Model: age_resnet34 (Accuracy: 0.5275)
========================================================================================================================
Generating comprehensive reports...
CSV summary saved to: final_logs_majority/age_resnet34_4s/reports/experiment_results.csv
Reports generated in: final_logs_majority/age_resnet34_4s/reports
Reports generated in: final_logs_majority/age_resnet34_4s/reports

================================================================================
ALL EXPERIMENTS COMPLETED
Results saved to: final_logs_majority
================================================================================

================================================================================
EXPERIMENT COMPLETED SUCCESSFULLY!
================================================================================
Results saved to: final_logs_majority/age_resnet34_4s/
Reports generated in: final_logs_majority/age_resnet34_4s/reports/

Overall Test Set Metrics:
  Accuracy: 0.5275
  F1-Score (weighted): 0.3983

Task-Specific Metrics:
  Active Tasks:
    Accuracy: 0.5167
    F1-Score: 0.3875
  Passive Tasks:
    Accuracy: 0.5287
    F1-Score: 0.3998
================================================================================
