================================================================================
RESNET34 AGE CLASSIFICATION EXPERIMENT
================================================================================
Model: ResNet34
Task: Age Classification (3 classes)
Mode: 4s (EEG segment length)
Results directory: ./final_logs11
Reports directory: ./final_logs11
Epochs: 50, Learning rate: 0.0001
Batch size: 128 (auto-selected), Random seed: 42
Number of GPUs: 4
Stratified train batches disabled (--no_stratified); using class weights in loss.
Number of workers: 8
================================================================================

Starting ResNet34 age classification experiment...
Experiment name: age_resnet34_4s
Model type: age_resnet34
Training: Both active and passive tasks
Evaluation: Separate accuracy reports for active and passive tasks
--------------------------------------------------------------------------------

================================================================================
STARTING EXPERIMENTS
Number of experiments: 1
Random seed: 42
Results directory: ./final_logs11
Generate reports: True
================================================================================

Progress: 1/1
Experiment: age_resnet34_4s
Setting up experiment: age_resnet34_4s
Creating standard loaders for age classification (train on both task types)
============================================================
GPU Configuration
============================================================
CUDA Available: True
Available GPUs: 4
Requested GPUs: 4
Using GPUs: 4
Device: cuda
GPU Device IDs: [0, 1, 2, 3]
  GPU 0: NVIDIA L40S
  GPU 1: NVIDIA L40S
  GPU 2: NVIDIA L40S
  GPU 3: NVIDIA L40S
============================================================
Compiling model with torch.compile() for faster execution...
✅ Model compiled successfully
✅ Using CrossEntropyLoss with class_weight=[0.9730108330220396, 0.8095099353184546, 1.3569498258066617] (fix imbalanced / collapse)
✅ Using fused Adam optimizer
✅ Mixed precision training (AMP) enabled
✅ Gradient clipping enabled: max_norm=0.2
✅ Learning rate scheduler: factor=0.5, patience=10
✅ Learning rate warmup enabled: 10 epochs
✅ Experiment setup complete

================================================================================
STARTING EXPERIMENT: age_resnet34_4s
Model: age_resnet34 | Target: age
Channels: 60
================================================================================
Training age_resnet34 for age classification...
Starting training for age_resnet34_4s
Model: EEGAgeResNet34
Target: age
Epochs: 50
Learning rate: 0.0001
------------------------------------------------------------
   No existing checkpoint found. Starting fresh training.
⏳ Loading first batch (batch_size=128, num_workers=8)...

🔄 Starting epoch 1/50
   🔥 Warmup: LR = 0.000010 (target: 0.000100)
  ✅ First batch loaded! (took 267.0s)
  First batch label distribution: class 0: 45, class 1: 58, class 2: 25
W0306 17:21:15.618000 407646 site-packages/torch/_logging/_internal.py:1081] [0/0] Profiler function <class 'torch.autograd.profiler.record_function'> will be ignored
/home/mojtabam/miniconda3/envs/eeg_env/lib/python3.10/site-packages/torch/_dynamo/variables/functions.py:725: UserWarning: Graph break due to unsupported builtin sys._getframe. This function is either a Python builtin (e.g. _warnings.warn) or a third-party C/C++ Python extension (perhaps created with pybind). If it is a Python builtin, please file an issue on GitHub so the PyTorch team can add support for it and see the next case for a workaround. If it is a third-party C/C++ Python extension, please either wrap it into a PyTorch-understood custom operator (see https://pytorch.org/tutorials/advanced/custom_ops_landing_page.html for more details) or, if it is traceable, use torch.compiler.allow_in_graph.
  torch._dynamo.utils.warn_once(msg)
libibverbs: Warning: couldn't load driver 'libvmw_pvrdma-rdmav34.so': libvmw_pvrdma-rdmav34.so: cannot open shared object file: No such file or directory
  Processed 1000 batches, elapsed: 136.0s
  Processed 2000 batches, elapsed: 270.2s
  Processed 3000 batches, elapsed: 400.9s
  Processed 4000 batches, elapsed: 532.2s
  Validation: 1000 batches, elapsed: 118.4s
  → Epoch   1/50 | Train Loss: 1.0707 | Val Loss: 1.0732 | Train Acc: 0.3513 | Val Acc: 0.4018 | LR: 0.000010 | Time: 1037.17s
New best model saved at epoch 1 in ./final_logs11/checkpoints

🔄 Starting epoch 2/50
  ✅ First batch loaded! (took 3.7s)
  First batch label distribution: class 0: 45, class 1: 58, class 2: 25
  Processed 1000 batches, elapsed: 115.7s
  Processed 2000 batches, elapsed: 235.3s
  Processed 3000 batches, elapsed: 356.1s
  Processed 4000 batches, elapsed: 478.8s
  Validation: 1000 batches, elapsed: 70.8s
  → Epoch   2/50 | Train Loss: 0.9498 | Val Loss: 1.0238 | Train Acc: 0.4506 | Val Acc: 0.4515 | LR: 0.000020 | Time: 664.69s
New best model saved at epoch 2 in ./final_logs11/checkpoints

🔄 Starting epoch 3/50
   🔥 Warmup: LR = 0.000030 (target: 0.000100)
  ✅ First batch loaded! (took 3.6s)
  First batch label distribution: class 0: 45, class 1: 58, class 2: 25
  Processed 1000 batches, elapsed: 130.0s
  Processed 2000 batches, elapsed: 259.5s
  Processed 3000 batches, elapsed: 390.9s
  Processed 4000 batches, elapsed: 521.1s
  Validation: 1000 batches, elapsed: 62.9s
  → Epoch   3/50 | Train Loss: 0.8790 | Val Loss: 0.9636 | Train Acc: 0.4934 | Val Acc: 0.4966 | LR: 0.000030 | Time: 703.51s
New best model saved at epoch 3 in ./final_logs11/checkpoints

🔄 Starting epoch 4/50
  ✅ First batch loaded! (took 3.8s)
  First batch label distribution: class 0: 45, class 1: 58, class 2: 25
  Processed 1000 batches, elapsed: 108.8s
  Processed 2000 batches, elapsed: 227.5s
  Processed 3000 batches, elapsed: 348.1s
  Processed 4000 batches, elapsed: 469.1s
  Validation: 1000 batches, elapsed: 71.0s
  → Epoch   4/50 | Train Loss: 0.8311 | Val Loss: 0.9713 | Train Acc: 0.5216 | Val Acc: 0.5060 | LR: 0.000040 | Time: 655.83s

🔄 Starting epoch 5/50
  ✅ First batch loaded! (took 2.7s)
  First batch label distribution: class 0: 45, class 1: 58, class 2: 25
  Processed 1000 batches, elapsed: 128.3s
  Processed 2000 batches, elapsed: 260.5s
  Processed 3000 batches, elapsed: 392.5s
  Processed 4000 batches, elapsed: 521.5s
  Validation: 1000 batches, elapsed: 62.1s
  → Epoch   5/50 | Train Loss: 0.7927 | Val Loss: 0.9734 | Train Acc: 0.5468 | Val Acc: 0.5064 | LR: 0.000050 | Time: 700.66s

🔄 Starting epoch 6/50
   🔥 Warmup: LR = 0.000060 (target: 0.000100)
  ✅ First batch loaded! (took 3.8s)
  First batch label distribution: class 0: 45, class 1: 58, class 2: 25
  Processed 1000 batches, elapsed: 110.8s
  Processed 2000 batches, elapsed: 229.3s
  Processed 3000 batches, elapsed: 350.1s
  Processed 4000 batches, elapsed: 471.0s
  Validation: 1000 batches, elapsed: 70.2s
  → Epoch   6/50 | Train Loss: 0.7594 | Val Loss: 0.9739 | Train Acc: 0.5668 | Val Acc: 0.5292 | LR: 0.000060 | Time: 655.19s

🔄 Starting epoch 7/50
  ✅ First batch loaded! (took 3.9s)
  First batch label distribution: class 0: 45, class 1: 58, class 2: 25
  Processed 1000 batches, elapsed: 130.9s
  Processed 2000 batches, elapsed: 261.1s
  Processed 3000 batches, elapsed: 392.6s
  Processed 4000 batches, elapsed: 522.1s
⚠️  WARNING: Model collapse in validation (2 consecutive batches, all class 2). Monitoring...
✅ Model recovered in validation: Predictions diverse again (unique: 3)
  Validation: 1000 batches, elapsed: 61.4s
  → Epoch   7/50 | Train Loss: 0.7295 | Val Loss: 1.0479 | Train Acc: 0.5854 | Val Acc: 0.5166 | LR: 0.000070 | Time: 704.55s

🔄 Starting epoch 8/50
  ✅ First batch loaded! (took 4.8s)
  First batch label distribution: class 0: 45, class 1: 58, class 2: 25
  Processed 1000 batches, elapsed: 112.3s
  Processed 2000 batches, elapsed: 233.3s
  Processed 3000 batches, elapsed: 355.0s
  Processed 4000 batches, elapsed: 476.1s
⚠️  WARNING: Model collapse in validation (2 consecutive batches, all class 2). Monitoring...
✅ Model recovered in validation: Predictions diverse again (unique: 3)
  Validation: 1000 batches, elapsed: 70.8s
  → Epoch   8/50 | Train Loss: 0.7029 | Val Loss: 0.9748 | Train Acc: 0.6005 | Val Acc: 0.5317 | LR: 0.000080 | Time: 662.60s

🔄 Starting epoch 9/50
   🔥 Warmup: LR = 0.000090 (target: 0.000100)
  ✅ First batch loaded! (took 2.8s)
  First batch label distribution: class 0: 45, class 1: 58, class 2: 25
  Processed 1000 batches, elapsed: 131.4s
  Processed 2000 batches, elapsed: 261.7s
  Processed 3000 batches, elapsed: 391.0s
  Processed 4000 batches, elapsed: 520.1s
  Validation: 1000 batches, elapsed: 61.1s
  → Epoch   9/50 | Train Loss: 0.6774 | Val Loss: 0.9864 | Train Acc: 0.6154 | Val Acc: 0.5380 | LR: 0.000090 | Time: 699.98s

🔄 Starting epoch 10/50
  ✅ First batch loaded! (took 2.9s)
  First batch label distribution: class 0: 45, class 1: 58, class 2: 25
  Processed 1000 batches, elapsed: 113.9s
  Processed 2000 batches, elapsed: 232.2s
  Processed 3000 batches, elapsed: 352.8s
  Processed 4000 batches, elapsed: 473.0s
  Validation: 1000 batches, elapsed: 70.4s
  → Epoch  10/50 | Train Loss: 0.6533 | Val Loss: 1.0159 | Train Acc: 0.6293 | Val Acc: 0.5375 | LR: 0.000100 | Time: 656.50s

🔄 Starting epoch 11/50
  ✅ First batch loaded! (took 3.8s)
  First batch label distribution: class 0: 45, class 1: 58, class 2: 25
  Processed 1000 batches, elapsed: 128.7s
  Processed 2000 batches, elapsed: 256.5s
  Processed 3000 batches, elapsed: 383.8s
  Processed 4000 batches, elapsed: 511.8s
  Validation: 1000 batches, elapsed: 60.7s
  → Epoch  11/50 | Train Loss: 0.6180 | Val Loss: 1.0351 | Train Acc: 0.6503 | Val Acc: 0.5452 | LR: 0.000100 | Time: 692.41s

🔄 Starting epoch 12/50
  ✅ First batch loaded! (took 4.8s)
  First batch label distribution: class 0: 45, class 1: 58, class 2: 25
  Processed 1000 batches, elapsed: 115.1s
  Processed 2000 batches, elapsed: 235.3s
  Processed 3000 batches, elapsed: 357.4s
  Processed 4000 batches, elapsed: 480.1s
  Validation: 1000 batches, elapsed: 69.9s
  → Epoch  12/50 | Train Loss: 0.5795 | Val Loss: 1.1048 | Train Acc: 0.6733 | Val Acc: 0.5464 | LR: 0.000100 | Time: 665.11s

🔄 Starting epoch 13/50
  ✅ First batch loaded! (took 3.7s)
  First batch label distribution: class 0: 45, class 1: 58, class 2: 25
  Processed 1000 batches, elapsed: 130.8s
  Processed 2000 batches, elapsed: 261.1s
  Processed 3000 batches, elapsed: 391.9s
  Processed 4000 batches, elapsed: 521.2s
  Validation: 1000 batches, elapsed: 60.7s
  → Epoch  13/50 | Train Loss: 0.5427 | Val Loss: 1.1605 | Train Acc: 0.6950 | Val Acc: 0.5615 | LR: 0.000100 | Time: 702.89s
Early stopping at epoch 13 (patience: 10)
Last model saved at epoch 13 in ./final_logs11/checkpoints

Training completed in 9202.25s
Best validation loss: 0.9636 at epoch 3
✅ Training completed
   Training metrics saved to: ./final_logs11/age_resnet34_4s/age_resnet34_4s_training_metrics.json
Evaluating age_resnet34 on age classification...
? Loaded checkpoint from ./final_logs11/checkpoints/age_resnet34_4s_best.pth
✅ Evaluation completed
   Accuracy: 0.4977
   F1-Score: 0.4442
   Evaluation time: 86.86s
   Evaluation results saved to: ./final_logs11/age_resnet34_4s

Evaluating separately by task type...

============================================================
Evaluating on active tasks...
============================================================

ACTIVE Task Results:
  Accuracy: 0.4954
  F1-Score (weighted): 0.4405
  ROC-AUC: 0.7152
  Number of samples: 20949

============================================================
Evaluating on passive tasks...
============================================================

PASSIVE Task Results:
  Accuracy: 0.4981
  F1-Score (weighted): 0.4451
  ROC-AUC: 0.7192
  Number of samples: 113222

============================================================
Task Type Comparison:
============================================================
  ACTIVE: Accuracy = 0.4954, F1 = 0.4405
  PASSIVE: Accuracy = 0.4981, F1 = 0.4451
   Evaluation results saved to: ./final_logs11/age_resnet34_4s_task_active
   Evaluation results saved to: ./final_logs11/age_resnet34_4s_task_passive
  ACTIVE tasks: Accuracy = 0.4954, F1-Score = 0.4405
  PASSIVE tasks: Accuracy = 0.4981, F1-Score = 0.4451

✅ Experiment 'age_resnet34_4s' completed successfully!
   Total time: 9477.61s
   Training time: 9202.26s
   Evaluation time: 275.35s
   Accuracy: 0.4977
   Result saved to: ./final_logs11/age_resnet34_4s/age_resnet34_4s_result.json
✅ Experiment completed: age_resnet34_4s

========================================================================================================================
MODEL COMPARISON
========================================================================================================================
Model                Target     Accuracy   F1-Score   Time (s)   Description                                       
------------------------------------------------------------------------------------------------------------------------
age_resnet34         age        0.4977     0.4442     275.35     ResNet34 age classification with 4s segments...   

Best Model: age_resnet34 (Accuracy: 0.4977)
========================================================================================================================
Generating comprehensive reports...
CSV summary saved to: ./final_logs11/experiment_results.csv
Reports generated in: ./final_logs11
Reports generated in: ./final_logs11

================================================================================
ALL EXPERIMENTS COMPLETED
Results saved to: ./final_logs11
================================================================================

================================================================================
EXPERIMENT COMPLETED SUCCESSFULLY!
================================================================================
Results saved to: ./final_logs11/age_resnet34_4s/
Reports generated in: ./final_logs11/

Overall Test Set Metrics:
  Accuracy: 0.4977
  F1-Score (weighted): 0.4442

Task-Specific Metrics:
  Active Tasks:
    Accuracy: 0.4954
    F1-Score: 0.4405
  Passive Tasks:
    Accuracy: 0.4981
    F1-Score: 0.4451
================================================================================
