LaBraM fine-tuning starting...
Loading dataset configuration (this may take a moment)...
Gender baseline dataset loaded
  HDF5 directory: /home/mojtabam/scratch/processed_eeg_data_hdf5
  Segment length: 2s
  Task type: both
  Random seed: 42
  Note: Using pre-split HDF5 files (train/val/test splits from preprocessing)
  Note: IterableDataset size is unknown until iteration
Namespace(batch_size=64, epochs=30, update_freq=1, save_ckpt_freq=5, robust_test=None, model='labram_base_patch200_200', qkv_bias=True, rel_pos_bias=True, abs_pos_emb=True, layer_scale_init_value=0.1, input_size=200, drop=0.0, attn_drop_rate=0.0, drop_path=0.1, disable_eval_during_finetuning=False, model_ema=False, model_ema_decay=0.9999, model_ema_force_cpu=False, opt='adamw', opt_eps=1e-08, opt_betas=None, clip_grad=None, momentum=0.9, weight_decay=0.05, weight_decay_end=None, lr=0.0005, layer_decay=0.9, warmup_lr=1e-06, min_lr=1e-06, warmup_epochs=5, warmup_steps=-1, smoothing=0.1, reprob=0.25, remode='pixel', recount=1, resplit=False, finetune='LaBraM/checkpoints/labram-base.pth', model_key='model|module', model_prefix='', model_filter_name='gzp', init_scale=0.001, use_mean_pooling=True, disable_weight_decay_on_rel_pos_bias=False, nb_classes=1, output_dir='final_logs_majority/labram_gender_2s', log_dir=None, device='cuda', seed=0, resume='final_logs/checkpoints/gender_labram_2s_best.pth', auto_resume=True, save_ckpt=True, start_epoch=0, eval=True, dist_eval=False, num_workers=10, pin_mem=True, aggregate_by_participant='majority_vote', world_size=1, local_rank=-1, dist_on_itp=False, dist_url='env://', enable_deepspeed=False, dataset='gender_baseline', segment_length='2s', data_path='/home/mojtabam/scratch/processed_eeg_data_hdf5', class_weight_power=1.0, is_cross_validation=False, cv_folds=None, distributed=False, rank=0, gpu=0)
Using device: cuda (1 GPU(s): ['NVIDIA L40S'])
Gender baseline dataset loaded
  HDF5 directory: /home/mojtabam/scratch/processed_eeg_data_hdf5
  Segment length: 2s
  Task type: both
  Random seed: 42
  Note: Using pre-split HDF5 files (train/val/test splits from preprocessing)
  Note: IterableDataset size is unknown until iteration
Using IterableDataset - DataLoader will iterate directly (no sampler)
Distributed training: 1 tasks, rank 0
DataLoader num_workers: 6 (segment_length=2s, num_gpus=1)
Patch size = 200
Load ckpt from LaBraM/checkpoints/labram-base.pth
Load state_dict by model_key = model
Weights of NeuralTransformer not initialized from pretrained model: ['blocks.0.attn.q_bias', 'blocks.0.attn.v_bias', 'blocks.1.attn.q_bias', 'blocks.1.attn.v_bias', 'blocks.2.attn.q_bias', 'blocks.2.attn.v_bias', 'blocks.3.attn.q_bias', 'blocks.3.attn.v_bias', 'blocks.4.attn.q_bias', 'blocks.4.attn.v_bias', 'blocks.5.attn.q_bias', 'blocks.5.attn.v_bias', 'blocks.6.attn.q_bias', 'blocks.6.attn.v_bias', 'blocks.7.attn.q_bias', 'blocks.7.attn.v_bias', 'blocks.8.attn.q_bias', 'blocks.8.attn.v_bias', 'blocks.9.attn.q_bias', 'blocks.9.attn.v_bias', 'blocks.10.attn.q_bias', 'blocks.10.attn.v_bias', 'blocks.11.attn.q_bias', 'blocks.11.attn.v_bias', 'fc_norm.weight', 'fc_norm.bias', 'head.weight', 'head.bias']
Weights from pretrained model not used in NeuralTransformer: ['mask_token', 'lm_head.weight', 'lm_head.bias', 'norm.weight', 'norm.bias']
Model = NeuralTransformer(
  (patch_embed): TemporalConv(
    (conv1): Conv2d(1, 8, kernel_size=(1, 15), stride=(1, 8), padding=(0, 7))
    (gelu1): GELU(approximate='none')
    (norm1): GroupNorm(4, 8, eps=1e-05, affine=True)
    (conv2): Conv2d(8, 8, kernel_size=(1, 3), stride=(1, 1), padding=(0, 1))
    (gelu2): GELU(approximate='none')
    (norm2): GroupNorm(4, 8, eps=1e-05, affine=True)
    (conv3): Conv2d(8, 8, kernel_size=(1, 3), stride=(1, 1), padding=(0, 1))
    (norm3): GroupNorm(4, 8, eps=1e-05, affine=True)
    (gelu3): GELU(approximate='none')
  )
  (pos_drop): Dropout(p=0.0, inplace=False)
  (blocks): ModuleList(
    (0): Block(
      (norm1): LayerNorm((200,), eps=1e-06, elementwise_affine=True)
      (attn): Attention(
        (qkv): Linear(in_features=200, out_features=600, bias=False)
        (q_norm): LayerNorm((20,), eps=1e-06, elementwise_affine=True)
        (k_norm): LayerNorm((20,), eps=1e-06, elementwise_affine=True)
        (attn_drop): Dropout(p=0.0, inplace=False)
        (proj): Linear(in_features=200, out_features=200, bias=True)
        (proj_drop): Dropout(p=0.0, inplace=False)
      )
      (drop_path): Identity()
      (norm2): LayerNorm((200,), eps=1e-06, elementwise_affine=True)
      (mlp): Mlp(
        (fc1): Linear(in_features=200, out_features=800, bias=True)
        (act): GELU(approximate='none')
        (fc2): Linear(in_features=800, out_features=200, bias=True)
        (drop): Dropout(p=0.0, inplace=False)
      )
    )
    (1): Block(
      (norm1): LayerNorm((200,), eps=1e-06, elementwise_affine=True)
      (attn): Attention(
        (qkv): Linear(in_features=200, out_features=600, bias=False)
        (q_norm): LayerNorm((20,), eps=1e-06, elementwise_affine=True)
        (k_norm): LayerNorm((20,), eps=1e-06, elementwise_affine=True)
        (attn_drop): Dropout(p=0.0, inplace=False)
        (proj): Linear(in_features=200, out_features=200, bias=True)
        (proj_drop): Dropout(p=0.0, inplace=False)
      )
      (drop_path): DropPath(p=0.00909090880304575)
      (norm2): LayerNorm((200,), eps=1e-06, elementwise_affine=True)
      (mlp): Mlp(
        (fc1): Linear(in_features=200, out_features=800, bias=True)
        (act): GELU(approximate='none')
        (fc2): Linear(in_features=800, out_features=200, bias=True)
        (drop): Dropout(p=0.0, inplace=False)
      )
    )
    (2): Block(
      (norm1): LayerNorm((200,), eps=1e-06, elementwise_affine=True)
      (attn): Attention(
        (qkv): Linear(in_features=200, out_features=600, bias=False)
        (q_norm): LayerNorm((20,), eps=1e-06, elementwise_affine=True)
        (k_norm): LayerNorm((20,), eps=1e-06, elementwise_affine=True)
        (attn_drop): Dropout(p=0.0, inplace=False)
        (proj): Linear(in_features=200, out_features=200, bias=True)
        (proj_drop): Dropout(p=0.0, inplace=False)
      )
      (drop_path): DropPath(p=0.0181818176060915)
      (norm2): LayerNorm((200,), eps=1e-06, elementwise_affine=True)
      (mlp): Mlp(
        (fc1): Linear(in_features=200, out_features=800, bias=True)
        (act): GELU(approximate='none')
        (fc2): Linear(in_features=800, out_features=200, bias=True)
        (drop): Dropout(p=0.0, inplace=False)
      )
    )
    (3): Block(
      (norm1): LayerNorm((200,), eps=1e-06, elementwise_affine=True)
      (attn): Attention(
        (qkv): Linear(in_features=200, out_features=600, bias=False)
        (q_norm): LayerNorm((20,), eps=1e-06, elementwise_affine=True)
        (k_norm): LayerNorm((20,), eps=1e-06, elementwise_affine=True)
        (attn_drop): Dropout(p=0.0, inplace=False)
        (proj): Linear(in_features=200, out_features=200, bias=True)
        (proj_drop): Dropout(p=0.0, inplace=False)
      )
      (drop_path): DropPath(p=0.027272727340459824)
      (norm2): LayerNorm((200,), eps=1e-06, elementwise_affine=True)
      (mlp): Mlp(
        (fc1): Linear(in_features=200, out_features=800, bias=True)
        (act): GELU(approximate='none')
        (fc2): Linear(in_features=800, out_features=200, bias=True)
        (drop): Dropout(p=0.0, inplace=False)
      )
    )
    (4): Block(
      (norm1): LayerNorm((200,), eps=1e-06, elementwise_affine=True)
      (attn): Attention(
        (qkv): Linear(in_features=200, out_features=600, bias=False)
        (q_norm): LayerNorm((20,), eps=1e-06, elementwise_affine=True)
        (k_norm): LayerNorm((20,), eps=1e-06, elementwise_affine=True)
        (attn_drop): Dropout(p=0.0, inplace=False)
        (proj): Linear(in_features=200, out_features=200, bias=True)
        (proj_drop): Dropout(p=0.0, inplace=False)
      )
      (drop_path): DropPath(p=0.036363635212183)
      (norm2): LayerNorm((200,), eps=1e-06, elementwise_affine=True)
      (mlp): Mlp(
        (fc1): Linear(in_features=200, out_features=800, bias=True)
        (act): GELU(approximate='none')
        (fc2): Linear(in_features=800, out_features=200, bias=True)
        (drop): Dropout(p=0.0, inplace=False)
      )
    )
    (5): Block(
      (norm1): LayerNorm((200,), eps=1e-06, elementwise_affine=True)
      (attn): Attention(
        (qkv): Linear(in_features=200, out_features=600, bias=False)
        (q_norm): LayerNorm((20,), eps=1e-06, elementwise_affine=True)
        (k_norm): LayerNorm((20,), eps=1e-06, elementwise_affine=True)
        (attn_drop): Dropout(p=0.0, inplace=False)
        (proj): Linear(in_features=200, out_features=200, bias=True)
        (proj_drop): Dropout(p=0.0, inplace=False)
      )
      (drop_path): DropPath(p=0.045454543083906174)
      (norm2): LayerNorm((200,), eps=1e-06, elementwise_affine=True)
      (mlp): Mlp(
        (fc1): Linear(in_features=200, out_features=800, bias=True)
        (act): GELU(approximate='none')
        (fc2): Linear(in_features=800, out_features=200, bias=True)
        (drop): Dropout(p=0.0, inplace=False)
      )
    )
    (6): Block(
      (norm1): LayerNorm((200,), eps=1e-06, elementwise_affine=True)
      (attn): Attention(
        (qkv): Linear(in_features=200, out_features=600, bias=False)
        (q_norm): LayerNorm((20,), eps=1e-06, elementwise_affine=True)
        (k_norm): LayerNorm((20,), eps=1e-06, elementwise_affine=True)
        (attn_drop): Dropout(p=0.0, inplace=False)
        (proj): Linear(in_features=200, out_features=200, bias=True)
        (proj_drop): Dropout(p=0.0, inplace=False)
      )
      (drop_path): DropPath(p=0.054545458406209946)
      (norm2): LayerNorm((200,), eps=1e-06, elementwise_affine=True)
      (mlp): Mlp(
        (fc1): Linear(in_features=200, out_features=800, bias=True)
        (act): GELU(approximate='none')
        (fc2): Linear(in_features=800, out_features=200, bias=True)
        (drop): Dropout(p=0.0, inplace=False)
      )
    )
    (7): Block(
      (norm1): LayerNorm((200,), eps=1e-06, elementwise_affine=True)
      (attn): Attention(
        (qkv): Linear(in_features=200, out_features=600, bias=False)
        (q_norm): LayerNorm((20,), eps=1e-06, elementwise_affine=True)
        (k_norm): LayerNorm((20,), eps=1e-06, elementwise_affine=True)
        (attn_drop): Dropout(p=0.0, inplace=False)
        (proj): Linear(in_features=200, out_features=200, bias=True)
        (proj_drop): Dropout(p=0.0, inplace=False)
      )
      (drop_path): DropPath(p=0.06363636255264282)
      (norm2): LayerNorm((200,), eps=1e-06, elementwise_affine=True)
      (mlp): Mlp(
        (fc1): Linear(in_features=200, out_features=800, bias=True)
        (act): GELU(approximate='none')
        (fc2): Linear(in_features=800, out_features=200, bias=True)
        (drop): Dropout(p=0.0, inplace=False)
      )
    )
    (8): Block(
      (norm1): LayerNorm((200,), eps=1e-06, elementwise_affine=True)
      (attn): Attention(
        (qkv): Linear(in_features=200, out_features=600, bias=False)
        (q_norm): LayerNorm((20,), eps=1e-06, elementwise_affine=True)
        (k_norm): LayerNorm((20,), eps=1e-06, elementwise_affine=True)
        (attn_drop): Dropout(p=0.0, inplace=False)
        (proj): Linear(in_features=200, out_features=200, bias=True)
        (proj_drop): Dropout(p=0.0, inplace=False)
      )
      (drop_path): DropPath(p=0.0727272778749466)
      (norm2): LayerNorm((200,), eps=1e-06, elementwise_affine=True)
      (mlp): Mlp(
        (fc1): Linear(in_features=200, out_features=800, bias=True)
        (act): GELU(approximate='none')
        (fc2): Linear(in_features=800, out_features=200, bias=True)
        (drop): Dropout(p=0.0, inplace=False)
      )
    )
    (9): Block(
      (norm1): LayerNorm((200,), eps=1e-06, elementwise_affine=True)
      (attn): Attention(
        (qkv): Linear(in_features=200, out_features=600, bias=False)
        (q_norm): LayerNorm((20,), eps=1e-06, elementwise_affine=True)
        (k_norm): LayerNorm((20,), eps=1e-06, elementwise_affine=True)
        (attn_drop): Dropout(p=0.0, inplace=False)
        (proj): Linear(in_features=200, out_features=200, bias=True)
        (proj_drop): Dropout(p=0.0, inplace=False)
      )
      (drop_path): DropPath(p=0.08181818574666977)
      (norm2): LayerNorm((200,), eps=1e-06, elementwise_affine=True)
      (mlp): Mlp(
        (fc1): Linear(in_features=200, out_features=800, bias=True)
        (act): GELU(approximate='none')
        (fc2): Linear(in_features=800, out_features=200, bias=True)
        (drop): Dropout(p=0.0, inplace=False)
      )
    )
    (10): Block(
      (norm1): LayerNorm((200,), eps=1e-06, elementwise_affine=True)
      (attn): Attention(
        (qkv): Linear(in_features=200, out_features=600, bias=False)
        (q_norm): LayerNorm((20,), eps=1e-06, elementwise_affine=True)
        (k_norm): LayerNorm((20,), eps=1e-06, elementwise_affine=True)
        (attn_drop): Dropout(p=0.0, inplace=False)
        (proj): Linear(in_features=200, out_features=200, bias=True)
        (proj_drop): Dropout(p=0.0, inplace=False)
      )
      (drop_path): DropPath(p=0.09090909361839294)
      (norm2): LayerNorm((200,), eps=1e-06, elementwise_affine=True)
      (mlp): Mlp(
        (fc1): Linear(in_features=200, out_features=800, bias=True)
        (act): GELU(approximate='none')
        (fc2): Linear(in_features=800, out_features=200, bias=True)
        (drop): Dropout(p=0.0, inplace=False)
      )
    )
    (11): Block(
      (norm1): LayerNorm((200,), eps=1e-06, elementwise_affine=True)
      (attn): Attention(
        (qkv): Linear(in_features=200, out_features=600, bias=False)
        (q_norm): LayerNorm((20,), eps=1e-06, elementwise_affine=True)
        (k_norm): LayerNorm((20,), eps=1e-06, elementwise_affine=True)
        (attn_drop): Dropout(p=0.0, inplace=False)
        (proj): Linear(in_features=200, out_features=200, bias=True)
        (proj_drop): Dropout(p=0.0, inplace=False)
      )
      (drop_path): DropPath(p=0.10000000149011612)
      (norm2): LayerNorm((200,), eps=1e-06, elementwise_affine=True)
      (mlp): Mlp(
        (fc1): Linear(in_features=200, out_features=800, bias=True)
        (act): GELU(approximate='none')
        (fc2): Linear(in_features=800, out_features=200, bias=True)
        (drop): Dropout(p=0.0, inplace=False)
      )
    )
  )
  (norm): Identity()
  (fc_norm): LayerNorm((200,), eps=1e-06, elementwise_affine=True)
  (head): Linear(in_features=200, out_features=1, bias=True)
)
number of params: 5824937
LR = 0.00050000
Batch size = 64
Update frequent = 1
Number of training examples = Unknown (IterableDataset)
Number of training steps per epoch = Determined during training (IterableDataset)
Note: LR schedule uses placeholder value - actual steps determined by iterator exhaustion
Assigned values = [0.2541865828329001, 0.2824295364810001, 0.31381059609000006, 0.3486784401000001, 0.3874204890000001, 0.4304672100000001, 0.4782969000000001, 0.531441, 0.5904900000000001, 0.6561, 0.7290000000000001, 0.81, 0.9, 1.0]
Skip weight decay name marked in model: {'cls_token', 'pos_embed', 'time_embed'}
Param groups = {
  "layer_0_no_decay": {
    "weight_decay": 0.0,
    "params": [
      "cls_token",
      "pos_embed",
      "patch_embed.conv1.bias",
      "patch_embed.norm1.weight",
      "patch_embed.norm1.bias",
      "patch_embed.conv2.bias",
      "patch_embed.norm2.weight",
      "patch_embed.norm2.bias",
      "patch_embed.conv3.bias",
      "patch_embed.norm3.weight",
      "patch_embed.norm3.bias"
    ],
    "lr_scale": 0.2541865828329001
  },
  "layer_13_no_decay": {
    "weight_decay": 0.0,
    "params": [
      "time_embed",
      "fc_norm.weight",
      "fc_norm.bias",
      "head.bias"
    ],
    "lr_scale": 1.0
  },
  "layer_0_decay": {
    "weight_decay": 0.05,
    "params": [
      "patch_embed.conv1.weight",
      "patch_embed.conv2.weight",
      "patch_embed.conv3.weight"
    ],
    "lr_scale": 0.2541865828329001
  },
  "layer_1_no_decay": {
    "weight_decay": 0.0,
    "params": [
      "blocks.0.gamma_1",
      "blocks.0.gamma_2",
      "blocks.0.norm1.weight",
      "blocks.0.norm1.bias",
      "blocks.0.attn.q_bias",
      "blocks.0.attn.v_bias",
      "blocks.0.attn.q_norm.weight",
      "blocks.0.attn.q_norm.bias",
      "blocks.0.attn.k_norm.weight",
      "blocks.0.attn.k_norm.bias",
      "blocks.0.attn.proj.bias",
      "blocks.0.norm2.weight",
      "blocks.0.norm2.bias",
      "blocks.0.mlp.fc1.bias",
      "blocks.0.mlp.fc2.bias"
    ],
    "lr_scale": 0.2824295364810001
  },
  "layer_1_decay": {
    "weight_decay": 0.05,
    "params": [
      "blocks.0.attn.qkv.weight",
      "blocks.0.attn.proj.weight",
      "blocks.0.mlp.fc1.weight",
      "blocks.0.mlp.fc2.weight"
    ],
    "lr_scale": 0.2824295364810001
  },
  "layer_2_no_decay": {
    "weight_decay": 0.0,
    "params": [
      "blocks.1.gamma_1",
      "blocks.1.gamma_2",
      "blocks.1.norm1.weight",
      "blocks.1.norm1.bias",
      "blocks.1.attn.q_bias",
      "blocks.1.attn.v_bias",
      "blocks.1.attn.q_norm.weight",
      "blocks.1.attn.q_norm.bias",
      "blocks.1.attn.k_norm.weight",
      "blocks.1.attn.k_norm.bias",
      "blocks.1.attn.proj.bias",
      "blocks.1.norm2.weight",
      "blocks.1.norm2.bias",
      "blocks.1.mlp.fc1.bias",
      "blocks.1.mlp.fc2.bias"
    ],
    "lr_scale": 0.31381059609000006
  },
  "layer_2_decay": {
    "weight_decay": 0.05,
    "params": [
      "blocks.1.attn.qkv.weight",
      "blocks.1.attn.proj.weight",
      "blocks.1.mlp.fc1.weight",
      "blocks.1.mlp.fc2.weight"
    ],
    "lr_scale": 0.31381059609000006
  },
  "layer_3_no_decay": {
    "weight_decay": 0.0,
    "params": [
      "blocks.2.gamma_1",
      "blocks.2.gamma_2",
      "blocks.2.norm1.weight",
      "blocks.2.norm1.bias",
      "blocks.2.attn.q_bias",
      "blocks.2.attn.v_bias",
      "blocks.2.attn.q_norm.weight",
      "blocks.2.attn.q_norm.bias",
      "blocks.2.attn.k_norm.weight",
      "blocks.2.attn.k_norm.bias",
      "blocks.2.attn.proj.bias",
      "blocks.2.norm2.weight",
      "blocks.2.norm2.bias",
      "blocks.2.mlp.fc1.bias",
      "blocks.2.mlp.fc2.bias"
    ],
    "lr_scale": 0.3486784401000001
  },
  "layer_3_decay": {
    "weight_decay": 0.05,
    "params": [
      "blocks.2.attn.qkv.weight",
      "blocks.2.attn.proj.weight",
      "blocks.2.mlp.fc1.weight",
      "blocks.2.mlp.fc2.weight"
    ],
    "lr_scale": 0.3486784401000001
  },
  "layer_4_no_decay": {
    "weight_decay": 0.0,
    "params": [
      "blocks.3.gamma_1",
      "blocks.3.gamma_2",
      "blocks.3.norm1.weight",
      "blocks.3.norm1.bias",
      "blocks.3.attn.q_bias",
      "blocks.3.attn.v_bias",
      "blocks.3.attn.q_norm.weight",
      "blocks.3.attn.q_norm.bias",
      "blocks.3.attn.k_norm.weight",
      "blocks.3.attn.k_norm.bias",
      "blocks.3.attn.proj.bias",
      "blocks.3.norm2.weight",
      "blocks.3.norm2.bias",
      "blocks.3.mlp.fc1.bias",
      "blocks.3.mlp.fc2.bias"
    ],
    "lr_scale": 0.3874204890000001
  },
  "layer_4_decay": {
    "weight_decay": 0.05,
    "params": [
      "blocks.3.attn.qkv.weight",
      "blocks.3.attn.proj.weight",
      "blocks.3.mlp.fc1.weight",
      "blocks.3.mlp.fc2.weight"
    ],
    "lr_scale": 0.3874204890000001
  },
  "layer_5_no_decay": {
    "weight_decay": 0.0,
    "params": [
      "blocks.4.gamma_1",
      "blocks.4.gamma_2",
      "blocks.4.norm1.weight",
      "blocks.4.norm1.bias",
      "blocks.4.attn.q_bias",
      "blocks.4.attn.v_bias",
      "blocks.4.attn.q_norm.weight",
      "blocks.4.attn.q_norm.bias",
      "blocks.4.attn.k_norm.weight",
      "blocks.4.attn.k_norm.bias",
      "blocks.4.attn.proj.bias",
      "blocks.4.norm2.weight",
      "blocks.4.norm2.bias",
      "blocks.4.mlp.fc1.bias",
      "blocks.4.mlp.fc2.bias"
    ],
    "lr_scale": 0.4304672100000001
  },
  "layer_5_decay": {
    "weight_decay": 0.05,
    "params": [
      "blocks.4.attn.qkv.weight",
      "blocks.4.attn.proj.weight",
      "blocks.4.mlp.fc1.weight",
      "blocks.4.mlp.fc2.weight"
    ],
    "lr_scale": 0.4304672100000001
  },
  "layer_6_no_decay": {
    "weight_decay": 0.0,
    "params": [
      "blocks.5.gamma_1",
      "blocks.5.gamma_2",
      "blocks.5.norm1.weight",
      "blocks.5.norm1.bias",
      "blocks.5.attn.q_bias",
      "blocks.5.attn.v_bias",
      "blocks.5.attn.q_norm.weight",
      "blocks.5.attn.q_norm.bias",
      "blocks.5.attn.k_norm.weight",
      "blocks.5.attn.k_norm.bias",
      "blocks.5.attn.proj.bias",
      "blocks.5.norm2.weight",
      "blocks.5.norm2.bias",
      "blocks.5.mlp.fc1.bias",
      "blocks.5.mlp.fc2.bias"
    ],
    "lr_scale": 0.4782969000000001
  },
  "layer_6_decay": {
    "weight_decay": 0.05,
    "params": [
      "blocks.5.attn.qkv.weight",
      "blocks.5.attn.proj.weight",
      "blocks.5.mlp.fc1.weight",
      "blocks.5.mlp.fc2.weight"
    ],
    "lr_scale": 0.4782969000000001
  },
  "layer_7_no_decay": {
    "weight_decay": 0.0,
    "params": [
      "blocks.6.gamma_1",
      "blocks.6.gamma_2",
      "blocks.6.norm1.weight",
      "blocks.6.norm1.bias",
      "blocks.6.attn.q_bias",
      "blocks.6.attn.v_bias",
      "blocks.6.attn.q_norm.weight",
      "blocks.6.attn.q_norm.bias",
      "blocks.6.attn.k_norm.weight",
      "blocks.6.attn.k_norm.bias",
      "blocks.6.attn.proj.bias",
      "blocks.6.norm2.weight",
      "blocks.6.norm2.bias",
      "blocks.6.mlp.fc1.bias",
      "blocks.6.mlp.fc2.bias"
    ],
    "lr_scale": 0.531441
  },
  "layer_7_decay": {
    "weight_decay": 0.05,
    "params": [
      "blocks.6.attn.qkv.weight",
      "blocks.6.attn.proj.weight",
      "blocks.6.mlp.fc1.weight",
      "blocks.6.mlp.fc2.weight"
    ],
    "lr_scale": 0.531441
  },
  "layer_8_no_decay": {
    "weight_decay": 0.0,
    "params": [
      "blocks.7.gamma_1",
      "blocks.7.gamma_2",
      "blocks.7.norm1.weight",
      "blocks.7.norm1.bias",
      "blocks.7.attn.q_bias",
      "blocks.7.attn.v_bias",
      "blocks.7.attn.q_norm.weight",
      "blocks.7.attn.q_norm.bias",
      "blocks.7.attn.k_norm.weight",
      "blocks.7.attn.k_norm.bias",
      "blocks.7.attn.proj.bias",
      "blocks.7.norm2.weight",
      "blocks.7.norm2.bias",
      "blocks.7.mlp.fc1.bias",
      "blocks.7.mlp.fc2.bias"
    ],
    "lr_scale": 0.5904900000000001
  },
  "layer_8_decay": {
    "weight_decay": 0.05,
    "params": [
      "blocks.7.attn.qkv.weight",
      "blocks.7.attn.proj.weight",
      "blocks.7.mlp.fc1.weight",
      "blocks.7.mlp.fc2.weight"
    ],
    "lr_scale": 0.5904900000000001
  },
  "layer_9_no_decay": {
    "weight_decay": 0.0,
    "params": [
      "blocks.8.gamma_1",
      "blocks.8.gamma_2",
      "blocks.8.norm1.weight",
      "blocks.8.norm1.bias",
      "blocks.8.attn.q_bias",
      "blocks.8.attn.v_bias",
      "blocks.8.attn.q_norm.weight",
      "blocks.8.attn.q_norm.bias",
      "blocks.8.attn.k_norm.weight",
      "blocks.8.attn.k_norm.bias",
      "blocks.8.attn.proj.bias",
      "blocks.8.norm2.weight",
      "blocks.8.norm2.bias",
      "blocks.8.mlp.fc1.bias",
      "blocks.8.mlp.fc2.bias"
    ],
    "lr_scale": 0.6561
  },
  "layer_9_decay": {
    "weight_decay": 0.05,
    "params": [
      "blocks.8.attn.qkv.weight",
      "blocks.8.attn.proj.weight",
      "blocks.8.mlp.fc1.weight",
      "blocks.8.mlp.fc2.weight"
    ],
    "lr_scale": 0.6561
  },
  "layer_10_no_decay": {
    "weight_decay": 0.0,
    "params": [
      "blocks.9.gamma_1",
      "blocks.9.gamma_2",
      "blocks.9.norm1.weight",
      "blocks.9.norm1.bias",
      "blocks.9.attn.q_bias",
      "blocks.9.attn.v_bias",
      "blocks.9.attn.q_norm.weight",
      "blocks.9.attn.q_norm.bias",
      "blocks.9.attn.k_norm.weight",
      "blocks.9.attn.k_norm.bias",
      "blocks.9.attn.proj.bias",
      "blocks.9.norm2.weight",
      "blocks.9.norm2.bias",
      "blocks.9.mlp.fc1.bias",
      "blocks.9.mlp.fc2.bias"
    ],
    "lr_scale": 0.7290000000000001
  },
  "layer_10_decay": {
    "weight_decay": 0.05,
    "params": [
      "blocks.9.attn.qkv.weight",
      "blocks.9.attn.proj.weight",
      "blocks.9.mlp.fc1.weight",
      "blocks.9.mlp.fc2.weight"
    ],
    "lr_scale": 0.7290000000000001
  },
  "layer_11_no_decay": {
    "weight_decay": 0.0,
    "params": [
      "blocks.10.gamma_1",
      "blocks.10.gamma_2",
      "blocks.10.norm1.weight",
      "blocks.10.norm1.bias",
      "blocks.10.attn.q_bias",
      "blocks.10.attn.v_bias",
      "blocks.10.attn.q_norm.weight",
      "blocks.10.attn.q_norm.bias",
      "blocks.10.attn.k_norm.weight",
      "blocks.10.attn.k_norm.bias",
      "blocks.10.attn.proj.bias",
      "blocks.10.norm2.weight",
      "blocks.10.norm2.bias",
      "blocks.10.mlp.fc1.bias",
      "blocks.10.mlp.fc2.bias"
    ],
    "lr_scale": 0.81
  },
  "layer_11_decay": {
    "weight_decay": 0.05,
    "params": [
      "blocks.10.attn.qkv.weight",
      "blocks.10.attn.proj.weight",
      "blocks.10.mlp.fc1.weight",
      "blocks.10.mlp.fc2.weight"
    ],
    "lr_scale": 0.81
  },
  "layer_12_no_decay": {
    "weight_decay": 0.0,
    "params": [
      "blocks.11.gamma_1",
      "blocks.11.gamma_2",
      "blocks.11.norm1.weight",
      "blocks.11.norm1.bias",
      "blocks.11.attn.q_bias",
      "blocks.11.attn.v_bias",
      "blocks.11.attn.q_norm.weight",
      "blocks.11.attn.q_norm.bias",
      "blocks.11.attn.k_norm.weight",
      "blocks.11.attn.k_norm.bias",
      "blocks.11.attn.proj.bias",
      "blocks.11.norm2.weight",
      "blocks.11.norm2.bias",
      "blocks.11.mlp.fc1.bias",
      "blocks.11.mlp.fc2.bias"
    ],
    "lr_scale": 0.9
  },
  "layer_12_decay": {
    "weight_decay": 0.05,
    "params": [
      "blocks.11.attn.qkv.weight",
      "blocks.11.attn.proj.weight",
      "blocks.11.mlp.fc1.weight",
      "blocks.11.mlp.fc2.weight"
    ],
    "lr_scale": 0.9
  },
  "layer_13_decay": {
    "weight_decay": 0.05,
    "params": [
      "head.weight"
    ],
    "lr_scale": 1.0
  }
}
Optimizer config: {'lr': 0.0005, 'weight_decay': 0.0, 'eps': 1e-08}
Use step level LR scheduler!
Set warmup steps = 500000
Set warmup steps = 0
Max WD = 0.0500000, Min WD = 0.0500000
Binary class weights from train data (gender): [0.7718, 1.4196] -> BCE pos_weight=1.8393
Using BCEWithLogitsLoss(pos_weight=...) to reduce majority-class collapse
criterion = BCEWithLogitsLoss()
Resume checkpoint final_logs/checkpoints/gender_labram_2s_best.pth
Test:  [     0/?]  eta: ?  loss: 0.0009 (0.0009)  accuracy: 1.0000 (1.0000)  balanced_accuracy: 1.0000 (1.0000)  pr_auc: 1.0000 (1.0000)  roc_auc: 1.0000 (1.0000)  f1_weighted: 1.0000 (1.0000)  time: 98.3099  data: 97.4719  max mem: 312
Test:  [    10/?]  eta: ?  loss: 0.0029 (0.5415)  accuracy: 1.0000 (0.9072)  balanced_accuracy: 1.0000 (0.9978)  pr_auc: 1.0000 (1.0000)  roc_auc: 1.0000 (1.0000)  f1_weighted: 1.0000 (0.9978)  time: 8.9761  data: 8.8615  max mem: 312
Test:  [    20/?]  eta: ?  loss: 0.0877 (0.4461)  accuracy: 0.9896 (0.9157)  balanced_accuracy: 1.0000 (0.9787)  pr_auc: 1.0000 (1.0000)  roc_auc: 1.0000 (1.0000)  f1_weighted: 1.0000 (0.9698)  time: 0.0462  data: 0.0005  max mem: 312
Test:  [    30/?]  eta: ?  loss: 0.1250 (0.5956)  accuracy: 0.9688 (0.8874)  balanced_accuracy: 1.0000 (0.9242)  pr_auc: 1.0000 (0.9771)  roc_auc: 1.0000 (0.9539)  f1_weighted: 1.0000 (0.9229)  time: 0.0507  data: 0.0005  max mem: 312
Test:  [    40/?]  eta: ?  loss: 0.1382 (0.6304)  accuracy: 0.9583 (0.8750)  balanced_accuracy: 0.9766 (0.8879)  pr_auc: 1.0000 (0.9434)  roc_auc: 1.0000 (0.9047)  f1_weighted: 0.9677 (0.8975)  time: 0.0521  data: 0.0005  max mem: 312
Test:  [    50/?]  eta: ?  loss: 0.1162 (0.6083)  accuracy: 0.9792 (0.8748)  balanced_accuracy: 0.9844 (0.8846)  pr_auc: 1.0000 (0.9349)  roc_auc: 1.0000 (0.9017)  f1_weighted: 0.9841 (0.8918)  time: 0.0523  data: 0.0005  max mem: 312
Test:  [    60/?]  eta: ?  loss: 0.1355 (0.7090)  accuracy: 0.9792 (0.8584)  balanced_accuracy: 0.9688 (0.8454)  pr_auc: 1.0000 (0.9192)  roc_auc: 1.0000 (0.8800)  f1_weighted: 0.9412 (0.8362)  time: 0.0514  data: 0.0004  max mem: 312
Test:  [    70/?]  eta: ?  loss: 0.1471 (0.7202)  accuracy: 0.9375 (0.8561)  balanced_accuracy: 0.9177 (0.8325)  pr_auc: 1.0000 (0.9142)  roc_auc: 1.0000 (0.8740)  f1_weighted: 0.8205 (0.8144)  time: 0.0502  data: 0.0005  max mem: 312
Test:  [    80/?]  eta: ?  loss: 0.1269 (0.6903)  accuracy: 0.9792 (0.8603)  balanced_accuracy: 0.8906 (0.8293)  pr_auc: 1.0000 (0.9137)  roc_auc: 1.0000 (0.8711)  f1_weighted: 0.7619 (0.8140)  time: 0.0472  data: 0.0004  max mem: 312
Test:  [    90/?]  eta: ?  loss: 0.1269 (0.6927)  accuracy: 0.9479 (0.8601)  balanced_accuracy: 0.8750 (0.8294)  pr_auc: 1.0000 (0.9035)  roc_auc: 1.0000 (0.8682)  f1_weighted: 0.8205 (0.8121)  time: 0.0456  data: 0.0004  max mem: 312
Test:  [   100/?]  eta: ?  loss: 0.1497 (0.7278)  accuracy: 0.9479 (0.8575)  balanced_accuracy: 0.8750 (0.8316)  pr_auc: 0.9897 (0.9036)  roc_auc: 0.9981 (0.8700)  f1_weighted: 0.8205 (0.8134)  time: 0.0426  data: 0.0004  max mem: 312
Test:  [   110/?]  eta: ?  loss: 0.0753 (0.7083)  accuracy: 0.9792 (0.8615)  balanced_accuracy: 0.8750 (0.8316)  pr_auc: 0.9897 (0.9050)  roc_auc: 0.9981 (0.8688)  f1_weighted: 0.8571 (0.8201)  time: 0.0401  data: 0.0004  max mem: 312
Test:  [   120/?]  eta: ?  loss: 0.0272 (0.7359)  accuracy: 0.9896 (0.8590)  balanced_accuracy: 0.8690 (0.8260)  pr_auc: 0.9887 (0.8865)  roc_auc: 0.9816 (0.8582)  f1_weighted: 0.8571 (0.8092)  time: 0.0433  data: 0.0005  max mem: 312
Test:  [   130/?]  eta: ?  loss: 0.0557 (0.7641)  accuracy: 0.9792 (0.8544)  balanced_accuracy: 0.8750 (0.8152)  pr_auc: 0.9887 (0.8696)  roc_auc: 0.9816 (0.8422)  f1_weighted: 0.8772 (0.7935)  time: 0.0488  data: 0.0006  max mem: 312
Test:  [   140/?]  eta: ?  loss: 0.0702 (0.7841)  accuracy: 0.9479 (0.8514)  balanced_accuracy: 0.8906 (0.8134)  pr_auc: 0.9973 (0.8606)  roc_auc: 0.9985 (0.8406)  f1_weighted: 0.8772 (0.7871)  time: 0.0514  data: 0.0005  max mem: 312
Test:  [   150/?]  eta: ?  loss: 0.1351 (0.7993)  accuracy: 0.9375 (0.8446)  balanced_accuracy: 0.8438 (0.8036)  pr_auc: 0.9973 (0.8585)  roc_auc: 0.9985 (0.8326)  f1_weighted: 0.8148 (0.7786)  time: 0.0502  data: 0.0004  max mem: 312
Test:  [   160/?]  eta: ?  loss: 0.3651 (0.8133)  accuracy: 0.8958 (0.8427)  balanced_accuracy: 0.9062 (0.8081)  pr_auc: 1.0000 (0.8650)  roc_auc: 1.0000 (0.8351)  f1_weighted: 0.8966 (0.7849)  time: 0.0498  data: 0.0004  max mem: 312
Test:  [   170/?]  eta: ?  loss: 0.3651 (0.8040)  accuracy: 0.8542 (0.8437)  balanced_accuracy: 0.9062 (0.8141)  pr_auc: 1.0000 (0.8733)  roc_auc: 1.0000 (0.8430)  f1_weighted: 0.8966 (0.7922)  time: 0.0507  data: 0.0004  max mem: 312
Test:  [   180/?]  eta: ?  loss: 0.3828 (0.8111)  accuracy: 0.8646 (0.8443)  balanced_accuracy: 0.9130 (0.8206)  pr_auc: 1.0000 (0.8756)  roc_auc: 1.0000 (0.8457)  f1_weighted: 0.8966 (0.7933)  time: 0.0517  data: 0.0005  max mem: 312
Test:  [   190/?]  eta: ?  loss: 0.2261 (0.8065)  accuracy: 0.8854 (0.8457)  balanced_accuracy: 0.9301 (0.8230)  pr_auc: 0.9998 (0.8796)  roc_auc: 0.9995 (0.8487)  f1_weighted: 0.8966 (0.7946)  time: 0.0492  data: 0.0005  max mem: 312
Test:  [   200/?]  eta: ?  loss: 0.1441 (0.8014)  accuracy: 0.9167 (0.8462)  balanced_accuracy: 0.9301 (0.8235)  pr_auc: 0.9965 (0.8823)  roc_auc: 0.9927 (0.8519)  f1_weighted: 0.8966 (0.7938)  time: 0.0450  data: 0.0005  max mem: 312
Test:  [   210/?]  eta: ?  loss: 0.2894 (0.7956)  accuracy: 0.8958 (0.8460)  balanced_accuracy: 0.9301 (0.8251)  pr_auc: 0.9965 (0.8861)  roc_auc: 0.9927 (0.8568)  f1_weighted: 0.9153 (0.7943)  time: 0.0441  data: 0.0005  max mem: 312
Test:  [   220/?]  eta: ?  loss: 0.2319 (0.7768)  accuracy: 0.8958 (0.8478)  balanced_accuracy: 0.9375 (0.8300)  pr_auc: 1.0000 (0.8903)  roc_auc: 1.0000 (0.8620)  f1_weighted: 0.9412 (0.8008)  time: 0.0449  data: 0.0004  max mem: 312
Test:  [   230/?]  eta: ?  loss: 0.0785 (0.7638)  accuracy: 0.9479 (0.8497)  balanced_accuracy: 0.9609 (0.8356)  pr_auc: 1.0000 (0.8948)  roc_auc: 1.0000 (0.8677)  f1_weighted: 0.9421 (0.8029)  time: 0.0460  data: 0.0004  max mem: 312
Test:  [   240/?]  eta: ?  loss: 0.0127 (0.7461)  accuracy: 0.9896 (0.8530)  balanced_accuracy: 0.9844 (0.8406)  pr_auc: 1.0000 (0.8994)  roc_auc: 1.0000 (0.8717)  f1_weighted: 0.9841 (0.8092)  time: 0.0490  data: 0.0004  max mem: 312
Test:  [   250/?]  eta: ?  loss: 0.0969 (0.7420)  accuracy: 0.9375 (0.8525)  balanced_accuracy: 0.9375 (0.8406)  pr_auc: 1.0000 (0.9013)  roc_auc: 1.0000 (0.8725)  f1_weighted: 0.8966 (0.8082)  time: 0.0507  data: 0.0004  max mem: 312
Test:  [   260/?]  eta: ?  loss: 0.1319 (0.7311)  accuracy: 0.9167 (0.8539)  balanced_accuracy: 0.9062 (0.8385)  pr_auc: 1.0000 (0.8976)  roc_auc: 1.0000 (0.8726)  f1_weighted: 0.8889 (0.8021)  time: 0.0498  data: 0.0004  max mem: 312
Test:  [   270/?]  eta: ?  loss: 0.0434 (0.7168)  accuracy: 0.9583 (0.8559)  balanced_accuracy: 0.8750 (0.8388)  pr_auc: 1.0000 (0.8969)  roc_auc: 1.0000 (0.8732)  f1_weighted: 0.8571 (0.7999)  time: 0.0485  data: 0.0005  max mem: 312
Test:  [   280/?]  eta: ?  loss: 0.1151 (0.7131)  accuracy: 0.9583 (0.8557)  balanced_accuracy: 0.8984 (0.8362)  pr_auc: 1.0000 (0.8930)  roc_auc: 1.0000 (0.8717)  f1_weighted: 0.8870 (0.7920)  time: 0.0503  data: 0.0005  max mem: 312
Test:  [   290/?]  eta: ?  loss: 0.4407 (0.7157)  accuracy: 0.8646 (0.8543)  balanced_accuracy: 0.7812 (0.8320)  pr_auc: 0.9709 (0.8891)  roc_auc: 0.9578 (0.8696)  f1_weighted: 0.8690 (0.7861)  time: 0.0515  data: 0.0005  max mem: 312
Test:  [   300/?]  eta: ?  loss: 0.3109 (0.7083)  accuracy: 0.8750 (0.8533)  balanced_accuracy: 0.7812 (0.8306)  pr_auc: 0.9607 (0.8900)  roc_auc: 0.9578 (0.8698)  f1_weighted: 0.8690 (0.7866)  time: 0.0500  data: 0.0004  max mem: 312
Test:  [   310/?]  eta: ?  loss: 0.2780 (0.6962)  accuracy: 0.8750 (0.8539)  balanced_accuracy: 0.8203 (0.8316)  pr_auc: 0.9607 (0.8929)  roc_auc: 0.9741 (0.8731)  f1_weighted: 0.8652 (0.7887)  time: 0.0510  data: 0.0004  max mem: 312
Test:  [   320/?]  eta: ?  loss: 0.2264 (0.6809)  accuracy: 0.9062 (0.8561)  balanced_accuracy: 0.8906 (0.8350)  pr_auc: 0.9796 (0.8964)  roc_auc: 0.9756 (0.8774)  f1_weighted: 0.9065 (0.7945)  time: 0.0538  data: 0.0005  max mem: 312
Test:  [   330/?]  eta: ?  loss: 0.1846 (0.6684)  accuracy: 0.9271 (0.8574)  balanced_accuracy: 0.9062 (0.8360)  pr_auc: 0.9752 (0.8987)  roc_auc: 0.9824 (0.8797)  f1_weighted: 0.8955 (0.7977)  time: 0.0534  data: 0.0005  max mem: 312
Test:  [   340/?]  eta: ?  loss: 0.1886 (0.6611)  accuracy: 0.9167 (0.8569)  balanced_accuracy: 0.8906 (0.8353)  pr_auc: 0.9546 (0.9003)  roc_auc: 0.9653 (0.8808)  f1_weighted: 0.8806 (0.7988)  time: 0.0512  data: 0.0005  max mem: 312
Test:  [   350/?]  eta: ?  loss: 0.4626 (0.6594)  accuracy: 0.8021 (0.8559)  balanced_accuracy: 0.8203 (0.8356)  pr_auc: 0.9441 (0.9016)  roc_auc: 0.9468 (0.8836)  f1_weighted: 0.7928 (0.7991)  time: 0.0518  data: 0.0005  max mem: 312
Test:  [   360/?]  eta: ?  loss: 0.1923 (0.6489)  accuracy: 0.8646 (0.8575)  balanced_accuracy: 0.8828 (0.8395)  pr_auc: 0.9640 (0.9045)  roc_auc: 0.9834 (0.8878)  f1_weighted: 0.8101 (0.8025)  time: 0.0528  data: 0.0005  max mem: 312
Test:  [   370/?]  eta: ?  loss: 0.1475 (0.6386)  accuracy: 0.9479 (0.8590)  balanced_accuracy: 0.9609 (0.8430)  pr_auc: 0.9991 (0.9081)  roc_auc: 0.9995 (0.8921)  f1_weighted: 0.9275 (0.8064)  time: 0.0526  data: 0.0004  max mem: 312
Test:  [   380/?]  eta: ?  loss: 0.1073 (0.6328)  accuracy: 0.9583 (0.8597)  balanced_accuracy: 0.9688 (0.8455)  pr_auc: 1.0000 (0.9113)  roc_auc: 1.0000 (0.8959)  f1_weighted: 0.9412 (0.8085)  time: 0.0536  data: 0.0005  max mem: 312
Test:  [   390/?]  eta: ?  loss: 0.2263 (0.6287)  accuracy: 0.9062 (0.8597)  balanced_accuracy: 0.9213 (0.8454)  pr_auc: 0.9984 (0.9139)  roc_auc: 0.9990 (0.8987)  f1_weighted: 0.8649 (0.8078)  time: 0.0542  data: 0.0005  max mem: 312
Test:  [   400/?]  eta: ?  loss: 0.3350 (0.6323)  accuracy: 0.8333 (0.8579)  balanced_accuracy: 0.8594 (0.8438)  pr_auc: 0.9902 (0.9160)  roc_auc: 0.9956 (0.9008)  f1_weighted: 0.8364 (0.8037)  time: 0.0529  data: 0.0005  max mem: 312
Test:  [   410/?]  eta: ?  loss: 0.1983 (0.6352)  accuracy: 0.8021 (0.8573)  balanced_accuracy: 0.9141 (0.8443)  pr_auc: 0.9828 (0.9168)  roc_auc: 0.9897 (0.9029)  f1_weighted: 0.9000 (0.8034)  time: 0.0520  data: 0.0005  max mem: 312
Test:  [   420/?]  eta: ?  loss: 0.1983 (0.6417)  accuracy: 0.8229 (0.8556)  balanced_accuracy: 0.9141 (0.8435)  pr_auc: 0.9921 (0.9147)  roc_auc: 0.9907 (0.9026)  f1_weighted: 0.9000 (0.8022)  time: 0.0510  data: 0.0005  max mem: 312
Test:  [   430/?]  eta: ?  loss: 0.6460 (0.6405)  accuracy: 0.7604 (0.8546)  balanced_accuracy: 0.9375 (0.8430)  pr_auc: 1.0000 (0.9156)  roc_auc: 1.0000 (0.9044)  f1_weighted: 0.9333 (0.8010)  time: 0.0497  data: 0.0004  max mem: 312
Test:  [   440/?]  eta: ?  loss: 0.1349 (0.6350)  accuracy: 0.9375 (0.8555)  balanced_accuracy: 0.9531 (0.8445)  pr_auc: 1.0000 (0.9167)  roc_auc: 1.0000 (0.9065)  f1_weighted: 0.9508 (0.8016)  time: 0.0507  data: 0.0004  max mem: 312
Test:  [   450/?]  eta: ?  loss: 0.1341 (0.6321)  accuracy: 0.9688 (0.8553)  balanced_accuracy: 0.9688 (0.8435)  pr_auc: 1.0000 (0.9147)  roc_auc: 1.0000 (0.9073)  f1_weighted: 0.9677 (0.7989)  time: 0.0509  data: 0.0004  max mem: 312
Test:  [   460/?]  eta: ?  loss: 0.3862 (0.6355)  accuracy: 0.7917 (0.8529)  balanced_accuracy: 0.7031 (0.8390)  pr_auc: 0.9365 (0.9116)  roc_auc: 0.9463 (0.9061)  f1_weighted: 0.7848 (0.7960)  time: 0.0517  data: 0.0004  max mem: 312
Test:  [   470/?]  eta: ?  loss: 0.5169 (0.6368)  accuracy: 0.8021 (0.8510)  balanced_accuracy: 0.7188 (0.8351)  pr_auc: 0.9824 (0.9088)  roc_auc: 0.9488 (0.9059)  f1_weighted: 0.7898 (0.7915)  time: 0.0533  data: 0.0005  max mem: 312
Test:  [   480/?]  eta: ?  loss: 0.4717 (0.6314)  accuracy: 0.8021 (0.8503)  balanced_accuracy: 0.7188 (0.8325)  pr_auc: 0.9881 (0.9093)  roc_auc: 0.9751 (0.9077)  f1_weighted: 0.7925 (0.7898)  time: 0.0534  data: 0.0005  max mem: 312
Test:  [   490/?]  eta: ?  loss: 0.4717 (0.6375)  accuracy: 0.7292 (0.8479)  balanced_accuracy: 0.7188 (0.8283)  pr_auc: 0.9826 (0.9094)  roc_auc: 0.9768 (0.9084)  f1_weighted: 0.6957 (0.7855)  time: 0.0525  data: 0.0005  max mem: 312
Test:  [   500/?]  eta: ?  loss: 0.8944 (0.6504)  accuracy: 0.7083 (0.8454)  balanced_accuracy: 0.7188 (0.8247)  pr_auc: 0.9450 (0.9043)  roc_auc: 0.9702 (0.9059)  f1_weighted: 0.6889 (0.7789)  time: 0.0511  data: 0.0005  max mem: 312
Test:  [   510/?]  eta: ?  loss: 0.8944 (0.6553)  accuracy: 0.7188 (0.8444)  balanced_accuracy: 0.7188 (0.8232)  pr_auc: 0.8967 (0.9033)  roc_auc: 0.9055 (0.9054)  f1_weighted: 0.6923 (0.7789)  time: 0.0498  data: 0.0005  max mem: 312
Test:  [   520/?]  eta: ?  loss: 0.5610 (0.6632)  accuracy: 0.6771 (0.8428)  balanced_accuracy: 0.7021 (0.8207)  pr_auc: 0.8784 (0.9025)  roc_auc: 0.8491 (0.9025)  f1_weighted: 0.6667 (0.7780)  time: 0.0479  data: 0.0005  max mem: 312
Test:  [   530/?]  eta: ?  loss: 0.9286 (0.6716)  accuracy: 0.6667 (0.8412)  balanced_accuracy: 0.7021 (0.8186)  pr_auc: 0.8851 (0.9003)  roc_auc: 0.7891 (0.9011)  f1_weighted: 0.7200 (0.7766)  time: 0.0465  data: 0.0005  max mem: 312
Test:  [   540/?]  eta: ?  loss: 0.7796 (0.6783)  accuracy: 0.7708 (0.8398)  balanced_accuracy: 0.7500 (0.8166)  pr_auc: 0.8784 (0.8974)  roc_auc: 0.7154 (0.8992)  f1_weighted: 0.6939 (0.7745)  time: 0.0481  data: 0.0005  max mem: 312
Test:  [   550/?]  eta: ?  loss: 0.4799 (0.6861)  accuracy: 0.8021 (0.8388)  balanced_accuracy: 0.7841 (0.8155)  pr_auc: 0.8971 (0.8957)  roc_auc: 0.7427 (0.8971)  f1_weighted: 0.7246 (0.7738)  time: 0.0502  data: 0.0004  max mem: 312
Test:  [   560/?]  eta: ?  loss: 0.5929 (0.7024)  accuracy: 0.8750 (0.8370)  balanced_accuracy: 0.7500 (0.8147)  pr_auc: 0.8657 (0.8952)  roc_auc: 0.8662 (0.8966)  f1_weighted: 0.6667 (0.7717)  time: 0.0506  data: 0.0004  max mem: 312
Test:  [   570/?]  eta: ?  loss: 2.0514 (0.7256)  accuracy: 0.6667 (0.8341)  balanced_accuracy: 0.7500 (0.8137)  pr_auc: 0.8617 (0.8931)  roc_auc: 0.8811 (0.8961)  f1_weighted: 0.6667 (0.7689)  time: 0.0506  data: 0.0004  max mem: 312
Test:  [   580/?]  eta: ?  loss: 2.4650 (0.7441)  accuracy: 0.6562 (0.8314)  balanced_accuracy: 0.7344 (0.8127)  pr_auc: 0.8575 (0.8902)  roc_auc: 0.8656 (0.8951)  f1_weighted: 0.6526 (0.7651)  time: 0.0497  data: 0.0004  max mem: 312
Test:  [   590/?]  eta: ?  loss: 1.4759 (0.7650)  accuracy: 0.6562 (0.8277)  balanced_accuracy: 0.7018 (0.8090)  pr_auc: 0.8000 (0.8870)  roc_auc: 0.7537 (0.8909)  f1_weighted: 0.6190 (0.7620)  time: 0.0496  data: 0.0004  max mem: 312
Test:  [   600/?]  eta: ?  loss: 0.9322 (0.7732)  accuracy: 0.6667 (0.8260)  balanced_accuracy: 0.6678 (0.8071)  pr_auc: 0.8067 (0.8860)  roc_auc: 0.7256 (0.8889)  f1_weighted: 0.6526 (0.7600)  time: 0.0475  data: 0.0005  max mem: 312
Test:  [   610/?]  eta: ?  loss: 0.4975 (0.7788)  accuracy: 0.7604 (0.8259)  balanced_accuracy: 0.7109 (0.8067)  pr_auc: 0.8067 (0.8849)  roc_auc: 0.7256 (0.8888)  f1_weighted: 0.6667 (0.7591)  time: 0.0458  data: 0.0005  max mem: 312
Test:  [   620/?]  eta: ?  loss: 0.2917 (0.7826)  accuracy: 0.8854 (0.8262)  balanced_accuracy: 0.7500 (0.8070)  pr_auc: 0.8177 (0.8845)  roc_auc: 0.7593 (0.8892)  f1_weighted: 0.6667 (0.7593)  time: 0.0466  data: 0.0005  max mem: 312
Test:  [   630/?]  eta: ?  loss: 0.3269 (0.7850)  accuracy: 0.8646 (0.8260)  balanced_accuracy: 0.7500 (0.8064)  pr_auc: 0.9423 (0.8842)  roc_auc: 0.9045 (0.8882)  f1_weighted: 0.6667 (0.7595)  time: 0.0446  data: 0.0005  max mem: 312
Test:  [   640/?]  eta: ?  loss: 0.7525 (0.7920)  accuracy: 0.8125 (0.8253)  balanced_accuracy: 0.7500 (0.8051)  pr_auc: 0.9838 (0.8830)  roc_auc: 0.9319 (0.8856)  f1_weighted: 0.6667 (0.7593)  time: 0.0442  data: 0.0005  max mem: 312
Test:  [   650/?]  eta: ?  loss: 0.3047 (0.7935)  accuracy: 0.8438 (0.8259)  balanced_accuracy: 0.7578 (0.8061)  pr_auc: 0.9762 (0.8820)  roc_auc: 0.9185 (0.8848)  f1_weighted: 0.7059 (0.7607)  time: 0.0484  data: 0.0005  max mem: 312
Test:  [   660/?]  eta: ?  loss: 0.0373 (0.7870)  accuracy: 0.9792 (0.8275)  balanced_accuracy: 0.9375 (0.8082)  pr_auc: 0.9965 (0.8831)  roc_auc: 0.9941 (0.8863)  f1_weighted: 0.9333 (0.7633)  time: 0.0506  data: 0.0005  max mem: 312
Test:  [   670/?]  eta: ?  loss: 0.0416 (0.7774)  accuracy: 0.9792 (0.8291)  balanced_accuracy: 0.9688 (0.8103)  pr_auc: 0.9989 (0.8853)  roc_auc: 0.9990 (0.8883)  f1_weighted: 0.9677 (0.7671)  time: 0.0521  data: 0.0005  max mem: 312
Test:  [   680/?]  eta: ?  loss: 0.0416 (0.7725)  accuracy: 0.9688 (0.8295)  balanced_accuracy: 0.9766 (0.8106)  pr_auc: 1.0000 (0.8866)  roc_auc: 1.0000 (0.8889)  f1_weighted: 0.9760 (0.7689)  time: 0.0525  data: 0.0004  max mem: 312
Test:  [   690/?]  eta: ?  loss: 0.0099 (0.7637)  accuracy: 1.0000 (0.8309)  balanced_accuracy: 1.0000 (0.8123)  pr_auc: 1.0000 (0.8882)  roc_auc: 1.0000 (0.8902)  f1_weighted: 1.0000 (0.7713)  time: 0.0504  data: 0.0004  max mem: 312
Test:  [   700/?]  eta: ?  loss: 0.0230 (0.7542)  accuracy: 0.9896 (0.8321)  balanced_accuracy: 0.9844 (0.8144)  pr_auc: 1.0000 (0.8903)  roc_auc: 1.0000 (0.8923)  f1_weighted: 0.9760 (0.7738)  time: 0.0512  data: 0.0004  max mem: 312
Test:  [   710/?]  eta: ?  loss: 0.0296 (0.7457)  accuracy: 0.9792 (0.8331)  balanced_accuracy: 0.9766 (0.8165)  pr_auc: 1.0000 (0.8922)  roc_auc: 1.0000 (0.8942)  f1_weighted: 0.9697 (0.7764)  time: 0.0529  data: 0.0004  max mem: 312
Test:  [   720/?]  eta: ?  loss: 0.0292 (0.7378)  accuracy: 0.9896 (0.8346)  balanced_accuracy: 0.9839 (0.8182)  pr_auc: 1.0000 (0.8938)  roc_auc: 1.0000 (0.8956)  f1_weighted: 0.9697 (0.7791)  time: 0.0521  data: 0.0004  max mem: 312
Test:  [   730/?]  eta: ?  loss: 0.0202 (0.7297)  accuracy: 0.9792 (0.8361)  balanced_accuracy: 0.9766 (0.8203)  pr_auc: 1.0000 (0.8955)  roc_auc: 1.0000 (0.8973)  f1_weighted: 0.9697 (0.7813)  time: 0.0516  data: 0.0005  max mem: 312
Test:  [   740/?]  eta: ?  loss: 0.0393 (0.7263)  accuracy: 0.9688 (0.8365)  balanced_accuracy: 0.9766 (0.8215)  pr_auc: 1.0000 (0.8966)  roc_auc: 1.0000 (0.8984)  f1_weighted: 0.9697 (0.7830)  time: 0.0498  data: 0.0005  max mem: 312
Test:  [   750/?]  eta: ?  loss: 0.0672 (0.7212)  accuracy: 0.9583 (0.8377)  balanced_accuracy: 0.9630 (0.8228)  pr_auc: 1.0000 (0.8966)  roc_auc: 1.0000 (0.8993)  f1_weighted: 0.9697 (0.7844)  time: 0.0487  data: 0.0005  max mem: 312
Test:  [   760/?]  eta: ?  loss: 0.0805 (0.7169)  accuracy: 0.9479 (0.8383)  balanced_accuracy: 0.9375 (0.8235)  pr_auc: 1.0000 (0.8977)  roc_auc: 1.0000 (0.9005)  f1_weighted: 0.9275 (0.7853)  time: 0.0496  data: 0.0005  max mem: 312
Test:  [   770/?]  eta: ?  loss: 0.2272 (0.7159)  accuracy: 0.8750 (0.8382)  balanced_accuracy: 0.9167 (0.8235)  pr_auc: 1.0000 (0.8981)  roc_auc: 1.0000 (0.9002)  f1_weighted: 0.8649 (0.7863)  time: 0.0504  data: 0.0005  max mem: 312
Test:  [   780/?]  eta: ?  loss: 0.3274 (0.7164)  accuracy: 0.8542 (0.8380)  balanced_accuracy: 0.8864 (0.8234)  pr_auc: 0.9987 (0.8986)  roc_auc: 0.9985 (0.9000)  f1_weighted: 0.8649 (0.7868)  time: 0.0515  data: 0.0005  max mem: 312
Test:  [   790/?]  eta: ?  loss: 0.4816 (0.7148)  accuracy: 0.8438 (0.8380)  balanced_accuracy: 0.8828 (0.8233)  pr_auc: 0.9964 (0.8995)  roc_auc: 0.9918 (0.9000)  f1_weighted: 0.8101 (0.7874)  time: 0.0500  data: 0.0005  max mem: 312
Test:  [   800/?]  eta: ?  loss: 0.3856 (0.7109)  accuracy: 0.8438 (0.8385)  balanced_accuracy: 0.8672 (0.8236)  pr_auc: 0.9973 (0.9004)  roc_auc: 0.9964 (0.9008)  f1_weighted: 0.8000 (0.7875)  time: 0.0471  data: 0.0005  max mem: 312
Test:  [   810/?]  eta: ?  loss: 0.0912 (0.7067)  accuracy: 0.8958 (0.8393)  balanced_accuracy: 0.8672 (0.8246)  pr_auc: 0.9982 (0.9006)  roc_auc: 0.9971 (0.9017)  f1_weighted: 0.8000 (0.7877)  time: 0.0467  data: 0.0004  max mem: 312
Test:  [   820/?]  eta: ?  loss: 0.0372 (0.7018)  accuracy: 0.9792 (0.8403)  balanced_accuracy: 0.8984 (0.8258)  pr_auc: 1.0000 (0.9016)  roc_auc: 1.0000 (0.9026)  f1_weighted: 0.9220 (0.7895)  time: 0.0475  data: 0.0005  max mem: 312
Test:  [   830/?]  eta: ?  loss: 0.1335 (0.6986)  accuracy: 0.9583 (0.8411)  balanced_accuracy: 0.9609 (0.8269)  pr_auc: 1.0000 (0.9025)  roc_auc: 1.0000 (0.9036)  f1_weighted: 0.9767 (0.7913)  time: 0.0474  data: 0.0005  max mem: 312
Test:  [   840/?]  eta: ?  loss: 0.1963 (0.6949)  accuracy: 0.8854 (0.8416)  balanced_accuracy: 0.9844 (0.8279)  pr_auc: 1.0000 (0.9036)  roc_auc: 1.0000 (0.9045)  f1_weighted: 0.9885 (0.7931)  time: 0.0485  data: 0.0005  max mem: 312
Test:  [   850/?]  eta: ?  loss: 0.2755 (0.6925)  accuracy: 0.8750 (0.8417)  balanced_accuracy: 0.9844 (0.8283)  pr_auc: 1.0000 (0.9042)  roc_auc: 1.0000 (0.9047)  f1_weighted: 0.9921 (0.7943)  time: 0.0488  data: 0.0005  max mem: 312
Test:  [   860/?]  eta: ?  loss: 0.2274 (0.6905)  accuracy: 0.9062 (0.8422)  balanced_accuracy: 0.9219 (0.8289)  pr_auc: 0.9963 (0.9038)  roc_auc: 0.9956 (0.9047)  f1_weighted: 0.9355 (0.7950)  time: 0.0476  data: 0.0005  max mem: 312
Test:  [   870/?]  eta: ?  loss: 0.1140 (0.6885)  accuracy: 0.9062 (0.8427)  balanced_accuracy: 0.9219 (0.8296)  pr_auc: 0.9804 (0.9033)  roc_auc: 0.9814 (0.9051)  f1_weighted: 0.9032 (0.7955)  time: 0.0484  data: 0.0005  max mem: 312
Test:  [   880/?]  eta: ?  loss: 0.0609 (0.6835)  accuracy: 0.9792 (0.8436)  balanced_accuracy: 0.9688 (0.8304)  pr_auc: 0.8797 (0.9028)  roc_auc: 0.9891 (0.9055)  f1_weighted: 0.8889 (0.7963)  time: 0.0518  data: 0.0005  max mem: 312
Test:  [   890/?]  eta: ?  loss: 0.0609 (0.6785)  accuracy: 0.9479 (0.8441)  balanced_accuracy: 0.9400 (0.8313)  pr_auc: 0.8797 (0.9030)  roc_auc: 0.9705 (0.9061)  f1_weighted: 0.8235 (0.7971)  time: 0.0504  data: 0.0005  max mem: 312
Test:  [   900/?]  eta: ?  loss: 0.1387 (0.6737)  accuracy: 0.9479 (0.8449)  balanced_accuracy: 0.9400 (0.8318)  pr_auc: 0.9468 (0.9030)  roc_auc: 0.9731 (0.9065)  f1_weighted: 0.8235 (0.7974)  time: 0.0475  data: 0.0005  max mem: 312
Test:  [   910/?]  eta: ?  loss: 0.0743 (0.6703)  accuracy: 0.9583 (0.8454)  balanced_accuracy: 0.9531 (0.8320)  pr_auc: 0.9468 (0.9017)  roc_auc: 0.9783 (0.9063)  f1_weighted: 0.7941 (0.7970)  time: 0.0471  data: 0.0004  max mem: 312
Test:  [   920/?]  eta: ?  loss: 0.1493 (0.6665)  accuracy: 0.9375 (0.8460)  balanced_accuracy: 0.9467 (0.8321)  pr_auc: 0.9998 (0.9017)  roc_auc: 0.9994 (0.9068)  f1_weighted: 0.8387 (0.7970)  time: 0.0468  data: 0.0004  max mem: 312
Test:  [   930/?]  eta: ?  loss: 0.1403 (0.6613)  accuracy: 0.9375 (0.8469)  balanced_accuracy: 0.9394 (0.8331)  pr_auc: 1.0000 (0.9023)  roc_auc: 1.0000 (0.9076)  f1_weighted: 0.9153 (0.7982)  time: 0.0478  data: 0.0004  max mem: 312
Test:  [   940/?]  eta: ?  loss: 0.3010 (0.6609)  accuracy: 0.8958 (0.8468)  balanced_accuracy: 0.9062 (0.8337)  pr_auc: 0.9998 (0.9026)  roc_auc: 0.9994 (0.9082)  f1_weighted: 0.8966 (0.7980)  time: 0.0474  data: 0.0004  max mem: 312
Test:  [   950/?]  eta: ?  loss: 0.4164 (0.6609)  accuracy: 0.8333 (0.8467)  balanced_accuracy: 0.9394 (0.8336)  pr_auc: 1.0000 (0.9030)  roc_auc: 1.0000 (0.9081)  f1_weighted: 0.9355 (0.7985)  time: 0.0439  data: 0.0004  max mem: 312
Test:  [   960/?]  eta: ?  loss: 0.4164 (0.6596)  accuracy: 0.8333 (0.8467)  balanced_accuracy: 0.8750 (0.8335)  pr_auc: 1.0000 (0.9025)  roc_auc: 1.0000 (0.9082)  f1_weighted: 0.8571 (0.7984)  time: 0.0436  data: 0.0004  max mem: 312
Test:  [   970/?]  eta: ?  loss: 0.2286 (0.6598)  accuracy: 0.8333 (0.8463)  balanced_accuracy: 0.8750 (0.8337)  pr_auc: 1.0000 (0.9021)  roc_auc: 1.0000 (0.9083)  f1_weighted: 0.8571 (0.7986)  time: 0.0462  data: 0.0005  max mem: 312
Test:  [   980/?]  eta: ?  loss: 0.0613 (0.6560)  accuracy: 0.9688 (0.8469)  balanced_accuracy: 0.8980 (0.8342)  pr_auc: 1.0000 (0.9025)  roc_auc: 1.0000 (0.9088)  f1_weighted: 0.8864 (0.7992)  time: 0.0464  data: 0.0005  max mem: 312
Test:  [   990/?]  eta: ?  loss: 0.0587 (0.6535)  accuracy: 0.9688 (0.8477)  balanced_accuracy: 0.9766 (0.8352)  pr_auc: 1.0000 (0.9026)  roc_auc: 1.0000 (0.9094)  f1_weighted: 0.9552 (0.8002)  time: 0.0479  data: 0.0005  max mem: 312
Test:  [  1000/?]  eta: ?  loss: 0.1610 (0.6522)  accuracy: 0.9375 (0.8479)  balanced_accuracy: 0.9531 (0.8354)  pr_auc: 1.0000 (0.9020)  roc_auc: 1.0000 (0.9094)  f1_weighted: 0.9333 (0.8004)  time: 0.0491  data: 0.0005  max mem: 312
Test:  [  1010/?]  eta: ?  loss: 0.2459 (0.6502)  accuracy: 0.8854 (0.8480)  balanced_accuracy: 0.9086 (0.8348)  pr_auc: 1.0000 (0.9009)  roc_auc: 1.0000 (0.9093)  f1_weighted: 0.8994 (0.7994)  time: 0.0477  data: 0.0005  max mem: 312
Test:  [  1020/?]  eta: ?  loss: 0.1757 (0.6459)  accuracy: 0.9167 (0.8487)  balanced_accuracy: 0.8906 (0.8351)  pr_auc: 1.0000 (0.9007)  roc_auc: 1.0000 (0.9094)  f1_weighted: 0.8772 (0.7996)  time: 0.0459  data: 0.0005  max mem: 312
Test:  [  1030/?]  eta: ?  loss: 0.0320 (0.6425)  accuracy: 0.9792 (0.8496)  balanced_accuracy: 0.9086 (0.8364)  pr_auc: 1.0000 (0.9016)  roc_auc: 1.0000 (0.9102)  f1_weighted: 0.8994 (0.8013)  time: 0.0458  data: 0.0005  max mem: 312
Test:  [  1040/?]  eta: ?  loss: 0.0216 (0.6388)  accuracy: 0.9896 (0.8505)  balanced_accuracy: 1.0000 (0.8376)  pr_auc: 1.0000 (0.9023)  roc_auc: 1.0000 (0.9109)  f1_weighted: 1.0000 (0.8027)  time: 0.0471  data: 0.0004  max mem: 312
Test:  [  1050/?]  eta: ?  loss: 0.0099 (0.6330)  accuracy: 0.9896 (0.8519)  balanced_accuracy: 1.0000 (0.8390)  pr_auc: 1.0000 (0.9032)  roc_auc: 1.0000 (0.9117)  f1_weighted: 1.0000 (0.8043)  time: 0.0485  data: 0.0004  max mem: 312
Test:  [  1060/?]  eta: ?  loss: 0.0042 (0.6280)  accuracy: 1.0000 (0.8529)  balanced_accuracy: 0.9844 (0.8399)  pr_auc: 1.0000 (0.9039)  roc_auc: 1.0000 (0.9124)  f1_weighted: 0.9846 (0.8051)  time: 0.0492  data: 0.0005  max mem: 312
Test:  [  1070/?]  eta: ?  loss: 0.0078 (0.6241)  accuracy: 0.9792 (0.8536)  balanced_accuracy: 0.9688 (0.8400)  pr_auc: 0.9991 (0.9047)  roc_auc: 0.9995 (0.9131)  f1_weighted: 0.9355 (0.8052)  time: 0.0488  data: 0.0004  max mem: 312
Test:  [  1080/?]  eta: ?  loss: 0.0381 (0.6205)  accuracy: 0.9688 (0.8543)  balanced_accuracy: 0.8984 (0.8407)  pr_auc: 0.9982 (0.9053)  roc_auc: 0.9990 (0.9138)  f1_weighted: 0.8529 (0.8058)  time: 0.0494  data: 0.0005  max mem: 312
Test:  [  1090/?]  eta: ?  loss: 0.0646 (0.6160)  accuracy: 0.9583 (0.8553)  balanced_accuracy: 0.9297 (0.8419)  pr_auc: 1.0000 (0.9063)  roc_auc: 1.0000 (0.9147)  f1_weighted: 0.8772 (0.8072)  time: 0.0512  data: 0.0005  max mem: 312
Test:  [  1100/?]  eta: ?  loss: 0.0296 (0.6112)  accuracy: 0.9896 (0.8563)  balanced_accuracy: 0.9688 (0.8432)  pr_auc: 1.0000 (0.9072)  roc_auc: 1.0000 (0.9156)  f1_weighted: 0.9677 (0.8088)  time: 0.0509  data: 0.0004  max mem: 312
Test:  [  1110/?]  eta: ?  loss: 0.0082 (0.6060)  accuracy: 1.0000 (0.8575)  balanced_accuracy: 0.9844 (0.8446)  pr_auc: 1.0000 (0.9081)  roc_auc: 1.0000 (0.9164)  f1_weighted: 0.9841 (0.8105)  time: 0.0500  data: 0.0004  max mem: 312
Test:  [  1120/?]  eta: ?  loss: 0.0228 (0.6036)  accuracy: 0.9896 (0.8577)  balanced_accuracy: 0.9688 (0.8447)  pr_auc: 1.0000 (0.9082)  roc_auc: 1.0000 (0.9165)  f1_weighted: 0.9677 (0.8109)  time: 0.0513  data: 0.0004  max mem: 312
Test:  [  1130/?]  eta: ?  loss: 0.0387 (0.6013)  accuracy: 0.9479 (0.8579)  balanced_accuracy: 0.9609 (0.8444)  pr_auc: 1.0000 (0.9084)  roc_auc: 1.0000 (0.9163)  f1_weighted: 0.9423 (0.8107)  time: 0.0515  data: 0.0004  max mem: 312
Test:  [  1140/?]  eta: ?  loss: 0.0144 (0.5963)  accuracy: 0.9896 (0.8591)  balanced_accuracy: 0.9688 (0.8455)  pr_auc: 1.0000 (0.9091)  roc_auc: 1.0000 (0.9169)  f1_weighted: 0.9677 (0.8120)  time: 0.0488  data: 0.0004  max mem: 312
Test:  [  1150/?]  eta: ?  loss: 0.0131 (0.5915)  accuracy: 1.0000 (0.8601)  balanced_accuracy: 0.9792 (0.8464)  pr_auc: 1.0000 (0.9096)  roc_auc: 1.0000 (0.9174)  f1_weighted: 0.9787 (0.8131)  time: 0.0461  data: 0.0004  max mem: 312
Test:  [  1160/?]  eta: ?  loss: 0.0101 (0.5865)  accuracy: 1.0000 (0.8613)  balanced_accuracy: 1.0000 (0.8471)  pr_auc: 1.0000 (0.9100)  roc_auc: 1.0000 (0.9178)  f1_weighted: 1.0000 (0.8140)  time: 0.0442  data: 0.0004  max mem: 312
Test:  [  1170/?]  eta: ?  loss: 0.0101 (0.5822)  accuracy: 1.0000 (0.8623)  balanced_accuracy: 1.0000 (0.8474)  pr_auc: 1.0000 (0.9104)  roc_auc: 1.0000 (0.9181)  f1_weighted: 1.0000 (0.8144)  time: 0.0426  data: 0.0004  max mem: 312
Test:  [  1180/?]  eta: ?  loss: 0.0221 (0.5778)  accuracy: 0.9896 (0.8632)  balanced_accuracy: 1.0000 (0.8479)  pr_auc: 1.0000 (0.9107)  roc_auc: 1.0000 (0.9184)  f1_weighted: 1.0000 (0.8151)  time: 0.0416  data: 0.0004  max mem: 312
Test:  [  1190/?]  eta: ?  loss: 0.0140 (0.5737)  accuracy: 0.9896 (0.8641)  balanced_accuracy: 0.9896 (0.8488)  pr_auc: 1.0000 (0.9113)  roc_auc: 1.0000 (0.9190)  f1_weighted: 0.9897 (0.8162)  time: 0.0442  data: 0.0004  max mem: 312
Test:  [  1200/?]  eta: ?  loss: 0.0041 (0.5691)  accuracy: 1.0000 (0.8652)  balanced_accuracy: 0.9896 (0.8495)  pr_auc: 1.0000 (0.9117)  roc_auc: 1.0000 (0.9193)  f1_weighted: 0.9897 (0.8170)  time: 0.0451  data: 0.0004  max mem: 312
Test:  [  1210/?]  eta: ?  loss: 0.0152 (0.5647)  accuracy: 1.0000 (0.8662)  balanced_accuracy: 0.9896 (0.8501)  pr_auc: 1.0000 (0.9121)  roc_auc: 1.0000 (0.9197)  f1_weighted: 0.9897 (0.8177)  time: 0.0431  data: 0.0004  max mem: 312
Test:  [  1220/?]  eta: ?  loss: 0.0178 (0.5659)  accuracy: 1.0000 (0.8663)  balanced_accuracy: 1.0000 (0.8499)  pr_auc: 1.0000 (0.9115)  roc_auc: 1.0000 (0.9186)  f1_weighted: 1.0000 (0.8166)  time: 0.0454  data: 0.0004  max mem: 312
Test:  [  1230/?]  eta: ?  loss: 0.0394 (0.5667)  accuracy: 0.9896 (0.8664)  balanced_accuracy: 0.9900 (0.8496)  pr_auc: 1.0000 (0.9110)  roc_auc: 1.0000 (0.9182)  f1_weighted: 0.9899 (0.8153)  time: 0.0487  data: 0.0004  max mem: 312
Test:  [  1240/?]  eta: ?  loss: 0.1564 (0.5687)  accuracy: 0.9583 (0.8664)  balanced_accuracy: 0.9167 (0.8490)  pr_auc: 1.0000 (0.9115)  roc_auc: 1.0000 (0.9187)  f1_weighted: 0.9231 (0.8138)  time: 0.0482  data: 0.0004  max mem: 312
Test:  [  1250/?]  eta: ?  loss: 0.1564 (0.5709)  accuracy: 0.9583 (0.8662)  balanced_accuracy: 0.8021 (0.8483)  pr_auc: 0.9988 (0.9119)  roc_auc: 0.9987 (0.9190)  f1_weighted: 0.7595 (0.8120)  time: 0.0473  data: 0.0004  max mem: 312
Test:  [  1260/?]  eta: ?  loss: 0.1123 (0.5709)  accuracy: 0.9271 (0.8663)  balanced_accuracy: 0.8125 (0.8482)  pr_auc: 0.9847 (0.9114)  roc_auc: 0.9822 (0.9192)  f1_weighted: 0.7692 (0.8112)  time: 0.0484  data: 0.0004  max mem: 312
Test:  [  1270/?]  eta: ?  loss: 0.1482 (0.5732)  accuracy: 0.9479 (0.8662)  balanced_accuracy: 0.8333 (0.8487)  pr_auc: 0.9855 (0.9118)  roc_auc: 0.9822 (0.9195)  f1_weighted: 0.8000 (0.8119)  time: 0.0460  data: 0.0004  max mem: 312
Test:  [  1280/?]  eta: ?  loss: 0.2633 (0.5750)  accuracy: 0.9167 (0.8659)  balanced_accuracy: 0.8333 (0.8484)  pr_auc: 0.9855 (0.9120)  roc_auc: 0.9818 (0.9195)  f1_weighted: 0.8293 (0.8116)  time: 0.0433  data: 0.0004  max mem: 312
Test:  [  1290/?]  eta: ?  loss: 0.1228 (0.5715)  accuracy: 0.9167 (0.8666)  balanced_accuracy: 0.9167 (0.8489)  pr_auc: 0.9885 (0.9124)  roc_auc: 0.9822 (0.9199)  f1_weighted: 0.8571 (0.8123)  time: 0.0441  data: 0.0004  max mem: 312
Test:  [  1300/?]  eta: ?  loss: 0.0706 (0.5727)  accuracy: 0.9583 (0.8662)  balanced_accuracy: 0.8542 (0.8485)  pr_auc: 1.0000 (0.9130)  roc_auc: 1.0000 (0.9205)  f1_weighted: 0.9091 (0.8127)  time: 0.0461  data: 0.0004  max mem: 312
Test:  [  1310/?]  eta: ?  loss: 0.1886 (0.5727)  accuracy: 0.8646 (0.8663)  balanced_accuracy: 0.8646 (0.8482)  pr_auc: 1.0000 (0.9132)  roc_auc: 1.0000 (0.9203)  f1_weighted: 0.9153 (0.8133)  time: 0.0484  data: 0.0004  max mem: 312
Test:  [  1320/?]  eta: ?  loss: 0.1051 (0.5735)  accuracy: 0.9271 (0.8663)  balanced_accuracy: 0.9271 (0.8485)  pr_auc: 1.0000 (0.9128)  roc_auc: 1.0000 (0.9201)  f1_weighted: 0.9213 (0.8139)  time: 0.0497  data: 0.0004  max mem: 312
Test:  [  1330/?]  eta: ?  loss: 0.1946 (0.5772)  accuracy: 0.8958 (0.8660)  balanced_accuracy: 0.9896 (0.8490)  pr_auc: 1.0000 (0.9133)  roc_auc: 1.0000 (0.9206)  f1_weighted: 0.9895 (0.8143)  time: 0.0485  data: 0.0004  max mem: 312
Test:  [  1340/?]  eta: ?  loss: 0.1521 (0.5822)  accuracy: 0.9167 (0.8656)  balanced_accuracy: 1.0000 (0.8497)  pr_auc: 1.0000 (0.9131)  roc_auc: 1.0000 (0.9208)  f1_weighted: 1.0000 (0.8151)  time: 0.0471  data: 0.0004  max mem: 312
Test:  [  1350/?]  eta: ?  loss: 0.0954 (0.5816)  accuracy: 0.9375 (0.8656)  balanced_accuracy: 1.0000 (0.8499)  pr_auc: 1.0000 (0.9132)  roc_auc: 1.0000 (0.9209)  f1_weighted: 1.0000 (0.8153)  time: 0.0439  data: 0.0004  max mem: 312
Test:  [  1360/?]  eta: ?  loss: 0.3374 (0.5809)  accuracy: 0.8542 (0.8656)  balanced_accuracy: 1.0000 (0.8501)  pr_auc: 1.0000 (0.9133)  roc_auc: 1.0000 (0.9210)  f1_weighted: 1.0000 (0.8155)  time: 0.0399  data: 0.0004  max mem: 312
Test:  [  1370/?]  eta: ?  loss: 0.3374 (0.5817)  accuracy: 0.8646 (0.8654)  balanced_accuracy: 1.0000 (0.8503)  pr_auc: 1.0000 (0.9135)  roc_auc: 1.0000 (0.9211)  f1_weighted: 1.0000 (0.8158)  time: 0.0401  data: 0.0004  max mem: 312
Test:  [  1380/?]  eta: ?  loss: 0.2409 (0.5799)  accuracy: 0.8958 (0.8656)  balanced_accuracy: 1.0000 (0.8507)  pr_auc: 1.0000 (0.9138)  roc_auc: 1.0000 (0.9214)  f1_weighted: 1.0000 (0.8163)  time: 0.0416  data: 0.0005  max mem: 312
Test:  [  1390/?]  eta: ?  loss: 0.1386 (0.5774)  accuracy: 0.8958 (0.8660)  balanced_accuracy: 1.0000 (0.8509)  pr_auc: 1.0000 (0.9140)  roc_auc: 1.0000 (0.9215)  f1_weighted: 1.0000 (0.8165)  time: 0.0413  data: 0.0005  max mem: 312
Test:  [  1400/?]  eta: ?  loss: 0.1012 (0.5750)  accuracy: 0.9479 (0.8664)  balanced_accuracy: 0.9914 (0.8513)  pr_auc: 1.0000 (0.9142)  roc_auc: 1.0000 (0.9218)  f1_weighted: 0.9910 (0.8169)  time: 0.0424  data: 0.0005  max mem: 312
Test:  [  1410/?]  eta: ?  loss: 0.0385 (0.5737)  accuracy: 0.9688 (0.8665)  balanced_accuracy: 0.9896 (0.8512)  pr_auc: 1.0000 (0.9142)  roc_auc: 1.0000 (0.9220)  f1_weighted: 0.9888 (0.8167)  time: 0.0448  data: 0.0004  max mem: 312
Test:  [  1420/?]  eta: ?  loss: 0.0304 (0.5733)  accuracy: 0.9792 (0.8665)  balanced_accuracy: 0.9688 (0.8512)  pr_auc: 1.0000 (0.9135)  roc_auc: 1.0000 (0.9218)  f1_weighted: 0.9677 (0.8161)  time: 0.0449  data: 0.0004  max mem: 312
Test:  [  1430/?]  eta: ?  loss: 0.0250 (0.5705)  accuracy: 0.9896 (0.8671)  balanced_accuracy: 0.9688 (0.8519)  pr_auc: 1.0000 (0.9139)  roc_auc: 1.0000 (0.9222)  f1_weighted: 0.9677 (0.8171)  time: 0.0459  data: 0.0004  max mem: 312
Test:  [  1440/?]  eta: ?  loss: 0.0469 (0.5679)  accuracy: 0.9792 (0.8676)  balanced_accuracy: 0.9688 (0.8523)  pr_auc: 1.0000 (0.9141)  roc_auc: 1.0000 (0.9224)  f1_weighted: 0.9677 (0.8174)  time: 0.0444  data: 0.0004  max mem: 312
Test:  [  1450/?]  eta: ?  loss: 0.1744 (0.5667)  accuracy: 0.9375 (0.8677)  balanced_accuracy: 0.9688 (0.8525)  pr_auc: 1.0000 (0.9145)  roc_auc: 1.0000 (0.9227)  f1_weighted: 0.9677 (0.8176)  time: 0.0422  data: 0.0004  max mem: 312
Test:  [  1460/?]  eta: ?  loss: 0.2808 (0.5658)  accuracy: 0.8958 (0.8677)  balanced_accuracy: 0.9271 (0.8526)  pr_auc: 0.9988 (0.9149)  roc_auc: 0.9987 (0.9231)  f1_weighted: 0.9213 (0.8173)  time: 0.0451  data: 0.0004  max mem: 312
Test:  [  1470/?]  eta: ?  loss: 0.2808 (0.5651)  accuracy: 0.9062 (0.8679)  balanced_accuracy: 0.9211 (0.8524)  pr_auc: 0.9988 (0.9153)  roc_auc: 0.9987 (0.9234)  f1_weighted: 0.8837 (0.8166)  time: 0.0463  data: 0.0004  max mem: 312
Test:  [  1480/?]  eta: ?  loss: 0.1110 (0.5641)  accuracy: 0.9271 (0.8680)  balanced_accuracy: 0.8958 (0.8528)  pr_auc: 0.9970 (0.9155)  roc_auc: 0.9984 (0.9237)  f1_weighted: 0.8837 (0.8172)  time: 0.0450  data: 0.0004  max mem: 312
Test:  [  1490/?]  eta: ?  loss: 0.0517 (0.5647)  accuracy: 0.9479 (0.8681)  balanced_accuracy: 0.8854 (0.8527)  pr_auc: 0.9955 (0.9157)  roc_auc: 0.9984 (0.9237)  f1_weighted: 0.8932 (0.8177)  time: 0.0464  data: 0.0004  max mem: 312
Test:  [  1500/?]  eta: ?  loss: 0.0517 (0.5665)  accuracy: 0.9479 (0.8678)  balanced_accuracy: 0.8854 (0.8524)  pr_auc: 0.9901 (0.9148)  roc_auc: 0.9896 (0.9233)  f1_weighted: 0.8932 (0.8172)  time: 0.0478  data: 0.0005  max mem: 312
Test:  [  1510/?]  eta: ?  loss: 0.1084 (0.5649)  accuracy: 0.9167 (0.8680)  balanced_accuracy: 0.9271 (0.8526)  pr_auc: 0.9901 (0.9150)  roc_auc: 0.9896 (0.9234)  f1_weighted: 0.9307 (0.8176)  time: 0.0461  data: 0.0004  max mem: 312
Test:  [  1520/?]  eta: ?  loss: 0.1680 (0.5635)  accuracy: 0.9167 (0.8681)  balanced_accuracy: 0.9375 (0.8532)  pr_auc: 0.9992 (0.9155)  roc_auc: 0.9991 (0.9238)  f1_weighted: 0.9143 (0.8178)  time: 0.0463  data: 0.0004  max mem: 312
Test:  [  1530/?]  eta: ?  loss: 0.2337 (0.5664)  accuracy: 0.8958 (0.8675)  balanced_accuracy: 0.8958 (0.8525)  pr_auc: 0.9946 (0.9158)  roc_auc: 0.9944 (0.9238)  f1_weighted: 0.8293 (0.8175)  time: 0.0465  data: 0.0004  max mem: 312
Test:  [  1540/?]  eta: ?  loss: 0.6129 (0.5673)  accuracy: 0.7812 (0.8671)  balanced_accuracy: 0.9062 (0.8518)  pr_auc: 0.9992 (0.9162)  roc_auc: 0.9991 (0.9241)  f1_weighted: 0.8293 (0.8168)  time: 0.0451  data: 0.0004  max mem: 312
Test:  [  1550/?]  eta: ?  loss: 0.1275 (0.5691)  accuracy: 0.8854 (0.8665)  balanced_accuracy: 0.8125 (0.8511)  pr_auc: 0.9992 (0.9165)  roc_auc: 0.9991 (0.9244)  f1_weighted: 0.7692 (0.8149)  time: 0.0439  data: 0.0004  max mem: 312
Test:  [  1560/?]  eta: ?  loss: 0.1385 (0.5708)  accuracy: 0.9375 (0.8662)  balanced_accuracy: 0.6771 (0.8503)  pr_auc: 0.9967 (0.9159)  roc_auc: 0.9970 (0.9241)  f1_weighted: 0.6667 (0.8128)  time: 0.0428  data: 0.0004  max mem: 312
Test:  [  1570/?]  eta: ?  loss: 0.1566 (0.5739)  accuracy: 0.9375 (0.8656)  balanced_accuracy: 0.5208 (0.8488)  pr_auc: 0.9954 (0.9160)  roc_auc: 0.9970 (0.9241)  f1_weighted: 0.3448 (0.8106)  time: 0.0438  data: 0.0004  max mem: 312
Test:  [  1580/?]  eta: ?  loss: 0.0795 (0.5749)  accuracy: 0.9583 (0.8654)  balanced_accuracy: 0.5208 (0.8484)  pr_auc: 0.9954 (0.9161)  roc_auc: 0.9970 (0.9242)  f1_weighted: 0.3377 (0.8097)  time: 0.0425  data: 0.0004  max mem: 312
Test:  [  1590/?]  eta: ?  loss: 0.0143 (0.5737)  accuracy: 0.9896 (0.8657)  balanced_accuracy: 0.5521 (0.8481)  pr_auc: 0.9954 (0.9164)  roc_auc: 0.9970 (0.9244)  f1_weighted: 0.3448 (0.8091)  time: 0.0417  data: 0.0004  max mem: 312
Test:  [  1600/?]  eta: ?  loss: 0.0283 (0.5744)  accuracy: 0.9896 (0.8656)  balanced_accuracy: 0.6042 (0.8475)  pr_auc: 0.9768 (0.9155)  roc_auc: 0.9766 (0.9245)  f1_weighted: 0.3448 (0.8075)  time: 0.0439  data: 0.0004  max mem: 312
Test:  [  1610/?]  eta: ?  loss: 0.0147 (0.5733)  accuracy: 0.9896 (0.8658)  balanced_accuracy: 0.6250 (0.8471)  pr_auc: 0.9934 (0.9158)  roc_auc: 0.9776 (0.9245)  f1_weighted: 0.5231 (0.8071)  time: 0.0448  data: 0.0004  max mem: 312
Test:  [  1620/?]  eta: ?  loss: 0.0227 (0.5730)  accuracy: 0.9896 (0.8658)  balanced_accuracy: 0.7708 (0.8473)  pr_auc: 1.0000 (0.9162)  roc_auc: 1.0000 (0.9249)  f1_weighted: 0.7200 (0.8073)  time: 0.0458  data: 0.0004  max mem: 312
Test:  [  1630/?]  eta: ?  loss: 0.0904 (0.5727)  accuracy: 0.9583 (0.8659)  balanced_accuracy: 0.8750 (0.8478)  pr_auc: 1.0000 (0.9167)  roc_auc: 1.0000 (0.9253)  f1_weighted: 0.9231 (0.8079)  time: 0.0468  data: 0.0004  max mem: 312
Test:  [  1640/?]  eta: ?  loss: 0.0350 (0.5713)  accuracy: 0.9688 (0.8663)  balanced_accuracy: 0.9688 (0.8486)  pr_auc: 1.0000 (0.9172)  roc_auc: 1.0000 (0.9257)  f1_weighted: 0.9697 (0.8089)  time: 0.0473  data: 0.0005  max mem: 312
Test:  [  1650/?]  eta: ?  loss: 0.0148 (0.5726)  accuracy: 0.9896 (0.8663)  balanced_accuracy: 0.9926 (0.8491)  pr_auc: 1.0000 (0.9175)  roc_auc: 1.0000 (0.9260)  f1_weighted: 0.9926 (0.8095)  time: 0.0459  data: 0.0005  max mem: 312
Test:  [  1660/?]  eta: ?  loss: 0.0100 (0.5701)  accuracy: 0.9896 (0.8668)  balanced_accuracy: 0.9896 (0.8498)  pr_auc: 1.0000 (0.9179)  roc_auc: 1.0000 (0.9264)  f1_weighted: 0.9897 (0.8105)  time: 0.0454  data: 0.0004  max mem: 312
Test:  [  1670/?]  eta: ?  loss: 0.0100 (0.5678)  accuracy: 0.9896 (0.8673)  balanced_accuracy: 0.9896 (0.8505)  pr_auc: 1.0000 (0.9185)  roc_auc: 1.0000 (0.9268)  f1_weighted: 0.9897 (0.8114)  time: 0.0479  data: 0.0004  max mem: 312
Test:  [  1680/?]  eta: ?  loss: 0.0336 (0.5668)  accuracy: 0.9896 (0.8675)  balanced_accuracy: 0.9917 (0.8510)  pr_auc: 1.0000 (0.9188)  roc_auc: 1.0000 (0.9272)  f1_weighted: 0.9897 (0.8120)  time: 0.0469  data: 0.0004  max mem: 312
Test:  [  1690/?]  eta: ?  loss: 0.0510 (0.5658)  accuracy: 0.9792 (0.8676)  balanced_accuracy: 0.9792 (0.8513)  pr_auc: 1.0000 (0.9191)  roc_auc: 1.0000 (0.9275)  f1_weighted: 0.9787 (0.8123)  time: 0.0464  data: 0.0004  max mem: 312
Test:  [  1700/?]  eta: ?  loss: 0.0912 (0.5642)  accuracy: 0.9792 (0.8678)  balanced_accuracy: 0.9792 (0.8515)  pr_auc: 1.0000 (0.9192)  roc_auc: 1.0000 (0.9277)  f1_weighted: 0.9787 (0.8127)  time: 0.0446  data: 0.0004  max mem: 312
Test:  [  1710/?]  eta: ?  loss: 0.0425 (0.5620)  accuracy: 0.9792 (0.8682)  balanced_accuracy: 0.9792 (0.8519)  pr_auc: 1.0000 (0.9196)  roc_auc: 1.0000 (0.9280)  f1_weighted: 0.9787 (0.8132)  time: 0.0429  data: 0.0004  max mem: 312
Test:  [  1720/?]  eta: ?  loss: 0.0077 (0.5593)  accuracy: 0.9896 (0.8687)  balanced_accuracy: 0.9792 (0.8522)  pr_auc: 1.0000 (0.9199)  roc_auc: 1.0000 (0.9283)  f1_weighted: 0.9787 (0.8137)  time: 0.0441  data: 0.0004  max mem: 312
Test:  [  1730/?]  eta: ?  loss: 0.0050 (0.5572)  accuracy: 1.0000 (0.8691)  balanced_accuracy: 0.9818 (0.8528)  pr_auc: 1.0000 (0.9203)  roc_auc: 1.0000 (0.9286)  f1_weighted: 0.9787 (0.8141)  time: 0.0449  data: 0.0004  max mem: 312
Test:  [  1740/?]  eta: ?  loss: 0.0040 (0.5561)  accuracy: 1.0000 (0.8692)  balanced_accuracy: 1.0000 (0.8532)  pr_auc: 1.0000 (0.9206)  roc_auc: 1.0000 (0.9289)  f1_weighted: 1.0000 (0.8146)  time: 0.0449  data: 0.0004  max mem: 312
Test:  [  1750/?]  eta: ?  loss: 0.0099 (0.5535)  accuracy: 0.9896 (0.8698)  balanced_accuracy: 1.0000 (0.8542)  pr_auc: 1.0000 (0.9212)  roc_auc: 1.0000 (0.9295)  f1_weighted: 1.0000 (0.8158)  time: 0.0473  data: 0.0004  max mem: 312
Test:  [  1760/?]  eta: ?  loss: 0.0093 (0.5543)  accuracy: 1.0000 (0.8698)  balanced_accuracy: 1.0000 (0.8541)  pr_auc: 1.0000 (0.9208)  roc_auc: 1.0000 (0.9292)  f1_weighted: 1.0000 (0.8160)  time: 0.0494  data: 0.0004  max mem: 312
Test:  [  1770/?]  eta: ?  loss: 0.0315 (0.5542)  accuracy: 0.9792 (0.8698)  balanced_accuracy: 0.9861 (0.8539)  pr_auc: 1.0000 (0.9209)  roc_auc: 1.0000 (0.9290)  f1_weighted: 0.9859 (0.8164)  time: 0.0490  data: 0.0004  max mem: 312
Test:  [  1780/?]  eta: ?  loss: 0.3696 (0.5549)  accuracy: 0.8750 (0.8694)  balanced_accuracy: 0.7604 (0.8530)  pr_auc: 0.9991 (0.9207)  roc_auc: 0.9991 (0.9286)  f1_weighted: 0.7231 (0.8157)  time: 0.0493  data: 0.0004  max mem: 312
Test:  [  1790/?]  eta: ?  loss: 0.0886 (0.5532)  accuracy: 0.9271 (0.8697)  balanced_accuracy: 0.7742 (0.8532)  pr_auc: 0.9991 (0.9209)  roc_auc: 0.9991 (0.9289)  f1_weighted: 0.8571 (0.8162)  time: 0.0473  data: 0.0004  max mem: 312
Test:  [  1800/?]  eta: ?  loss: 0.0210 (0.5507)  accuracy: 0.9896 (0.8702)  balanced_accuracy: 0.9271 (0.8540)  pr_auc: 1.0000 (0.9215)  roc_auc: 1.0000 (0.9294)  f1_weighted: 0.9213 (0.8173)  time: 0.0492  data: 0.0004  max mem: 312
Test:  [  1810/?]  eta: ?  loss: 0.0150 (0.5507)  accuracy: 0.9896 (0.8703)  balanced_accuracy: 0.9896 (0.8543)  pr_auc: 1.0000 (0.9218)  roc_auc: 1.0000 (0.9296)  f1_weighted: 0.9895 (0.8177)  time: 0.0487  data: 0.0004  max mem: 312
Test:  [  1820/?]  eta: ?  loss: 0.0143 (0.5520)  accuracy: 0.9896 (0.8704)  balanced_accuracy: 0.9896 (0.8546)  pr_auc: 1.0000 (0.9220)  roc_auc: 1.0000 (0.9298)  f1_weighted: 0.9895 (0.8182)  time: 0.0446  data: 0.0005  max mem: 312
Test:  [  1830/?]  eta: ?  loss: 0.0107 (0.5531)  accuracy: 0.9896 (0.8703)  balanced_accuracy: 0.9896 (0.8540)  pr_auc: 1.0000 (0.9216)  roc_auc: 1.0000 (0.9296)  f1_weighted: 0.9895 (0.8169)  time: 0.0415  data: 0.0004  max mem: 312
Test:  [  1840/?]  eta: ?  loss: 0.0092 (0.5510)  accuracy: 1.0000 (0.8707)  balanced_accuracy: 0.9792 (0.8541)  pr_auc: 1.0000 (0.9218)  roc_auc: 1.0000 (0.9298)  f1_weighted: 0.9787 (0.8170)  time: 0.0408  data: 0.0004  max mem: 312
Test:  [  1850/?]  eta: ?  loss: 0.0112 (0.5484)  accuracy: 1.0000 (0.8713)  balanced_accuracy: 0.9792 (0.8542)  pr_auc: 1.0000 (0.9220)  roc_auc: 1.0000 (0.9300)  f1_weighted: 0.9787 (0.8172)  time: 0.0428  data: 0.0004  max mem: 312
Test:  [  1860/?]  eta: ?  loss: 0.0054 (0.5464)  accuracy: 1.0000 (0.8717)  balanced_accuracy: 0.9688 (0.8542)  pr_auc: 1.0000 (0.9223)  roc_auc: 1.0000 (0.9302)  f1_weighted: 0.9697 (0.8170)  time: 0.0436  data: 0.0005  max mem: 312
Test:  [  1870/?]  eta: ?  loss: 0.0037 (0.5449)  accuracy: 1.0000 (0.8717)  balanced_accuracy: 0.9506 (0.8542)  pr_auc: 1.0000 (0.9225)  roc_auc: 1.0000 (0.9304)  f1_weighted: 0.9438 (0.8171)  time: 0.0427  data: 0.0004  max mem: 312
Test:  [  1880/?]  eta: ?  loss: 0.0515 (0.5436)  accuracy: 0.9688 (0.8717)  balanced_accuracy: 0.8333 (0.8543)  pr_auc: 1.0000 (0.9225)  roc_auc: 1.0000 (0.9304)  f1_weighted: 0.8000 (0.8171)  time: 0.0431  data: 0.0004  max mem: 312
Test:  [  1890/?]  eta: ?  loss: 0.1163 (0.5443)  accuracy: 0.8854 (0.8713)  balanced_accuracy: 0.8333 (0.8542)  pr_auc: 1.0000 (0.9226)  roc_auc: 1.0000 (0.9304)  f1_weighted: 0.8000 (0.8170)  time: 0.0440  data: 0.0004  max mem: 312
Test:  [  1900/?]  eta: ?  loss: 0.1227 (0.5465)  accuracy: 0.9167 (0.8708)  balanced_accuracy: 0.9167 (0.8543)  pr_auc: 1.0000 (0.9228)  roc_auc: 1.0000 (0.9306)  f1_weighted: 0.9091 (0.8170)  time: 0.0438  data: 0.0004  max mem: 312
Test:  [  1910/?]  eta: ?  loss: 0.2681 (0.5469)  accuracy: 0.7812 (0.8705)  balanced_accuracy: 0.8333 (0.8542)  pr_auc: 0.9983 (0.9232)  roc_auc: 0.9983 (0.9310)  f1_weighted: 0.7733 (0.8168)  time: 0.0463  data: 0.0004  max mem: 312
Test:  [  1920/?]  eta: ?  loss: 0.3443 (0.5462)  accuracy: 0.8229 (0.8705)  balanced_accuracy: 0.8646 (0.8542)  pr_auc: 0.9996 (0.9237)  roc_auc: 0.9996 (0.9314)  f1_weighted: 0.8000 (0.8167)  time: 0.0486  data: 0.0004  max mem: 312
Test:  [  1930/?]  eta: ?  loss: 0.0138 (0.5456)  accuracy: 0.9896 (0.8705)  balanced_accuracy: 0.8333 (0.8541)  pr_auc: 1.0000 (0.9235)  roc_auc: 1.0000 (0.9312)  f1_weighted: 0.8000 (0.8167)  time: 0.0476  data: 0.0004  max mem: 312
Test:  [  1940/?]  eta: ?  loss: 0.0138 (0.5443)  accuracy: 0.9688 (0.8707)  balanced_accuracy: 0.8646 (0.8542)  pr_auc: 1.0000 (0.9238)  roc_auc: 1.0000 (0.9314)  f1_weighted: 0.8434 (0.8168)  time: 0.0476  data: 0.0004  max mem: 312
Test:  [  1950/?]  eta: ?  loss: 0.0946 (0.5429)  accuracy: 0.9583 (0.8710)  balanced_accuracy: 0.9375 (0.8544)  pr_auc: 1.0000 (0.9240)  roc_auc: 1.0000 (0.9316)  f1_weighted: 0.9451 (0.8171)  time: 0.0473  data: 0.0004  max mem: 312
Test:  [  1960/?]  eta: ?  loss: 0.0316 (0.5406)  accuracy: 0.9792 (0.8715)  balanced_accuracy: 0.9375 (0.8549)  pr_auc: 1.0000 (0.9244)  roc_auc: 1.0000 (0.9319)  f1_weighted: 0.9451 (0.8177)  time: 0.0465  data: 0.0004  max mem: 312
Test:  [  1970/?]  eta: ?  loss: 0.0074 (0.5400)  accuracy: 0.9896 (0.8715)  balanced_accuracy: 0.9167 (0.8546)  pr_auc: 1.0000 (0.9246)  roc_auc: 1.0000 (0.9322)  f1_weighted: 0.9091 (0.8169)  time: 0.0476  data: 0.0004  max mem: 312
Test:  [  1980/?]  eta: ?  loss: 0.2289 (0.5388)  accuracy: 0.9062 (0.8716)  balanced_accuracy: 0.9062 (0.8544)  pr_auc: 1.0000 (0.9248)  roc_auc: 1.0000 (0.9324)  f1_weighted: 0.8966 (0.8167)  time: 0.0468  data: 0.0004  max mem: 312
Test:  [  1990/?]  eta: ?  loss: 0.3165 (0.5388)  accuracy: 0.9062 (0.8717)  balanced_accuracy: 0.8542 (0.8541)  pr_auc: 0.9947 (0.9238)  roc_auc: 0.9939 (0.9312)  f1_weighted: 0.8293 (0.8158)  time: 0.0469  data: 0.0004  max mem: 312
Test:  [  2000/?]  eta: ?  loss: 0.2010 (0.5438)  accuracy: 0.9062 (0.8708)  balanced_accuracy: 0.8438 (0.8525)  pr_auc: 0.9920 (0.9221)  roc_auc: 0.9883 (0.9288)  f1_weighted: 0.8276 (0.8136)  time: 0.0484  data: 0.0004  max mem: 312
Test:  [  2010/?]  eta: ?  loss: 0.1215 (0.5434)  accuracy: 0.9375 (0.8708)  balanced_accuracy: 0.9062 (0.8520)  pr_auc: 0.9920 (0.9213)  roc_auc: 0.9883 (0.9278)  f1_weighted: 0.8966 (0.8129)  time: 0.0475  data: 0.0004  max mem: 312
Test:  [  2020/?]  eta: ?  loss: 0.0151 (0.5442)  accuracy: 0.9792 (0.8705)  balanced_accuracy: 0.9062 (0.8511)  pr_auc: 0.9247 (0.9205)  roc_auc: 0.9761 (0.9266)  f1_weighted: 0.8989 (0.8123)  time: 0.0462  data: 0.0004  max mem: 312
Test:  [  2030/?]  eta: ?  loss: 0.0781 (0.5469)  accuracy: 0.9688 (0.8699)  balanced_accuracy: 0.9479 (0.8501)  pr_auc: 0.9991 (0.9197)  roc_auc: 0.9991 (0.9253)  f1_weighted: 0.9451 (0.8114)  time: 0.0458  data: 0.0005  max mem: 312
Test:  [  2040/?]  eta: ?  loss: 0.1741 (0.5488)  accuracy: 0.9375 (0.8696)  balanced_accuracy: 0.9479 (0.8495)  pr_auc: 0.9904 (0.9199)  roc_auc: 0.9905 (0.9252)  f1_weighted: 0.9451 (0.8103)  time: 0.0479  data: 0.0005  max mem: 312
Test:  [  2050/?]  eta: ?  loss: 0.1741 (0.5489)  accuracy: 0.8542 (0.8696)  balanced_accuracy: 0.9479 (0.8496)  pr_auc: 0.9910 (0.9203)  roc_auc: 0.9918 (0.9255)  f1_weighted: 0.9485 (0.8110)  time: 0.0501  data: 0.0004  max mem: 312
Test:  [  2060/?]  eta: ?  loss: 0.0476 (0.5488)  accuracy: 0.9792 (0.8697)  balanced_accuracy: 0.9792 (0.8498)  pr_auc: 0.9984 (0.9206)  roc_auc: 0.9983 (0.9258)  f1_weighted: 0.9792 (0.8116)  time: 0.0508  data: 0.0004  max mem: 312
Test:  [  2070/?]  eta: ?  loss: 0.0054 (0.5475)  accuracy: 1.0000 (0.8700)  balanced_accuracy: 0.9896 (0.8502)  pr_auc: 1.0000 (0.9209)  roc_auc: 1.0000 (0.9261)  f1_weighted: 0.9895 (0.8123)  time: 0.0487  data: 0.0004  max mem: 312
Test:  [  2080/?]  eta: ?  loss: 0.0056 (0.5476)  accuracy: 1.0000 (0.8700)  balanced_accuracy: 0.9896 (0.8499)  pr_auc: 1.0000 (0.9211)  roc_auc: 1.0000 (0.9263)  f1_weighted: 0.9897 (0.8124)  time: 0.0465  data: 0.0004  max mem: 312
Test:  [  2090/?]  eta: ?  loss: 0.0594 (0.5492)  accuracy: 0.9583 (0.8697)  balanced_accuracy: 0.9167 (0.8498)  pr_auc: 0.9996 (0.9208)  roc_auc: 0.9996 (0.9266)  f1_weighted: 0.9231 (0.8122)  time: 0.0485  data: 0.0004  max mem: 312
Test:  [  2100/?]  eta: ?  loss: 0.3024 (0.5503)  accuracy: 0.9167 (0.8697)  balanced_accuracy: 0.8191 (0.8495)  pr_auc: 0.9971 (0.9208)  roc_auc: 0.9980 (0.9265)  f1_weighted: 0.8462 (0.8120)  time: 0.0491  data: 0.0004  max mem: 312
Test:  [  2110/?]  eta: ?  loss: 0.0751 (0.5504)  accuracy: 0.9583 (0.8699)  balanced_accuracy: 0.8667 (0.8496)  pr_auc: 0.9978 (0.9207)  roc_auc: 0.9986 (0.9263)  f1_weighted: 0.9143 (0.8122)  time: 0.0459  data: 0.0004  max mem: 312
Test:  [  2120/?]  eta: ?  loss: 0.0836 (0.5536)  accuracy: 0.9479 (0.8696)  balanced_accuracy: 0.8333 (0.8491)  pr_auc: 0.9996 (0.9199)  roc_auc: 0.9992 (0.9252)  f1_weighted: 0.8462 (0.8121)  time: 0.0436  data: 0.0004  max mem: 312
Test:  [  2130/?]  eta: ?  loss: 0.0857 (0.5579)  accuracy: 0.8750 (0.8692)  balanced_accuracy: 0.7921 (0.8485)  pr_auc: 0.9978 (0.9189)  roc_auc: 0.9986 (0.9239)  f1_weighted: 0.8000 (0.8116)  time: 0.0421  data: 0.0004  max mem: 312
Test:  [  2140/?]  eta: ?  loss: 0.0318 (0.5594)  accuracy: 0.9896 (0.8692)  balanced_accuracy: 0.9583 (0.8490)  pr_auc: 1.0000 (0.9192)  roc_auc: 1.0000 (0.9242)  f1_weighted: 0.9565 (0.8122)  time: 0.0429  data: 0.0004  max mem: 312
Test:  [  2150/?]  eta: ?  loss: 0.0067 (0.5622)  accuracy: 1.0000 (0.8692)  balanced_accuracy: 0.9583 (0.8496)  pr_auc: 1.0000 (0.9195)  roc_auc: 1.0000 (0.9245)  f1_weighted: 0.9565 (0.8130)  time: 0.0458  data: 0.0004  max mem: 312
Test:  [  2160/?]  eta: ?  loss: 0.0015 (0.5618)  accuracy: 1.0000 (0.8696)  balanced_accuracy: 1.0000 (0.8501)  pr_auc: 1.0000 (0.9192)  roc_auc: 1.0000 (0.9247)  f1_weighted: 1.0000 (0.8131)  time: 0.0468  data: 0.0004  max mem: 312
Test:  [  2170/?]  eta: ?  loss: 0.0013 (0.5593)  accuracy: 1.0000 (0.8701)  balanced_accuracy: 1.0000 (0.8507)  pr_auc: 1.0000 (0.9195)  roc_auc: 1.0000 (0.9250)  f1_weighted: 1.0000 (0.8139)  time: 0.0470  data: 0.0004  max mem: 312
Test:  [  2180/?]  eta: ?  loss: 0.0013 (0.5570)  accuracy: 1.0000 (0.8707)  balanced_accuracy: 1.0000 (0.8513)  pr_auc: 1.0000 (0.9199)  roc_auc: 1.0000 (0.9254)  f1_weighted: 1.0000 (0.8147)  time: 0.0470  data: 0.0004  max mem: 312
Test:  [  2190/?]  eta: ?  loss: 0.0025 (0.5554)  accuracy: 1.0000 (0.8711)  balanced_accuracy: 1.0000 (0.8517)  pr_auc: 1.0000 (0.9200)  roc_auc: 1.0000 (0.9255)  f1_weighted: 1.0000 (0.8154)  time: 0.0473  data: 0.0004  max mem: 312
Test:  [  2200/?]  eta: ?  loss: 0.0051 (0.5541)  accuracy: 1.0000 (0.8714)  balanced_accuracy: 1.0000 (0.8522)  pr_auc: 1.0000 (0.9201)  roc_auc: 1.0000 (0.9256)  f1_weighted: 1.0000 (0.8162)  time: 0.0486  data: 0.0004  max mem: 312
Test:  [  2210/?]  eta: ?  loss: 0.0125 (0.5524)  accuracy: 1.0000 (0.8718)  balanced_accuracy: 1.0000 (0.8527)  pr_auc: 1.0000 (0.9203)  roc_auc: 1.0000 (0.9258)  f1_weighted: 1.0000 (0.8169)  time: 0.0491  data: 0.0004  max mem: 312
Test:  [  2220/?]  eta: ?  loss: 0.0150 (0.5507)  accuracy: 1.0000 (0.8722)  balanced_accuracy: 1.0000 (0.8530)  pr_auc: 1.0000 (0.9205)  roc_auc: 1.0000 (0.9260)  f1_weighted: 1.0000 (0.8173)  time: 0.0475  data: 0.0004  max mem: 312
Test:  [  2230/?]  eta: ?  loss: 0.0333 (0.5506)  accuracy: 0.9792 (0.8722)  balanced_accuracy: 0.9792 (0.8528)  pr_auc: 1.0000 (0.9207)  roc_auc: 1.0000 (0.9263)  f1_weighted: 0.9796 (0.8170)  time: 0.0475  data: 0.0004  max mem: 312
Test:  [  2240/?]  eta: ?  loss: 0.1147 (0.5506)  accuracy: 0.9062 (0.8722)  balanced_accuracy: 0.9375 (0.8528)  pr_auc: 0.9996 (0.9211)  roc_auc: 0.9996 (0.9266)  f1_weighted: 0.9412 (0.8167)  time: 0.0487  data: 0.0004  max mem: 312
Test:  [  2250/?]  eta: ?  loss: 0.0162 (0.5494)  accuracy: 0.9583 (0.8724)  balanced_accuracy: 1.0000 (0.8535)  pr_auc: 1.0000 (0.9216)  roc_auc: 1.0000 (0.9271)  f1_weighted: 1.0000 (0.8176)  time: 0.0513  data: 0.0004  max mem: 312
Test:  [  2260/?]  eta: ?  loss: 0.0162 (0.5486)  accuracy: 0.9896 (0.8726)  balanced_accuracy: 0.9896 (0.8539)  pr_auc: 1.0000 (0.9220)  roc_auc: 1.0000 (0.9274)  f1_weighted: 0.9897 (0.8181)  time: 0.0512  data: 0.0004  max mem: 312
Test:  [  2270/?]  eta: ?  loss: 0.0078 (0.5481)  accuracy: 0.9896 (0.8726)  balanced_accuracy: 0.9792 (0.8540)  pr_auc: 1.0000 (0.9221)  roc_auc: 1.0000 (0.9274)  f1_weighted: 0.9787 (0.8186)  time: 0.0511  data: 0.0004  max mem: 312
Test:  [  2280/?]  eta: ?  loss: 0.0056 (0.5476)  accuracy: 1.0000 (0.8726)  balanced_accuracy: 0.9792 (0.8539)  pr_auc: 1.0000 (0.9216)  roc_auc: 1.0000 (0.9273)  f1_weighted: 0.9787 (0.8185)  time: 0.0521  data: 0.0005  max mem: 312
Test:  [  2290/?]  eta: ?  loss: 0.1782 (0.5463)  accuracy: 0.9062 (0.8726)  balanced_accuracy: 0.8958 (0.8536)  pr_auc: 0.9887 (0.9218)  roc_auc: 0.9837 (0.9275)  f1_weighted: 0.9038 (0.8186)  time: 0.0485  data: 0.0005  max mem: 312
Test:  [  2300/?]  eta: ?  loss: 0.0268 (0.5445)  accuracy: 0.9583 (0.8728)  balanced_accuracy: 0.8750 (0.8535)  pr_auc: 0.9887 (0.9220)  roc_auc: 0.9837 (0.9277)  f1_weighted: 0.8837 (0.8186)  time: 0.0473  data: 0.0005  max mem: 312
Test:  [  2310/?]  eta: ?  loss: 0.0051 (0.5438)  accuracy: 0.9896 (0.8728)  balanced_accuracy: 0.8341 (0.8531)  pr_auc: 0.9964 (0.9222)  roc_auc: 0.9957 (0.9278)  f1_weighted: 0.7805 (0.8178)  time: 0.0465  data: 0.0005  max mem: 312
Test:  [  2320/?]  eta: ?  loss: 0.0854 (0.5426)  accuracy: 0.9583 (0.8729)  balanced_accuracy: 0.8341 (0.8529)  pr_auc: 0.9964 (0.9223)  roc_auc: 0.9957 (0.9279)  f1_weighted: 0.8462 (0.8174)  time: 0.0432  data: 0.0004  max mem: 312
Test:  [  2330/?]  eta: ?  loss: 0.2298 (0.5417)  accuracy: 0.9167 (0.8729)  balanced_accuracy: 0.8250 (0.8528)  pr_auc: 0.9965 (0.9226)  roc_auc: 0.9965 (0.9281)  f1_weighted: 0.8000 (0.8173)  time: 0.0440  data: 0.0005  max mem: 312
Test:  [  2340/?]  eta: ?  loss: 0.1865 (0.5404)  accuracy: 0.9167 (0.8731)  balanced_accuracy: 0.8250 (0.8530)  pr_auc: 0.9994 (0.9227)  roc_auc: 0.9986 (0.9283)  f1_weighted: 0.8000 (0.8176)  time: 0.0460  data: 0.0005  max mem: 312
Test:  [  2350/?]  eta: ?  loss: 0.0467 (0.5394)  accuracy: 0.9375 (0.8732)  balanced_accuracy: 0.8250 (0.8529)  pr_auc: 0.9965 (0.9225)  roc_auc: 0.9965 (0.9283)  f1_weighted: 0.8000 (0.8172)  time: 0.0460  data: 0.0004  max mem: 312
Test:  [  2360/?]  eta: ?  loss: 0.0245 (0.5376)  accuracy: 0.9896 (0.8735)  balanced_accuracy: 0.8519 (0.8532)  pr_auc: 0.9996 (0.9227)  roc_auc: 0.9996 (0.9284)  f1_weighted: 0.8966 (0.8176)  time: 0.0458  data: 0.0004  max mem: 312
Test:  [  2370/?]  eta: ?  loss: 0.0225 (0.5365)  accuracy: 0.9896 (0.8737)  balanced_accuracy: 0.9583 (0.8533)  pr_auc: 0.9994 (0.9228)  roc_auc: 0.9996 (0.9285)  f1_weighted: 0.9565 (0.8178)  time: 0.0453  data: 0.0005  max mem: 312
Test:  [  2380/?]  eta: ?  loss: 0.0070 (0.5344)  accuracy: 1.0000 (0.8742)  balanced_accuracy: 0.9875 (0.8536)  pr_auc: 0.9996 (0.9230)  roc_auc: 0.9996 (0.9287)  f1_weighted: 0.9873 (0.8182)  time: 0.0451  data: 0.0005  max mem: 312
Test:  [  2390/?]  eta: ?  loss: 0.0070 (0.5323)  accuracy: 1.0000 (0.8747)  balanced_accuracy: 0.9792 (0.8542)  pr_auc: 1.0000 (0.9233)  roc_auc: 1.0000 (0.9290)  f1_weighted: 0.9787 (0.8189)  time: 0.0469  data: 0.0004  max mem: 312
Test:  [  2400/?]  eta: ?  loss: 0.0080 (0.5307)  accuracy: 1.0000 (0.8749)  balanced_accuracy: 0.9792 (0.8543)  pr_auc: 0.9996 (0.9235)  roc_auc: 0.9996 (0.9292)  f1_weighted: 0.9667 (0.8190)  time: 0.0473  data: 0.0004  max mem: 312
Test:  [  2410/?]  eta: ?  loss: 0.0026 (0.5292)  accuracy: 1.0000 (0.8752)  balanced_accuracy: 0.9792 (0.8543)  pr_auc: 1.0000 (0.9237)  roc_auc: 1.0000 (0.9294)  f1_weighted: 0.9667 (0.8190)  time: 0.0457  data: 0.0004  max mem: 312
Test:  [  2420/?]  eta: ?  loss: 0.0028 (0.5296)  accuracy: 1.0000 (0.8750)  balanced_accuracy: 0.9792 (0.8542)  pr_auc: 1.0000 (0.9237)  roc_auc: 1.0000 (0.9294)  f1_weighted: 0.9667 (0.8188)  time: 0.0424  data: 0.0004  max mem: 312
Test:  [  2430/?]  eta: ?  loss: 0.0021 (0.5294)  accuracy: 1.0000 (0.8750)  balanced_accuracy: 0.9464 (0.8540)  pr_auc: 1.0000 (0.9235)  roc_auc: 1.0000 (0.9294)  f1_weighted: 0.9434 (0.8185)  time: 0.0399  data: 0.0004  max mem: 312
Test:  [  2440/?]  eta: ?  loss: 0.0015 (0.5284)  accuracy: 1.0000 (0.8751)  balanced_accuracy: 0.9062 (0.8541)  pr_auc: 1.0000 (0.9236)  roc_auc: 1.0000 (0.9295)  f1_weighted: 0.8966 (0.8187)  time: 0.0413  data: 0.0004  max mem: 312
Test:  [  2450/?]  eta: ?  loss: 0.0016 (0.5281)  accuracy: 1.0000 (0.8752)  balanced_accuracy: 0.8636 (0.8543)  pr_auc: 0.9987 (0.9237)  roc_auc: 0.9987 (0.9296)  f1_weighted: 0.8454 (0.8189)  time: 0.0444  data: 0.0004  max mem: 312
Test: Total time: 0:03:36 (0.0878 s / it)
* loss 0.528
  Test segment-level: 0.8753 | participant (mean prob): 0.9025 | participant (majority vote): 0.9025
======Accuracy: 0.8753077161003843 0.0, balanced accuracy: 0.8672525151713029 0.0
