LaBraM fine-tuning starting...
Loading dataset configuration (this may take a moment)...
Gender baseline dataset loaded
  HDF5 directory: /home/mojtabam/scratch/processed_eeg_data_hdf5
  Segment length: 4s
  Task type: both
  Random seed: 42
  Note: Using pre-split HDF5 files (train/val/test splits from preprocessing)
  Note: IterableDataset size is unknown until iteration
Namespace(batch_size=64, epochs=30, update_freq=1, save_ckpt_freq=5, robust_test=None, model='labram_base_patch200_200', qkv_bias=True, rel_pos_bias=True, abs_pos_emb=True, layer_scale_init_value=0.1, input_size=200, drop=0.0, attn_drop_rate=0.0, drop_path=0.1, disable_eval_during_finetuning=False, model_ema=False, model_ema_decay=0.9999, model_ema_force_cpu=False, opt='adamw', opt_eps=1e-08, opt_betas=None, clip_grad=None, momentum=0.9, weight_decay=0.05, weight_decay_end=None, lr=0.0005, layer_decay=0.9, warmup_lr=1e-06, min_lr=1e-06, warmup_epochs=5, warmup_steps=-1, smoothing=0.1, reprob=0.25, remode='pixel', recount=1, resplit=False, finetune='LaBraM/checkpoints/labram-base.pth', model_key='model|module', model_prefix='', model_filter_name='gzp', init_scale=0.001, use_mean_pooling=True, disable_weight_decay_on_rel_pos_bias=False, nb_classes=1, output_dir='final_logs_majority/labram_gender_4s', log_dir=None, device='cuda', seed=0, resume='final_logs/checkpoints/gender_labram_4s_best.pth', auto_resume=True, save_ckpt=True, start_epoch=0, eval=True, dist_eval=False, num_workers=10, pin_mem=True, aggregate_by_participant='majority_vote', world_size=1, local_rank=-1, dist_on_itp=False, dist_url='env://', enable_deepspeed=False, dataset='gender_baseline', segment_length='4s', data_path='/home/mojtabam/scratch/processed_eeg_data_hdf5', class_weight_power=1.0, is_cross_validation=False, cv_folds=None, distributed=False, rank=0, gpu=0)
Using device: cuda (1 GPU(s): ['NVIDIA L40S'])
Gender baseline dataset loaded
  HDF5 directory: /home/mojtabam/scratch/processed_eeg_data_hdf5
  Segment length: 4s
  Task type: both
  Random seed: 42
  Note: Using pre-split HDF5 files (train/val/test splits from preprocessing)
  Note: IterableDataset size is unknown until iteration
Using IterableDataset - DataLoader will iterate directly (no sampler)
Distributed training: 1 tasks, rank 0
DataLoader num_workers: 4 (segment_length=4s, num_gpus=1)
Patch size = 200
Load ckpt from LaBraM/checkpoints/labram-base.pth
Load state_dict by model_key = model
Weights of NeuralTransformer not initialized from pretrained model: ['blocks.0.attn.q_bias', 'blocks.0.attn.v_bias', 'blocks.1.attn.q_bias', 'blocks.1.attn.v_bias', 'blocks.2.attn.q_bias', 'blocks.2.attn.v_bias', 'blocks.3.attn.q_bias', 'blocks.3.attn.v_bias', 'blocks.4.attn.q_bias', 'blocks.4.attn.v_bias', 'blocks.5.attn.q_bias', 'blocks.5.attn.v_bias', 'blocks.6.attn.q_bias', 'blocks.6.attn.v_bias', 'blocks.7.attn.q_bias', 'blocks.7.attn.v_bias', 'blocks.8.attn.q_bias', 'blocks.8.attn.v_bias', 'blocks.9.attn.q_bias', 'blocks.9.attn.v_bias', 'blocks.10.attn.q_bias', 'blocks.10.attn.v_bias', 'blocks.11.attn.q_bias', 'blocks.11.attn.v_bias', 'fc_norm.weight', 'fc_norm.bias', 'head.weight', 'head.bias']
Weights from pretrained model not used in NeuralTransformer: ['mask_token', 'lm_head.weight', 'lm_head.bias', 'norm.weight', 'norm.bias']
Model = NeuralTransformer(
  (patch_embed): TemporalConv(
    (conv1): Conv2d(1, 8, kernel_size=(1, 15), stride=(1, 8), padding=(0, 7))
    (gelu1): GELU(approximate='none')
    (norm1): GroupNorm(4, 8, eps=1e-05, affine=True)
    (conv2): Conv2d(8, 8, kernel_size=(1, 3), stride=(1, 1), padding=(0, 1))
    (gelu2): GELU(approximate='none')
    (norm2): GroupNorm(4, 8, eps=1e-05, affine=True)
    (conv3): Conv2d(8, 8, kernel_size=(1, 3), stride=(1, 1), padding=(0, 1))
    (norm3): GroupNorm(4, 8, eps=1e-05, affine=True)
    (gelu3): GELU(approximate='none')
  )
  (pos_drop): Dropout(p=0.0, inplace=False)
  (blocks): ModuleList(
    (0): Block(
      (norm1): LayerNorm((200,), eps=1e-06, elementwise_affine=True)
      (attn): Attention(
        (qkv): Linear(in_features=200, out_features=600, bias=False)
        (q_norm): LayerNorm((20,), eps=1e-06, elementwise_affine=True)
        (k_norm): LayerNorm((20,), eps=1e-06, elementwise_affine=True)
        (attn_drop): Dropout(p=0.0, inplace=False)
        (proj): Linear(in_features=200, out_features=200, bias=True)
        (proj_drop): Dropout(p=0.0, inplace=False)
      )
      (drop_path): Identity()
      (norm2): LayerNorm((200,), eps=1e-06, elementwise_affine=True)
      (mlp): Mlp(
        (fc1): Linear(in_features=200, out_features=800, bias=True)
        (act): GELU(approximate='none')
        (fc2): Linear(in_features=800, out_features=200, bias=True)
        (drop): Dropout(p=0.0, inplace=False)
      )
    )
    (1): Block(
      (norm1): LayerNorm((200,), eps=1e-06, elementwise_affine=True)
      (attn): Attention(
        (qkv): Linear(in_features=200, out_features=600, bias=False)
        (q_norm): LayerNorm((20,), eps=1e-06, elementwise_affine=True)
        (k_norm): LayerNorm((20,), eps=1e-06, elementwise_affine=True)
        (attn_drop): Dropout(p=0.0, inplace=False)
        (proj): Linear(in_features=200, out_features=200, bias=True)
        (proj_drop): Dropout(p=0.0, inplace=False)
      )
      (drop_path): DropPath(p=0.00909090880304575)
      (norm2): LayerNorm((200,), eps=1e-06, elementwise_affine=True)
      (mlp): Mlp(
        (fc1): Linear(in_features=200, out_features=800, bias=True)
        (act): GELU(approximate='none')
        (fc2): Linear(in_features=800, out_features=200, bias=True)
        (drop): Dropout(p=0.0, inplace=False)
      )
    )
    (2): Block(
      (norm1): LayerNorm((200,), eps=1e-06, elementwise_affine=True)
      (attn): Attention(
        (qkv): Linear(in_features=200, out_features=600, bias=False)
        (q_norm): LayerNorm((20,), eps=1e-06, elementwise_affine=True)
        (k_norm): LayerNorm((20,), eps=1e-06, elementwise_affine=True)
        (attn_drop): Dropout(p=0.0, inplace=False)
        (proj): Linear(in_features=200, out_features=200, bias=True)
        (proj_drop): Dropout(p=0.0, inplace=False)
      )
      (drop_path): DropPath(p=0.0181818176060915)
      (norm2): LayerNorm((200,), eps=1e-06, elementwise_affine=True)
      (mlp): Mlp(
        (fc1): Linear(in_features=200, out_features=800, bias=True)
        (act): GELU(approximate='none')
        (fc2): Linear(in_features=800, out_features=200, bias=True)
        (drop): Dropout(p=0.0, inplace=False)
      )
    )
    (3): Block(
      (norm1): LayerNorm((200,), eps=1e-06, elementwise_affine=True)
      (attn): Attention(
        (qkv): Linear(in_features=200, out_features=600, bias=False)
        (q_norm): LayerNorm((20,), eps=1e-06, elementwise_affine=True)
        (k_norm): LayerNorm((20,), eps=1e-06, elementwise_affine=True)
        (attn_drop): Dropout(p=0.0, inplace=False)
        (proj): Linear(in_features=200, out_features=200, bias=True)
        (proj_drop): Dropout(p=0.0, inplace=False)
      )
      (drop_path): DropPath(p=0.027272727340459824)
      (norm2): LayerNorm((200,), eps=1e-06, elementwise_affine=True)
      (mlp): Mlp(
        (fc1): Linear(in_features=200, out_features=800, bias=True)
        (act): GELU(approximate='none')
        (fc2): Linear(in_features=800, out_features=200, bias=True)
        (drop): Dropout(p=0.0, inplace=False)
      )
    )
    (4): Block(
      (norm1): LayerNorm((200,), eps=1e-06, elementwise_affine=True)
      (attn): Attention(
        (qkv): Linear(in_features=200, out_features=600, bias=False)
        (q_norm): LayerNorm((20,), eps=1e-06, elementwise_affine=True)
        (k_norm): LayerNorm((20,), eps=1e-06, elementwise_affine=True)
        (attn_drop): Dropout(p=0.0, inplace=False)
        (proj): Linear(in_features=200, out_features=200, bias=True)
        (proj_drop): Dropout(p=0.0, inplace=False)
      )
      (drop_path): DropPath(p=0.036363635212183)
      (norm2): LayerNorm((200,), eps=1e-06, elementwise_affine=True)
      (mlp): Mlp(
        (fc1): Linear(in_features=200, out_features=800, bias=True)
        (act): GELU(approximate='none')
        (fc2): Linear(in_features=800, out_features=200, bias=True)
        (drop): Dropout(p=0.0, inplace=False)
      )
    )
    (5): Block(
      (norm1): LayerNorm((200,), eps=1e-06, elementwise_affine=True)
      (attn): Attention(
        (qkv): Linear(in_features=200, out_features=600, bias=False)
        (q_norm): LayerNorm((20,), eps=1e-06, elementwise_affine=True)
        (k_norm): LayerNorm((20,), eps=1e-06, elementwise_affine=True)
        (attn_drop): Dropout(p=0.0, inplace=False)
        (proj): Linear(in_features=200, out_features=200, bias=True)
        (proj_drop): Dropout(p=0.0, inplace=False)
      )
      (drop_path): DropPath(p=0.045454543083906174)
      (norm2): LayerNorm((200,), eps=1e-06, elementwise_affine=True)
      (mlp): Mlp(
        (fc1): Linear(in_features=200, out_features=800, bias=True)
        (act): GELU(approximate='none')
        (fc2): Linear(in_features=800, out_features=200, bias=True)
        (drop): Dropout(p=0.0, inplace=False)
      )
    )
    (6): Block(
      (norm1): LayerNorm((200,), eps=1e-06, elementwise_affine=True)
      (attn): Attention(
        (qkv): Linear(in_features=200, out_features=600, bias=False)
        (q_norm): LayerNorm((20,), eps=1e-06, elementwise_affine=True)
        (k_norm): LayerNorm((20,), eps=1e-06, elementwise_affine=True)
        (attn_drop): Dropout(p=0.0, inplace=False)
        (proj): Linear(in_features=200, out_features=200, bias=True)
        (proj_drop): Dropout(p=0.0, inplace=False)
      )
      (drop_path): DropPath(p=0.054545458406209946)
      (norm2): LayerNorm((200,), eps=1e-06, elementwise_affine=True)
      (mlp): Mlp(
        (fc1): Linear(in_features=200, out_features=800, bias=True)
        (act): GELU(approximate='none')
        (fc2): Linear(in_features=800, out_features=200, bias=True)
        (drop): Dropout(p=0.0, inplace=False)
      )
    )
    (7): Block(
      (norm1): LayerNorm((200,), eps=1e-06, elementwise_affine=True)
      (attn): Attention(
        (qkv): Linear(in_features=200, out_features=600, bias=False)
        (q_norm): LayerNorm((20,), eps=1e-06, elementwise_affine=True)
        (k_norm): LayerNorm((20,), eps=1e-06, elementwise_affine=True)
        (attn_drop): Dropout(p=0.0, inplace=False)
        (proj): Linear(in_features=200, out_features=200, bias=True)
        (proj_drop): Dropout(p=0.0, inplace=False)
      )
      (drop_path): DropPath(p=0.06363636255264282)
      (norm2): LayerNorm((200,), eps=1e-06, elementwise_affine=True)
      (mlp): Mlp(
        (fc1): Linear(in_features=200, out_features=800, bias=True)
        (act): GELU(approximate='none')
        (fc2): Linear(in_features=800, out_features=200, bias=True)
        (drop): Dropout(p=0.0, inplace=False)
      )
    )
    (8): Block(
      (norm1): LayerNorm((200,), eps=1e-06, elementwise_affine=True)
      (attn): Attention(
        (qkv): Linear(in_features=200, out_features=600, bias=False)
        (q_norm): LayerNorm((20,), eps=1e-06, elementwise_affine=True)
        (k_norm): LayerNorm((20,), eps=1e-06, elementwise_affine=True)
        (attn_drop): Dropout(p=0.0, inplace=False)
        (proj): Linear(in_features=200, out_features=200, bias=True)
        (proj_drop): Dropout(p=0.0, inplace=False)
      )
      (drop_path): DropPath(p=0.0727272778749466)
      (norm2): LayerNorm((200,), eps=1e-06, elementwise_affine=True)
      (mlp): Mlp(
        (fc1): Linear(in_features=200, out_features=800, bias=True)
        (act): GELU(approximate='none')
        (fc2): Linear(in_features=800, out_features=200, bias=True)
        (drop): Dropout(p=0.0, inplace=False)
      )
    )
    (9): Block(
      (norm1): LayerNorm((200,), eps=1e-06, elementwise_affine=True)
      (attn): Attention(
        (qkv): Linear(in_features=200, out_features=600, bias=False)
        (q_norm): LayerNorm((20,), eps=1e-06, elementwise_affine=True)
        (k_norm): LayerNorm((20,), eps=1e-06, elementwise_affine=True)
        (attn_drop): Dropout(p=0.0, inplace=False)
        (proj): Linear(in_features=200, out_features=200, bias=True)
        (proj_drop): Dropout(p=0.0, inplace=False)
      )
      (drop_path): DropPath(p=0.08181818574666977)
      (norm2): LayerNorm((200,), eps=1e-06, elementwise_affine=True)
      (mlp): Mlp(
        (fc1): Linear(in_features=200, out_features=800, bias=True)
        (act): GELU(approximate='none')
        (fc2): Linear(in_features=800, out_features=200, bias=True)
        (drop): Dropout(p=0.0, inplace=False)
      )
    )
    (10): Block(
      (norm1): LayerNorm((200,), eps=1e-06, elementwise_affine=True)
      (attn): Attention(
        (qkv): Linear(in_features=200, out_features=600, bias=False)
        (q_norm): LayerNorm((20,), eps=1e-06, elementwise_affine=True)
        (k_norm): LayerNorm((20,), eps=1e-06, elementwise_affine=True)
        (attn_drop): Dropout(p=0.0, inplace=False)
        (proj): Linear(in_features=200, out_features=200, bias=True)
        (proj_drop): Dropout(p=0.0, inplace=False)
      )
      (drop_path): DropPath(p=0.09090909361839294)
      (norm2): LayerNorm((200,), eps=1e-06, elementwise_affine=True)
      (mlp): Mlp(
        (fc1): Linear(in_features=200, out_features=800, bias=True)
        (act): GELU(approximate='none')
        (fc2): Linear(in_features=800, out_features=200, bias=True)
        (drop): Dropout(p=0.0, inplace=False)
      )
    )
    (11): Block(
      (norm1): LayerNorm((200,), eps=1e-06, elementwise_affine=True)
      (attn): Attention(
        (qkv): Linear(in_features=200, out_features=600, bias=False)
        (q_norm): LayerNorm((20,), eps=1e-06, elementwise_affine=True)
        (k_norm): LayerNorm((20,), eps=1e-06, elementwise_affine=True)
        (attn_drop): Dropout(p=0.0, inplace=False)
        (proj): Linear(in_features=200, out_features=200, bias=True)
        (proj_drop): Dropout(p=0.0, inplace=False)
      )
      (drop_path): DropPath(p=0.10000000149011612)
      (norm2): LayerNorm((200,), eps=1e-06, elementwise_affine=True)
      (mlp): Mlp(
        (fc1): Linear(in_features=200, out_features=800, bias=True)
        (act): GELU(approximate='none')
        (fc2): Linear(in_features=800, out_features=200, bias=True)
        (drop): Dropout(p=0.0, inplace=False)
      )
    )
  )
  (norm): Identity()
  (fc_norm): LayerNorm((200,), eps=1e-06, elementwise_affine=True)
  (head): Linear(in_features=200, out_features=1, bias=True)
)
number of params: 5824937
LR = 0.00050000
Batch size = 64
Update frequent = 1
Number of training examples = Unknown (IterableDataset)
Number of training steps per epoch = Determined during training (IterableDataset)
Note: LR schedule uses placeholder value - actual steps determined by iterator exhaustion
Assigned values = [0.2541865828329001, 0.2824295364810001, 0.31381059609000006, 0.3486784401000001, 0.3874204890000001, 0.4304672100000001, 0.4782969000000001, 0.531441, 0.5904900000000001, 0.6561, 0.7290000000000001, 0.81, 0.9, 1.0]
Skip weight decay name marked in model: {'pos_embed', 'time_embed', 'cls_token'}
Param groups = {
  "layer_0_no_decay": {
    "weight_decay": 0.0,
    "params": [
      "cls_token",
      "pos_embed",
      "patch_embed.conv1.bias",
      "patch_embed.norm1.weight",
      "patch_embed.norm1.bias",
      "patch_embed.conv2.bias",
      "patch_embed.norm2.weight",
      "patch_embed.norm2.bias",
      "patch_embed.conv3.bias",
      "patch_embed.norm3.weight",
      "patch_embed.norm3.bias"
    ],
    "lr_scale": 0.2541865828329001
  },
  "layer_13_no_decay": {
    "weight_decay": 0.0,
    "params": [
      "time_embed",
      "fc_norm.weight",
      "fc_norm.bias",
      "head.bias"
    ],
    "lr_scale": 1.0
  },
  "layer_0_decay": {
    "weight_decay": 0.05,
    "params": [
      "patch_embed.conv1.weight",
      "patch_embed.conv2.weight",
      "patch_embed.conv3.weight"
    ],
    "lr_scale": 0.2541865828329001
  },
  "layer_1_no_decay": {
    "weight_decay": 0.0,
    "params": [
      "blocks.0.gamma_1",
      "blocks.0.gamma_2",
      "blocks.0.norm1.weight",
      "blocks.0.norm1.bias",
      "blocks.0.attn.q_bias",
      "blocks.0.attn.v_bias",
      "blocks.0.attn.q_norm.weight",
      "blocks.0.attn.q_norm.bias",
      "blocks.0.attn.k_norm.weight",
      "blocks.0.attn.k_norm.bias",
      "blocks.0.attn.proj.bias",
      "blocks.0.norm2.weight",
      "blocks.0.norm2.bias",
      "blocks.0.mlp.fc1.bias",
      "blocks.0.mlp.fc2.bias"
    ],
    "lr_scale": 0.2824295364810001
  },
  "layer_1_decay": {
    "weight_decay": 0.05,
    "params": [
      "blocks.0.attn.qkv.weight",
      "blocks.0.attn.proj.weight",
      "blocks.0.mlp.fc1.weight",
      "blocks.0.mlp.fc2.weight"
    ],
    "lr_scale": 0.2824295364810001
  },
  "layer_2_no_decay": {
    "weight_decay": 0.0,
    "params": [
      "blocks.1.gamma_1",
      "blocks.1.gamma_2",
      "blocks.1.norm1.weight",
      "blocks.1.norm1.bias",
      "blocks.1.attn.q_bias",
      "blocks.1.attn.v_bias",
      "blocks.1.attn.q_norm.weight",
      "blocks.1.attn.q_norm.bias",
      "blocks.1.attn.k_norm.weight",
      "blocks.1.attn.k_norm.bias",
      "blocks.1.attn.proj.bias",
      "blocks.1.norm2.weight",
      "blocks.1.norm2.bias",
      "blocks.1.mlp.fc1.bias",
      "blocks.1.mlp.fc2.bias"
    ],
    "lr_scale": 0.31381059609000006
  },
  "layer_2_decay": {
    "weight_decay": 0.05,
    "params": [
      "blocks.1.attn.qkv.weight",
      "blocks.1.attn.proj.weight",
      "blocks.1.mlp.fc1.weight",
      "blocks.1.mlp.fc2.weight"
    ],
    "lr_scale": 0.31381059609000006
  },
  "layer_3_no_decay": {
    "weight_decay": 0.0,
    "params": [
      "blocks.2.gamma_1",
      "blocks.2.gamma_2",
      "blocks.2.norm1.weight",
      "blocks.2.norm1.bias",
      "blocks.2.attn.q_bias",
      "blocks.2.attn.v_bias",
      "blocks.2.attn.q_norm.weight",
      "blocks.2.attn.q_norm.bias",
      "blocks.2.attn.k_norm.weight",
      "blocks.2.attn.k_norm.bias",
      "blocks.2.attn.proj.bias",
      "blocks.2.norm2.weight",
      "blocks.2.norm2.bias",
      "blocks.2.mlp.fc1.bias",
      "blocks.2.mlp.fc2.bias"
    ],
    "lr_scale": 0.3486784401000001
  },
  "layer_3_decay": {
    "weight_decay": 0.05,
    "params": [
      "blocks.2.attn.qkv.weight",
      "blocks.2.attn.proj.weight",
      "blocks.2.mlp.fc1.weight",
      "blocks.2.mlp.fc2.weight"
    ],
    "lr_scale": 0.3486784401000001
  },
  "layer_4_no_decay": {
    "weight_decay": 0.0,
    "params": [
      "blocks.3.gamma_1",
      "blocks.3.gamma_2",
      "blocks.3.norm1.weight",
      "blocks.3.norm1.bias",
      "blocks.3.attn.q_bias",
      "blocks.3.attn.v_bias",
      "blocks.3.attn.q_norm.weight",
      "blocks.3.attn.q_norm.bias",
      "blocks.3.attn.k_norm.weight",
      "blocks.3.attn.k_norm.bias",
      "blocks.3.attn.proj.bias",
      "blocks.3.norm2.weight",
      "blocks.3.norm2.bias",
      "blocks.3.mlp.fc1.bias",
      "blocks.3.mlp.fc2.bias"
    ],
    "lr_scale": 0.3874204890000001
  },
  "layer_4_decay": {
    "weight_decay": 0.05,
    "params": [
      "blocks.3.attn.qkv.weight",
      "blocks.3.attn.proj.weight",
      "blocks.3.mlp.fc1.weight",
      "blocks.3.mlp.fc2.weight"
    ],
    "lr_scale": 0.3874204890000001
  },
  "layer_5_no_decay": {
    "weight_decay": 0.0,
    "params": [
      "blocks.4.gamma_1",
      "blocks.4.gamma_2",
      "blocks.4.norm1.weight",
      "blocks.4.norm1.bias",
      "blocks.4.attn.q_bias",
      "blocks.4.attn.v_bias",
      "blocks.4.attn.q_norm.weight",
      "blocks.4.attn.q_norm.bias",
      "blocks.4.attn.k_norm.weight",
      "blocks.4.attn.k_norm.bias",
      "blocks.4.attn.proj.bias",
      "blocks.4.norm2.weight",
      "blocks.4.norm2.bias",
      "blocks.4.mlp.fc1.bias",
      "blocks.4.mlp.fc2.bias"
    ],
    "lr_scale": 0.4304672100000001
  },
  "layer_5_decay": {
    "weight_decay": 0.05,
    "params": [
      "blocks.4.attn.qkv.weight",
      "blocks.4.attn.proj.weight",
      "blocks.4.mlp.fc1.weight",
      "blocks.4.mlp.fc2.weight"
    ],
    "lr_scale": 0.4304672100000001
  },
  "layer_6_no_decay": {
    "weight_decay": 0.0,
    "params": [
      "blocks.5.gamma_1",
      "blocks.5.gamma_2",
      "blocks.5.norm1.weight",
      "blocks.5.norm1.bias",
      "blocks.5.attn.q_bias",
      "blocks.5.attn.v_bias",
      "blocks.5.attn.q_norm.weight",
      "blocks.5.attn.q_norm.bias",
      "blocks.5.attn.k_norm.weight",
      "blocks.5.attn.k_norm.bias",
      "blocks.5.attn.proj.bias",
      "blocks.5.norm2.weight",
      "blocks.5.norm2.bias",
      "blocks.5.mlp.fc1.bias",
      "blocks.5.mlp.fc2.bias"
    ],
    "lr_scale": 0.4782969000000001
  },
  "layer_6_decay": {
    "weight_decay": 0.05,
    "params": [
      "blocks.5.attn.qkv.weight",
      "blocks.5.attn.proj.weight",
      "blocks.5.mlp.fc1.weight",
      "blocks.5.mlp.fc2.weight"
    ],
    "lr_scale": 0.4782969000000001
  },
  "layer_7_no_decay": {
    "weight_decay": 0.0,
    "params": [
      "blocks.6.gamma_1",
      "blocks.6.gamma_2",
      "blocks.6.norm1.weight",
      "blocks.6.norm1.bias",
      "blocks.6.attn.q_bias",
      "blocks.6.attn.v_bias",
      "blocks.6.attn.q_norm.weight",
      "blocks.6.attn.q_norm.bias",
      "blocks.6.attn.k_norm.weight",
      "blocks.6.attn.k_norm.bias",
      "blocks.6.attn.proj.bias",
      "blocks.6.norm2.weight",
      "blocks.6.norm2.bias",
      "blocks.6.mlp.fc1.bias",
      "blocks.6.mlp.fc2.bias"
    ],
    "lr_scale": 0.531441
  },
  "layer_7_decay": {
    "weight_decay": 0.05,
    "params": [
      "blocks.6.attn.qkv.weight",
      "blocks.6.attn.proj.weight",
      "blocks.6.mlp.fc1.weight",
      "blocks.6.mlp.fc2.weight"
    ],
    "lr_scale": 0.531441
  },
  "layer_8_no_decay": {
    "weight_decay": 0.0,
    "params": [
      "blocks.7.gamma_1",
      "blocks.7.gamma_2",
      "blocks.7.norm1.weight",
      "blocks.7.norm1.bias",
      "blocks.7.attn.q_bias",
      "blocks.7.attn.v_bias",
      "blocks.7.attn.q_norm.weight",
      "blocks.7.attn.q_norm.bias",
      "blocks.7.attn.k_norm.weight",
      "blocks.7.attn.k_norm.bias",
      "blocks.7.attn.proj.bias",
      "blocks.7.norm2.weight",
      "blocks.7.norm2.bias",
      "blocks.7.mlp.fc1.bias",
      "blocks.7.mlp.fc2.bias"
    ],
    "lr_scale": 0.5904900000000001
  },
  "layer_8_decay": {
    "weight_decay": 0.05,
    "params": [
      "blocks.7.attn.qkv.weight",
      "blocks.7.attn.proj.weight",
      "blocks.7.mlp.fc1.weight",
      "blocks.7.mlp.fc2.weight"
    ],
    "lr_scale": 0.5904900000000001
  },
  "layer_9_no_decay": {
    "weight_decay": 0.0,
    "params": [
      "blocks.8.gamma_1",
      "blocks.8.gamma_2",
      "blocks.8.norm1.weight",
      "blocks.8.norm1.bias",
      "blocks.8.attn.q_bias",
      "blocks.8.attn.v_bias",
      "blocks.8.attn.q_norm.weight",
      "blocks.8.attn.q_norm.bias",
      "blocks.8.attn.k_norm.weight",
      "blocks.8.attn.k_norm.bias",
      "blocks.8.attn.proj.bias",
      "blocks.8.norm2.weight",
      "blocks.8.norm2.bias",
      "blocks.8.mlp.fc1.bias",
      "blocks.8.mlp.fc2.bias"
    ],
    "lr_scale": 0.6561
  },
  "layer_9_decay": {
    "weight_decay": 0.05,
    "params": [
      "blocks.8.attn.qkv.weight",
      "blocks.8.attn.proj.weight",
      "blocks.8.mlp.fc1.weight",
      "blocks.8.mlp.fc2.weight"
    ],
    "lr_scale": 0.6561
  },
  "layer_10_no_decay": {
    "weight_decay": 0.0,
    "params": [
      "blocks.9.gamma_1",
      "blocks.9.gamma_2",
      "blocks.9.norm1.weight",
      "blocks.9.norm1.bias",
      "blocks.9.attn.q_bias",
      "blocks.9.attn.v_bias",
      "blocks.9.attn.q_norm.weight",
      "blocks.9.attn.q_norm.bias",
      "blocks.9.attn.k_norm.weight",
      "blocks.9.attn.k_norm.bias",
      "blocks.9.attn.proj.bias",
      "blocks.9.norm2.weight",
      "blocks.9.norm2.bias",
      "blocks.9.mlp.fc1.bias",
      "blocks.9.mlp.fc2.bias"
    ],
    "lr_scale": 0.7290000000000001
  },
  "layer_10_decay": {
    "weight_decay": 0.05,
    "params": [
      "blocks.9.attn.qkv.weight",
      "blocks.9.attn.proj.weight",
      "blocks.9.mlp.fc1.weight",
      "blocks.9.mlp.fc2.weight"
    ],
    "lr_scale": 0.7290000000000001
  },
  "layer_11_no_decay": {
    "weight_decay": 0.0,
    "params": [
      "blocks.10.gamma_1",
      "blocks.10.gamma_2",
      "blocks.10.norm1.weight",
      "blocks.10.norm1.bias",
      "blocks.10.attn.q_bias",
      "blocks.10.attn.v_bias",
      "blocks.10.attn.q_norm.weight",
      "blocks.10.attn.q_norm.bias",
      "blocks.10.attn.k_norm.weight",
      "blocks.10.attn.k_norm.bias",
      "blocks.10.attn.proj.bias",
      "blocks.10.norm2.weight",
      "blocks.10.norm2.bias",
      "blocks.10.mlp.fc1.bias",
      "blocks.10.mlp.fc2.bias"
    ],
    "lr_scale": 0.81
  },
  "layer_11_decay": {
    "weight_decay": 0.05,
    "params": [
      "blocks.10.attn.qkv.weight",
      "blocks.10.attn.proj.weight",
      "blocks.10.mlp.fc1.weight",
      "blocks.10.mlp.fc2.weight"
    ],
    "lr_scale": 0.81
  },
  "layer_12_no_decay": {
    "weight_decay": 0.0,
    "params": [
      "blocks.11.gamma_1",
      "blocks.11.gamma_2",
      "blocks.11.norm1.weight",
      "blocks.11.norm1.bias",
      "blocks.11.attn.q_bias",
      "blocks.11.attn.v_bias",
      "blocks.11.attn.q_norm.weight",
      "blocks.11.attn.q_norm.bias",
      "blocks.11.attn.k_norm.weight",
      "blocks.11.attn.k_norm.bias",
      "blocks.11.attn.proj.bias",
      "blocks.11.norm2.weight",
      "blocks.11.norm2.bias",
      "blocks.11.mlp.fc1.bias",
      "blocks.11.mlp.fc2.bias"
    ],
    "lr_scale": 0.9
  },
  "layer_12_decay": {
    "weight_decay": 0.05,
    "params": [
      "blocks.11.attn.qkv.weight",
      "blocks.11.attn.proj.weight",
      "blocks.11.mlp.fc1.weight",
      "blocks.11.mlp.fc2.weight"
    ],
    "lr_scale": 0.9
  },
  "layer_13_decay": {
    "weight_decay": 0.05,
    "params": [
      "head.weight"
    ],
    "lr_scale": 1.0
  }
}
Optimizer config: {'lr': 0.0005, 'weight_decay': 0.0, 'eps': 1e-08}
Use step level LR scheduler!
Set warmup steps = 500000
Set warmup steps = 0
Max WD = 0.0500000, Min WD = 0.0500000
Binary class weights from train data (gender): [0.7715, 1.4208] -> BCE pos_weight=1.8417
Using BCEWithLogitsLoss(pos_weight=...) to reduce majority-class collapse
criterion = BCEWithLogitsLoss()
Resume checkpoint final_logs/checkpoints/gender_labram_4s_best.pth
Test:  [     0/?]  eta: ?  loss: 0.6874 (0.6874)  accuracy: 0.8125 (0.8125)  time: 56.2130  data: 55.3145  max mem: 604
Test:  [    10/?]  eta: ?  loss: 0.6553 (0.6318)  accuracy: 0.9688 (0.8494)  balanced_accuracy: 0.9688 (0.7214)  pr_auc: 1.0000 (0.8619)  roc_auc: 1.0000 (0.6894)  f1_weighted: 0.9677 (0.8431)  time: 5.1527  data: 5.0291  max mem: 604
Test:  [    20/?]  eta: ?  loss: 0.6048 (0.6239)  accuracy: 0.9479 (0.8393)  balanced_accuracy: 0.8611 (0.7576)  pr_auc: 0.9928 (0.9328)  roc_auc: 0.9918 (0.8444)  f1_weighted: 0.8387 (0.8297)  time: 0.0568  data: 0.0079  max mem: 604
Test:  [    30/?]  eta: ?  loss: 0.6231 (0.6281)  accuracy: 0.9271 (0.8175)  balanced_accuracy: 0.9062 (0.7794)  pr_auc: 0.9968 (0.9398)  roc_auc: 0.9965 (0.8829)  f1_weighted: 0.9109 (0.8231)  time: 0.0712  data: 0.0203  max mem: 604
Test:  [    40/?]  eta: ?  loss: 0.6190 (0.6230)  accuracy: 0.9271 (0.8117)  balanced_accuracy: 0.9062 (0.8069)  pr_auc: 0.9931 (0.9211)  roc_auc: 0.9931 (0.8920)  f1_weighted: 0.8387 (0.8259)  time: 0.0776  data: 0.0293  max mem: 604
Test:  [    50/?]  eta: ?  loss: 0.5822 (0.6114)  accuracy: 0.9792 (0.8456)  balanced_accuracy: 0.9583 (0.8396)  pr_auc: 0.9977 (0.9287)  roc_auc: 0.9983 (0.9097)  f1_weighted: 0.9505 (0.8535)  time: 0.0732  data: 0.0266  max mem: 604
Test:  [    60/?]  eta: ?  loss: 0.5819 (0.6075)  accuracy: 0.9792 (0.8564)  balanced_accuracy: 0.9773 (0.8509)  pr_auc: 1.0000 (0.9351)  roc_auc: 1.0000 (0.9197)  f1_weighted: 0.9767 (0.8478)  time: 0.0712  data: 0.0220  max mem: 604
Test:  [    70/?]  eta: ?  loss: 0.5801 (0.6019)  accuracy: 0.9896 (0.8756)  balanced_accuracy: 0.9792 (0.8676)  pr_auc: 1.0000 (0.9430)  roc_auc: 1.0000 (0.9297)  f1_weighted: 0.9787 (0.8648)  time: 0.0710  data: 0.0209  max mem: 604
Test:  [    80/?]  eta: ?  loss: 0.5884 (0.6031)  accuracy: 0.9896 (0.8773)  balanced_accuracy: 0.9688 (0.8670)  pr_auc: 1.0000 (0.9517)  roc_auc: 1.0000 (0.9406)  f1_weighted: 0.9620 (0.8559)  time: 0.0693  data: 0.0189  max mem: 604
Test:  [    90/?]  eta: ?  loss: 0.5965 (0.6047)  accuracy: 0.8958 (0.8743)  balanced_accuracy: 0.8958 (0.8645)  pr_auc: 1.0000 (0.9581)  roc_auc: 1.0000 (0.9486)  f1_weighted: 0.8837 (0.8457)  time: 0.0723  data: 0.0193  max mem: 604
Test:  [   100/?]  eta: ?  loss: 0.6114 (0.6060)  accuracy: 0.8229 (0.8677)  balanced_accuracy: 0.8229 (0.8563)  pr_auc: 0.9947 (0.9613)  roc_auc: 0.9937 (0.9536)  f1_weighted: 0.8000 (0.8292)  time: 0.0737  data: 0.0202  max mem: 604
Test:  [   110/?]  eta: ?  loss: 0.6248 (0.6090)  accuracy: 0.7708 (0.8596)  balanced_accuracy: 0.8229 (0.8537)  pr_auc: 0.9927 (0.9634)  roc_auc: 0.9913 (0.9557)  f1_weighted: 0.8434 (0.8260)  time: 0.0722  data: 0.0216  max mem: 604
Test:  [   120/?]  eta: ?  loss: 0.6109 (0.6074)  accuracy: 0.7188 (0.8528)  balanced_accuracy: 0.7292 (0.8438)  pr_auc: 0.9877 (0.9581)  roc_auc: 0.9908 (0.9490)  f1_weighted: 0.7360 (0.8174)  time: 0.0744  data: 0.0276  max mem: 604
Test:  [   130/?]  eta: ?  loss: 0.5262 (0.6019)  accuracy: 0.9896 (0.8616)  balanced_accuracy: 0.7292 (0.8454)  pr_auc: 0.9927 (0.9564)  roc_auc: 0.9913 (0.9496)  f1_weighted: 0.7360 (0.8182)  time: 0.0719  data: 0.0281  max mem: 604
Test:  [   140/?]  eta: ?  loss: 0.5262 (0.6000)  accuracy: 1.0000 (0.8644)  balanced_accuracy: 0.7396 (0.8450)  pr_auc: 0.9927 (0.9521)  roc_auc: 0.9913 (0.9441)  f1_weighted: 0.7863 (0.8200)  time: 0.0726  data: 0.0298  max mem: 604
Test:  [   150/?]  eta: ?  loss: 0.5546 (0.5983)  accuracy: 0.9583 (0.8651)  balanced_accuracy: 0.7410 (0.8455)  pr_auc: 0.9869 (0.9512)  roc_auc: 0.9814 (0.9440)  f1_weighted: 0.7863 (0.8204)  time: 0.0711  data: 0.0293  max mem: 604
Test:  [   160/?]  eta: ?  loss: 0.5653 (0.5976)  accuracy: 0.9792 (0.8703)  balanced_accuracy: 0.7500 (0.8452)  pr_auc: 0.9805 (0.9489)  roc_auc: 0.9720 (0.9427)  f1_weighted: 0.7863 (0.8208)  time: 0.0693  data: 0.0282  max mem: 604
Test:  [   170/?]  eta: ?  loss: 0.5497 (0.5962)  accuracy: 0.9896 (0.8735)  balanced_accuracy: 0.7500 (0.8440)  pr_auc: 0.9697 (0.9488)  roc_auc: 0.9063 (0.9417)  f1_weighted: 0.7863 (0.8201)  time: 0.0717  data: 0.0306  max mem: 604
Test:  [   180/?]  eta: ?  loss: 0.5715 (0.5964)  accuracy: 0.9792 (0.8779)  balanced_accuracy: 0.7812 (0.8444)  pr_auc: 0.9577 (0.9485)  roc_auc: 0.9063 (0.9422)  f1_weighted: 0.8039 (0.8205)  time: 0.0739  data: 0.0328  max mem: 604
Test:  [   190/?]  eta: ?  loss: 0.6194 (0.5962)  accuracy: 0.9583 (0.8778)  balanced_accuracy: 0.7812 (0.8424)  pr_auc: 0.9577 (0.9482)  roc_auc: 0.9063 (0.9426)  f1_weighted: 0.8039 (0.8172)  time: 0.0778  data: 0.0335  max mem: 604
Test:  [   200/?]  eta: ?  loss: 0.5519 (0.5954)  accuracy: 0.9271 (0.8790)  balanced_accuracy: 0.7812 (0.8375)  pr_auc: 0.9577 (0.9392)  roc_auc: 0.9774 (0.9378)  f1_weighted: 0.7788 (0.8082)  time: 0.0711  data: 0.0260  max mem: 604
Test:  [   210/?]  eta: ?  loss: 0.5519 (0.5963)  accuracy: 0.8854 (0.8761)  balanced_accuracy: 0.8024 (0.8315)  pr_auc: 0.9760 (0.9376)  roc_auc: 0.9774 (0.9326)  f1_weighted: 0.8039 (0.8065)  time: 0.0732  data: 0.0280  max mem: 604
Test:  [   220/?]  eta: ?  loss: 0.6005 (0.5963)  accuracy: 0.8646 (0.8753)  balanced_accuracy: 0.7292 (0.8280)  pr_auc: 0.9038 (0.9347)  roc_auc: 0.8722 (0.9282)  f1_weighted: 0.8052 (0.8059)  time: 0.0730  data: 0.0262  max mem: 604
Test:  [   230/?]  eta: ?  loss: 0.5831 (0.5963)  accuracy: 0.8646 (0.8763)  balanced_accuracy: 0.7628 (0.8292)  pr_auc: 0.9038 (0.9296)  roc_auc: 0.9130 (0.9288)  f1_weighted: 0.7788 (0.8014)  time: 0.0707  data: 0.0264  max mem: 604
Test:  [   240/?]  eta: ?  loss: 0.5779 (0.5959)  accuracy: 0.9062 (0.8766)  balanced_accuracy: 0.8370 (0.8286)  pr_auc: 0.9038 (0.9247)  roc_auc: 0.9592 (0.9270)  f1_weighted: 0.8060 (0.7971)  time: 0.0713  data: 0.0287  max mem: 604
Test:  [   250/?]  eta: ?  loss: 0.5831 (0.5958)  accuracy: 0.9062 (0.8774)  balanced_accuracy: 0.8854 (0.8315)  pr_auc: 0.9851 (0.9246)  roc_auc: 0.9659 (0.9277)  f1_weighted: 0.8364 (0.8000)  time: 0.0729  data: 0.0279  max mem: 604
Test:  [   260/?]  eta: ?  loss: 0.5831 (0.5952)  accuracy: 0.9896 (0.8782)  balanced_accuracy: 0.9194 (0.8317)  pr_auc: 1.0000 (0.9274)  roc_auc: 1.0000 (0.9305)  f1_weighted: 0.8972 (0.7980)  time: 0.0717  data: 0.0251  max mem: 604
Test:  [   270/?]  eta: ?  loss: 0.5837 (0.5950)  accuracy: 0.9792 (0.8785)  balanced_accuracy: 0.9455 (0.8334)  pr_auc: 1.0000 (0.9268)  roc_auc: 1.0000 (0.9302)  f1_weighted: 0.9423 (0.8003)  time: 0.0707  data: 0.0247  max mem: 604
Test:  [   280/?]  eta: ?  loss: 0.5863 (0.5955)  accuracy: 0.9479 (0.8789)  balanced_accuracy: 0.9167 (0.8375)  pr_auc: 1.0000 (0.9299)  roc_auc: 1.0000 (0.9321)  f1_weighted: 0.9057 (0.8051)  time: 0.0729  data: 0.0239  max mem: 604
Test:  [   290/?]  eta: ?  loss: 0.5935 (0.5949)  accuracy: 0.9688 (0.8812)  balanced_accuracy: 0.9688 (0.8411)  pr_auc: 1.0000 (0.9328)  roc_auc: 1.0000 (0.9349)  f1_weighted: 0.9684 (0.8083)  time: 0.0696  data: 0.0188  max mem: 604
Test:  [   300/?]  eta: ?  loss: 0.5935 (0.5952)  accuracy: 0.9688 (0.8818)  balanced_accuracy: 0.9300 (0.8392)  pr_auc: 1.0000 (0.9304)  roc_auc: 1.0000 (0.9361)  f1_weighted: 0.9213 (0.8027)  time: 0.0729  data: 0.0256  max mem: 604
Test:  [   310/?]  eta: ?  loss: 0.6234 (0.5962)  accuracy: 0.8750 (0.8765)  balanced_accuracy: 0.9271 (0.8373)  pr_auc: 0.9992 (0.9297)  roc_auc: 0.9974 (0.9364)  f1_weighted: 0.9213 (0.7972)  time: 0.0709  data: 0.0233  max mem: 604
Test:  [   320/?]  eta: ?  loss: 0.5897 (0.5961)  accuracy: 0.7604 (0.8746)  balanced_accuracy: 0.9375 (0.8380)  pr_auc: 0.9992 (0.9304)  roc_auc: 0.9974 (0.9368)  f1_weighted: 0.9684 (0.7982)  time: 0.0676  data: 0.0229  max mem: 604
Test:  [   330/?]  eta: ?  loss: 0.5540 (0.5950)  accuracy: 0.9688 (0.8757)  balanced_accuracy: 0.9792 (0.8414)  pr_auc: 0.9992 (0.9319)  roc_auc: 0.9991 (0.9382)  f1_weighted: 0.9792 (0.8020)  time: 0.0688  data: 0.0270  max mem: 604
Test:  [   340/?]  eta: ?  loss: 0.5862 (0.5956)  accuracy: 0.8854 (0.8731)  balanced_accuracy: 0.9792 (0.8358)  pr_auc: 0.9992 (0.9255)  roc_auc: 0.9991 (0.9361)  f1_weighted: 0.9091 (0.7907)  time: 0.0724  data: 0.0252  max mem: 604
Test:  [   350/?]  eta: ?  loss: 0.6423 (0.5974)  accuracy: 0.7083 (0.8663)  balanced_accuracy: 0.6667 (0.8252)  pr_auc: 0.9950 (0.9209)  roc_auc: 0.9967 (0.9307)  f1_weighted: 0.5000 (0.7704)  time: 0.0716  data: 0.0209  max mem: 604
Test:  [   360/?]  eta: ?  loss: 0.6598 (0.5984)  accuracy: 0.6667 (0.8636)  balanced_accuracy: 0.5417 (0.8231)  pr_auc: 0.9560 (0.9182)  roc_auc: 0.9588 (0.9271)  f1_weighted: 0.3421 (0.7657)  time: 0.0714  data: 0.0240  max mem: 604
Test:  [   370/?]  eta: ?  loss: 0.6292 (0.5990)  accuracy: 0.8542 (0.8644)  balanced_accuracy: 0.5417 (0.8242)  pr_auc: 0.9560 (0.9189)  roc_auc: 0.9588 (0.9277)  f1_weighted: 0.3421 (0.7673)  time: 0.0698  data: 0.0275  max mem: 604
Test:  [   380/?]  eta: ?  loss: 0.6428 (0.5996)  accuracy: 0.9583 (0.8658)  balanced_accuracy: 0.6176 (0.8239)  pr_auc: 0.9560 (0.9161)  roc_auc: 0.9588 (0.9271)  f1_weighted: 0.3810 (0.7660)  time: 0.0681  data: 0.0278  max mem: 604
Test:  [   390/?]  eta: ?  loss: 0.6124 (0.5993)  accuracy: 0.9896 (0.8681)  balanced_accuracy: 0.8320 (0.8281)  pr_auc: 0.9950 (0.9184)  roc_auc: 0.9949 (0.9291)  f1_weighted: 0.8381 (0.7717)  time: 0.0741  data: 0.0297  max mem: 604
Test:  [   400/?]  eta: ?  loss: 0.5886 (0.5989)  accuracy: 0.9792 (0.8697)  balanced_accuracy: 0.9375 (0.8308)  pr_auc: 0.9988 (0.9208)  roc_auc: 0.9982 (0.9312)  f1_weighted: 0.9348 (0.7756)  time: 0.0740  data: 0.0256  max mem: 604
Test:  [   410/?]  eta: ?  loss: 0.5960 (0.5984)  accuracy: 0.9583 (0.8701)  balanced_accuracy: 0.9375 (0.8317)  pr_auc: 0.9944 (0.9216)  roc_auc: 0.9944 (0.9317)  f1_weighted: 0.9348 (0.7779)  time: 0.0709  data: 0.0238  max mem: 604
Test:  [   420/?]  eta: ?  loss: 0.6048 (0.5985)  accuracy: 0.9375 (0.8713)  balanced_accuracy: 0.9286 (0.8340)  pr_auc: 0.9877 (0.9220)  roc_auc: 0.9881 (0.9322)  f1_weighted: 0.9231 (0.7810)  time: 0.0715  data: 0.0241  max mem: 604
Test:  [   430/?]  eta: ?  loss: 0.6265 (0.5995)  accuracy: 0.8854 (0.8711)  balanced_accuracy: 0.9167 (0.8365)  pr_auc: 0.9877 (0.9242)  roc_auc: 0.9881 (0.9341)  f1_weighted: 0.9091 (0.7849)  time: 0.0748  data: 0.0249  max mem: 604
Test:  [   440/?]  eta: ?  loss: 0.5990 (0.5989)  accuracy: 0.9167 (0.8726)  balanced_accuracy: 0.9321 (0.8401)  pr_auc: 1.0000 (0.9266)  roc_auc: 1.0000 (0.9362)  f1_weighted: 0.9272 (0.7876)  time: 0.0724  data: 0.0212  max mem: 604
Test:  [   450/?]  eta: ?  loss: 0.5637 (0.5979)  accuracy: 0.9896 (0.8747)  balanced_accuracy: 0.9653 (0.8424)  pr_auc: 1.0000 (0.9277)  roc_auc: 1.0000 (0.9372)  f1_weighted: 0.9474 (0.7904)  time: 0.0683  data: 0.0209  max mem: 604
Test:  [   460/?]  eta: ?  loss: 0.5563 (0.5976)  accuracy: 0.9479 (0.8749)  balanced_accuracy: 0.9653 (0.8433)  pr_auc: 1.0000 (0.9285)  roc_auc: 1.0000 (0.9379)  f1_weighted: 0.9272 (0.7906)  time: 0.0723  data: 0.0299  max mem: 604
Test:  [   470/?]  eta: ?  loss: 0.5438 (0.5963)  accuracy: 0.9479 (0.8771)  balanced_accuracy: 0.9765 (0.8444)  pr_auc: 1.0000 (0.9290)  roc_auc: 1.0000 (0.9384)  f1_weighted: 0.9759 (0.7922)  time: 0.0707  data: 0.0297  max mem: 604
Test:  [   480/?]  eta: ?  loss: 0.5300 (0.5960)  accuracy: 0.9792 (0.8757)  balanced_accuracy: 0.9679 (0.8412)  pr_auc: 1.0000 (0.9271)  roc_auc: 1.0000 (0.9370)  f1_weighted: 0.9091 (0.7885)  time: 0.0720  data: 0.0310  max mem: 604
Test:  [   490/?]  eta: ?  loss: 0.5234 (0.5953)  accuracy: 0.9896 (0.8777)  balanced_accuracy: 0.9679 (0.8424)  pr_auc: 1.0000 (0.9277)  roc_auc: 1.0000 (0.9375)  f1_weighted: 0.9091 (0.7901)  time: 0.0737  data: 0.0326  max mem: 604
Test:  [   500/?]  eta: ?  loss: 0.5810 (0.5956)  accuracy: 0.9896 (0.8761)  balanced_accuracy: 0.9679 (0.8446)  pr_auc: 1.0000 (0.9290)  roc_auc: 1.0000 (0.9387)  f1_weighted: 0.9600 (0.7933)  time: 0.0714  data: 0.0284  max mem: 604
Test:  [   510/?]  eta: ?  loss: 0.5990 (0.5955)  accuracy: 0.8854 (0.8743)  balanced_accuracy: 0.9583 (0.8452)  pr_auc: 1.0000 (0.9287)  roc_auc: 1.0000 (0.9386)  f1_weighted: 0.9209 (0.7945)  time: 0.0686  data: 0.0245  max mem: 604
Test:  [   520/?]  eta: ?  loss: 0.6074 (0.5956)  accuracy: 0.8854 (0.8733)  balanced_accuracy: 0.9267 (0.8457)  pr_auc: 1.0000 (0.9274)  roc_auc: 1.0000 (0.9389)  f1_weighted: 0.9209 (0.7949)  time: 0.0695  data: 0.0227  max mem: 604
Test:  [   530/?]  eta: ?  loss: 0.6074 (0.5958)  accuracy: 0.9479 (0.8743)  balanced_accuracy: 0.9271 (0.8465)  pr_auc: 1.0000 (0.9278)  roc_auc: 1.0000 (0.9388)  f1_weighted: 0.9213 (0.7969)  time: 0.0741  data: 0.0255  max mem: 604
Test:  [   540/?]  eta: ?  loss: 0.5801 (0.5951)  accuracy: 0.9896 (0.8764)  balanced_accuracy: 0.9625 (0.8494)  pr_auc: 0.9984 (0.9292)  roc_auc: 0.9980 (0.9400)  f1_weighted: 0.9787 (0.8009)  time: 0.0716  data: 0.0248  max mem: 604
Test:  [   550/?]  eta: ?  loss: 0.5801 (0.5951)  accuracy: 0.9792 (0.8768)  balanced_accuracy: 0.9625 (0.8507)  pr_auc: 0.9984 (0.9301)  roc_auc: 0.9992 (0.9407)  f1_weighted: 0.9796 (0.8031)  time: 0.0710  data: 0.0222  max mem: 604
Test:  [   560/?]  eta: ?  loss: 0.5949 (0.5951)  accuracy: 0.9167 (0.8779)  balanced_accuracy: 0.9286 (0.8532)  pr_auc: 0.9975 (0.9320)  roc_auc: 0.9984 (0.9423)  f1_weighted: 0.9231 (0.8069)  time: 0.0708  data: 0.0196  max mem: 604
Test:  [   570/?]  eta: ?  loss: 0.6109 (0.5956)  accuracy: 0.8854 (0.8758)  balanced_accuracy: 0.8854 (0.8532)  pr_auc: 0.9960 (0.9320)  roc_auc: 0.9975 (0.9425)  f1_weighted: 0.8736 (0.8069)  time: 0.0693  data: 0.0190  max mem: 604
Test:  [   580/?]  eta: ?  loss: 0.6095 (0.5954)  accuracy: 0.8333 (0.8756)  balanced_accuracy: 0.9127 (0.8539)  pr_auc: 0.9978 (0.9325)  roc_auc: 0.9978 (0.9431)  f1_weighted: 0.8605 (0.8058)  time: 0.0717  data: 0.0228  max mem: 604
Test:  [   590/?]  eta: ?  loss: 0.5834 (0.5951)  accuracy: 0.9062 (0.8755)  balanced_accuracy: 0.9127 (0.8538)  pr_auc: 0.9978 (0.9335)  roc_auc: 0.9984 (0.9439)  f1_weighted: 0.8333 (0.8052)  time: 0.0717  data: 0.0245  max mem: 604
Test:  [   600/?]  eta: ?  loss: 0.5840 (0.5950)  accuracy: 0.9479 (0.8762)  balanced_accuracy: 0.9583 (0.8555)  pr_auc: 1.0000 (0.9352)  roc_auc: 1.0000 (0.9454)  f1_weighted: 0.9231 (0.8061)  time: 0.0714  data: 0.0220  max mem: 604
Test:  [   610/?]  eta: ?  loss: 0.5847 (0.5951)  accuracy: 0.9688 (0.8766)  balanced_accuracy: 0.9167 (0.8553)  pr_auc: 1.0000 (0.9367)  roc_auc: 1.0000 (0.9466)  f1_weighted: 0.8936 (0.8051)  time: 0.0713  data: 0.0191  max mem: 604
Test:  [   620/?]  eta: ?  loss: 0.5970 (0.5948)  accuracy: 0.9688 (0.8773)  balanced_accuracy: 0.8768 (0.8556)  pr_auc: 1.0000 (0.9367)  roc_auc: 1.0000 (0.9465)  f1_weighted: 0.8593 (0.8063)  time: 0.0693  data: 0.0199  max mem: 604
Test:  [   630/?]  eta: ?  loss: 0.5284 (0.5938)  accuracy: 0.9792 (0.8788)  balanced_accuracy: 0.8768 (0.8565)  pr_auc: 1.0000 (0.9371)  roc_auc: 1.0000 (0.9468)  f1_weighted: 0.8593 (0.8074)  time: 0.0711  data: 0.0268  max mem: 604
Test:  [   640/?]  eta: ?  loss: 0.5257 (0.5931)  accuracy: 1.0000 (0.8804)  balanced_accuracy: 0.9062 (0.8581)  pr_auc: 1.0000 (0.9379)  roc_auc: 1.0000 (0.9475)  f1_weighted: 0.8989 (0.8098)  time: 0.0726  data: 0.0289  max mem: 604
Test:  [   650/?]  eta: ?  loss: 0.5366 (0.5928)  accuracy: 1.0000 (0.8807)  balanced_accuracy: 0.9167 (0.8576)  pr_auc: 1.0000 (0.9382)  roc_auc: 1.0000 (0.9477)  f1_weighted: 0.9091 (0.8105)  time: 0.0709  data: 0.0250  max mem: 604
Test:  [   660/?]  eta: ?  loss: 0.5752 (0.5928)  accuracy: 0.9792 (0.8808)  balanced_accuracy: 0.9792 (0.8579)  pr_auc: 1.0000 (0.9392)  roc_auc: 1.0000 (0.9486)  f1_weighted: 0.9796 (0.8108)  time: 0.0699  data: 0.0229  max mem: 604
Test:  [   670/?]  eta: ?  loss: 0.5752 (0.5927)  accuracy: 0.9792 (0.8809)  balanced_accuracy: 0.8750 (0.8581)  pr_auc: 0.9996 (0.9398)  roc_auc: 0.9998 (0.9491)  f1_weighted: 0.8706 (0.8112)  time: 0.0699  data: 0.0229  max mem: 604
Test:  [   680/?]  eta: ?  loss: 0.5932 (0.5927)  accuracy: 0.9375 (0.8809)  balanced_accuracy: 0.8854 (0.8587)  pr_auc: 0.9956 (0.9393)  roc_auc: 0.9950 (0.9497)  f1_weighted: 0.8706 (0.8111)  time: 0.0781  data: 0.0294  max mem: 604
Test:  [   690/?]  eta: ?  loss: 0.5997 (0.5933)  accuracy: 0.8646 (0.8795)  balanced_accuracy: 0.8000 (0.8581)  pr_auc: 0.9890 (0.9384)  roc_auc: 0.9933 (0.9494)  f1_weighted: 0.7429 (0.8101)  time: 0.0833  data: 0.0353  max mem: 604
Test:  [   700/?]  eta: ?  loss: 0.6206 (0.5934)  accuracy: 0.8438 (0.8794)  balanced_accuracy: 0.9015 (0.8572)  pr_auc: 0.9991 (0.9368)  roc_auc: 0.9980 (0.9486)  f1_weighted: 0.8908 (0.8077)  time: 0.0765  data: 0.0324  max mem: 604
Test:  [   710/?]  eta: ?  loss: 0.6398 (0.5948)  accuracy: 0.9583 (0.8769)  balanced_accuracy: 0.9194 (0.8564)  pr_auc: 1.0000 (0.9371)  roc_auc: 1.0000 (0.9467)  f1_weighted: 0.9123 (0.8075)  time: 0.0748  data: 0.0301  max mem: 604
Test:  [   720/?]  eta: ?  loss: 0.6398 (0.5950)  accuracy: 0.9896 (0.8754)  balanced_accuracy: 0.9692 (0.8575)  pr_auc: 1.0000 (0.9378)  roc_auc: 1.0000 (0.9473)  f1_weighted: 0.9683 (0.8090)  time: 0.0771  data: 0.0324  max mem: 604
Test:  [   730/?]  eta: ?  loss: 0.5684 (0.5948)  accuracy: 1.0000 (0.8768)  balanced_accuracy: 0.9933 (0.8586)  pr_auc: 1.0000 (0.9382)  roc_auc: 1.0000 (0.9476)  f1_weighted: 0.9933 (0.8105)  time: 0.0750  data: 0.0317  max mem: 604
Test:  [   740/?]  eta: ?  loss: 0.5813 (0.5946)  accuracy: 1.0000 (0.8782)  balanced_accuracy: 0.9933 (0.8591)  pr_auc: 1.0000 (0.9373)  roc_auc: 1.0000 (0.9477)  f1_weighted: 0.9933 (0.8110)  time: 0.0773  data: 0.0350  max mem: 604
Test:  [   750/?]  eta: ?  loss: 0.5459 (0.5941)  accuracy: 1.0000 (0.8793)  balanced_accuracy: 0.9939 (0.8597)  pr_auc: 1.0000 (0.9378)  roc_auc: 1.0000 (0.9481)  f1_weighted: 0.9939 (0.8119)  time: 0.0774  data: 0.0350  max mem: 604
Test:  [   760/?]  eta: ?  loss: 0.5626 (0.5943)  accuracy: 0.9688 (0.8802)  balanced_accuracy: 0.9939 (0.8610)  pr_auc: 1.0000 (0.9385)  roc_auc: 1.0000 (0.9487)  f1_weighted: 0.9939 (0.8134)  time: 0.0775  data: 0.0331  max mem: 604
Test:  [   770/?]  eta: ?  loss: 0.5626 (0.5938)  accuracy: 0.9792 (0.8813)  balanced_accuracy: 0.9918 (0.8619)  pr_auc: 1.0000 (0.9390)  roc_auc: 1.0000 (0.9490)  f1_weighted: 0.9917 (0.8142)  time: 0.0782  data: 0.0337  max mem: 604
Test:  [   780/?]  eta: ?  loss: 0.5376 (0.5934)  accuracy: 0.9896 (0.8823)  balanced_accuracy: 0.9918 (0.8631)  pr_auc: 1.0000 (0.9395)  roc_auc: 1.0000 (0.9495)  f1_weighted: 0.9831 (0.8157)  time: 0.0772  data: 0.0335  max mem: 604
Test:  [   790/?]  eta: ?  loss: 0.5611 (0.5935)  accuracy: 0.9583 (0.8824)  balanced_accuracy: 0.9918 (0.8639)  pr_auc: 1.0000 (0.9399)  roc_auc: 1.0000 (0.9499)  f1_weighted: 0.9831 (0.8168)  time: 0.0762  data: 0.0329  max mem: 604
Test:  [   800/?]  eta: ?  loss: 0.5323 (0.5929)  accuracy: 0.9792 (0.8837)  balanced_accuracy: 0.9925 (0.8645)  pr_auc: 1.0000 (0.9402)  roc_auc: 1.0000 (0.9501)  f1_weighted: 0.9917 (0.8177)  time: 0.0725  data: 0.0315  max mem: 604
Test:  [   810/?]  eta: ?  loss: 0.5262 (0.5928)  accuracy: 0.9896 (0.8834)  balanced_accuracy: 0.9918 (0.8637)  pr_auc: 1.0000 (0.9403)  roc_auc: 1.0000 (0.9502)  f1_weighted: 0.9831 (0.8169)  time: 0.0726  data: 0.0333  max mem: 604
Test:  [   820/?]  eta: ?  loss: 0.6073 (0.5930)  accuracy: 0.9792 (0.8842)  balanced_accuracy: 0.9925 (0.8647)  pr_auc: 1.0000 (0.9410)  roc_auc: 1.0000 (0.9507)  f1_weighted: 0.9917 (0.8183)  time: 0.0744  data: 0.0324  max mem: 604
Test:  [   830/?]  eta: ?  loss: 0.5990 (0.5928)  accuracy: 0.9792 (0.8842)  balanced_accuracy: 1.0000 (0.8643)  pr_auc: 1.0000 (0.9400)  roc_auc: 1.0000 (0.9496)  f1_weighted: 1.0000 (0.8172)  time: 0.0732  data: 0.0293  max mem: 604
Test:  [   840/?]  eta: ?  loss: 0.5668 (0.5931)  accuracy: 0.9896 (0.8850)  balanced_accuracy: 0.9926 (0.8652)  pr_auc: 1.0000 (0.9404)  roc_auc: 1.0000 (0.9499)  f1_weighted: 0.9892 (0.8184)  time: 0.0745  data: 0.0321  max mem: 604
Test:  [   850/?]  eta: ?  loss: 0.6306 (0.5935)  accuracy: 0.9792 (0.8849)  balanced_accuracy: 0.9925 (0.8656)  pr_auc: 1.0000 (0.9406)  roc_auc: 1.0000 (0.9501)  f1_weighted: 0.9892 (0.8191)  time: 0.0745  data: 0.0328  max mem: 604
Test:  [   860/?]  eta: ?  loss: 0.6439 (0.5939)  accuracy: 0.9896 (0.8854)  balanced_accuracy: 0.9926 (0.8655)  pr_auc: 1.0000 (0.9394)  roc_auc: 1.0000 (0.9497)  f1_weighted: 0.9892 (0.8185)  time: 0.0729  data: 0.0308  max mem: 604
Test:  [   870/?]  eta: ?  loss: 0.6155 (0.5937)  accuracy: 1.0000 (0.8861)  balanced_accuracy: 0.9926 (0.8662)  pr_auc: 1.0000 (0.9398)  roc_auc: 1.0000 (0.9498)  f1_weighted: 0.9892 (0.8196)  time: 0.0741  data: 0.0302  max mem: 604
Test:  [   880/?]  eta: ?  loss: 0.5219 (0.5932)  accuracy: 1.0000 (0.8872)  balanced_accuracy: 0.9926 (0.8662)  pr_auc: 1.0000 (0.9398)  roc_auc: 1.0000 (0.9498)  f1_weighted: 0.9892 (0.8196)  time: 0.0740  data: 0.0333  max mem: 604
Test:  [   890/?]  eta: ?  loss: 0.5377 (0.5934)  accuracy: 0.9896 (0.8880)  balanced_accuracy: 0.9926 (0.8667)  pr_auc: 1.0000 (0.9402)  roc_auc: 1.0000 (0.9501)  f1_weighted: 0.9811 (0.8204)  time: 0.0737  data: 0.0341  max mem: 604
Test:  [   900/?]  eta: ?  loss: 0.5626 (0.5932)  accuracy: 0.9896 (0.8891)  balanced_accuracy: 0.9931 (0.8678)  pr_auc: 1.0000 (0.9407)  roc_auc: 1.0000 (0.9506)  f1_weighted: 0.9939 (0.8219)  time: 0.0731  data: 0.0301  max mem: 604
Test:  [   910/?]  eta: ?  loss: 0.5294 (0.5927)  accuracy: 1.0000 (0.8898)  balanced_accuracy: 0.9929 (0.8680)  pr_auc: 1.0000 (0.9408)  roc_auc: 1.0000 (0.9507)  f1_weighted: 0.9811 (0.8223)  time: 0.0726  data: 0.0306  max mem: 604
Test:  [   920/?]  eta: ?  loss: 0.5254 (0.5921)  accuracy: 0.9896 (0.8907)  balanced_accuracy: 0.9929 (0.8683)  pr_auc: 1.0000 (0.9410)  roc_auc: 1.0000 (0.9508)  f1_weighted: 0.9811 (0.8227)  time: 0.0761  data: 0.0362  max mem: 604
Test:  [   930/?]  eta: ?  loss: 0.5220 (0.5914)  accuracy: 0.9896 (0.8915)  balanced_accuracy: 0.9929 (0.8683)  pr_auc: 1.0000 (0.9410)  roc_auc: 1.0000 (0.9508)  f1_weighted: 0.9811 (0.8227)  time: 0.0778  data: 0.0395  max mem: 604
Test:  [   940/?]  eta: ?  loss: 0.5188 (0.5908)  accuracy: 0.9896 (0.8923)  balanced_accuracy: 0.9929 (0.8682)  pr_auc: 1.0000 (0.9411)  roc_auc: 1.0000 (0.9508)  f1_weighted: 0.9796 (0.8230)  time: 0.0755  data: 0.0364  max mem: 604
Test:  [   950/?]  eta: ?  loss: 0.5163 (0.5903)  accuracy: 1.0000 (0.8934)  balanced_accuracy: 0.9929 (0.8685)  pr_auc: 1.0000 (0.9412)  roc_auc: 1.0000 (0.9510)  f1_weighted: 0.9796 (0.8234)  time: 0.0740  data: 0.0339  max mem: 604
Test:  [   960/?]  eta: ?  loss: 0.5256 (0.5906)  accuracy: 0.9896 (0.8934)  balanced_accuracy: 0.9731 (0.8680)  pr_auc: 1.0000 (0.9407)  roc_auc: 1.0000 (0.9491)  f1_weighted: 0.9655 (0.8223)  time: 0.0752  data: 0.0342  max mem: 604
Test:  [   970/?]  eta: ?  loss: 0.5452 (0.5905)  accuracy: 0.9792 (0.8933)  balanced_accuracy: 0.9731 (0.8682)  pr_auc: 1.0000 (0.9409)  roc_auc: 1.0000 (0.9492)  f1_weighted: 0.9655 (0.8226)  time: 0.0751  data: 0.0342  max mem: 604
Test:  [   980/?]  eta: ?  loss: 0.5452 (0.5908)  accuracy: 0.9688 (0.8931)  balanced_accuracy: 0.9731 (0.8686)  pr_auc: 1.0000 (0.9413)  roc_auc: 1.0000 (0.9490)  f1_weighted: 0.9655 (0.8233)  time: 0.0761  data: 0.0348  max mem: 604
Test:  [   990/?]  eta: ?  loss: 0.6321 (0.5911)  accuracy: 0.9792 (0.8932)  balanced_accuracy: 0.9855 (0.8689)  pr_auc: 1.0000 (0.9414)  roc_auc: 1.0000 (0.9491)  f1_weighted: 0.9655 (0.8237)  time: 0.0746  data: 0.0334  max mem: 604
Test:  [  1000/?]  eta: ?  loss: 0.6041 (0.5913)  accuracy: 0.9792 (0.8930)  balanced_accuracy: 0.9947 (0.8692)  pr_auc: 1.0000 (0.9415)  roc_auc: 1.0000 (0.9492)  f1_weighted: 0.9947 (0.8241)  time: 0.0690  data: 0.0304  max mem: 604
Test:  [  1010/?]  eta: ?  loss: 0.5777 (0.5917)  accuracy: 0.8438 (0.8914)  balanced_accuracy: 0.9667 (0.8681)  pr_auc: 1.0000 (0.9415)  roc_auc: 1.0000 (0.9483)  f1_weighted: 0.9643 (0.8221)  time: 0.0715  data: 0.0311  max mem: 604
Test:  [  1020/?]  eta: ?  loss: 0.6710 (0.5930)  accuracy: 0.7083 (0.8878)  balanced_accuracy: 0.9667 (0.8683)  pr_auc: 1.0000 (0.9418)  roc_auc: 1.0000 (0.9485)  f1_weighted: 0.9643 (0.8210)  time: 0.0720  data: 0.0308  max mem: 604
Test:  [  1030/?]  eta: ?  loss: 0.6490 (0.5933)  accuracy: 0.7708 (0.8875)  balanced_accuracy: 0.9667 (0.8667)  pr_auc: 1.0000 (0.9410)  roc_auc: 1.0000 (0.9476)  f1_weighted: 0.9630 (0.8192)  time: 0.0738  data: 0.0318  max mem: 604
Test:  [  1040/?]  eta: ?  loss: 0.6484 (0.5938)  accuracy: 0.9375 (0.8856)  balanced_accuracy: 0.8830 (0.8663)  pr_auc: 0.9993 (0.9399)  roc_auc: 0.9995 (0.9461)  f1_weighted: 0.8101 (0.8192)  time: 0.0725  data: 0.0305  max mem: 604
Test:  [  1050/?]  eta: ?  loss: 0.6158 (0.5937)  accuracy: 0.9896 (0.8861)  balanced_accuracy: 0.8830 (0.8661)  pr_auc: 0.9993 (0.9403)  roc_auc: 0.9995 (0.9464)  f1_weighted: 0.8101 (0.8185)  time: 0.0694  data: 0.0281  max mem: 604
Test:  [  1060/?]  eta: ?  loss: 0.5843 (0.5939)  accuracy: 1.0000 (0.8863)  balanced_accuracy: 0.8830 (0.8662)  pr_auc: 0.9993 (0.9405)  roc_auc: 0.9995 (0.9466)  f1_weighted: 0.8101 (0.8186)  time: 0.0729  data: 0.0313  max mem: 604
Test:  [  1070/?]  eta: ?  loss: 0.5322 (0.5932)  accuracy: 1.0000 (0.8871)  balanced_accuracy: 0.8830 (0.8664)  pr_auc: 0.9993 (0.9406)  roc_auc: 0.9995 (0.9467)  f1_weighted: 0.8101 (0.8190)  time: 0.0711  data: 0.0311  max mem: 604
Test:  [  1080/?]  eta: ?  loss: 0.5322 (0.5932)  accuracy: 1.0000 (0.8882)  balanced_accuracy: 0.8830 (0.8673)  pr_auc: 0.9993 (0.9409)  roc_auc: 0.9995 (0.9470)  f1_weighted: 0.8101 (0.8201)  time: 0.0704  data: 0.0300  max mem: 604
Test:  [  1090/?]  eta: ?  loss: 0.6374 (0.5937)  accuracy: 1.0000 (0.8872)  balanced_accuracy: 0.9848 (0.8676)  pr_auc: 1.0000 (0.9413)  roc_auc: 1.0000 (0.9473)  f1_weighted: 0.9714 (0.8205)  time: 0.0722  data: 0.0302  max mem: 604
Test:  [  1100/?]  eta: ?  loss: 0.6305 (0.5937)  accuracy: 0.9688 (0.8874)  balanced_accuracy: 0.9848 (0.8676)  pr_auc: 1.0000 (0.9413)  roc_auc: 1.0000 (0.9473)  f1_weighted: 0.9714 (0.8205)  time: 0.0743  data: 0.0343  max mem: 604
Test:  [  1110/?]  eta: ?  loss: 0.5202 (0.5936)  accuracy: 0.9896 (0.8880)  balanced_accuracy: 0.9848 (0.8676)  pr_auc: 1.0000 (0.9413)  roc_auc: 1.0000 (0.9473)  f1_weighted: 0.9714 (0.8205)  time: 0.0736  data: 0.0361  max mem: 604
Test:  [  1120/?]  eta: ?  loss: 0.5192 (0.5932)  accuracy: 1.0000 (0.8885)  balanced_accuracy: 0.9857 (0.8673)  pr_auc: 1.0000 (0.9415)  roc_auc: 1.0000 (0.9475)  f1_weighted: 0.9846 (0.8200)  time: 0.0719  data: 0.0330  max mem: 604
Test:  [  1130/?]  eta: ?  loss: 0.5178 (0.5932)  accuracy: 1.0000 (0.8877)  balanced_accuracy: 0.9857 (0.8673)  pr_auc: 1.0000 (0.9415)  roc_auc: 1.0000 (0.9475)  f1_weighted: 0.9846 (0.8200)  time: 0.0713  data: 0.0324  max mem: 604
Test:  [  1140/?]  eta: ?  loss: 0.5157 (0.5930)  accuracy: 1.0000 (0.8881)  balanced_accuracy: 0.9857 (0.8673)  pr_auc: 1.0000 (0.9415)  roc_auc: 1.0000 (0.9475)  f1_weighted: 0.9846 (0.8200)  time: 0.0688  data: 0.0318  max mem: 604
Test:  [  1150/?]  eta: ?  loss: 0.5805 (0.5936)  accuracy: 0.9583 (0.8869)  balanced_accuracy: 0.9857 (0.8670)  pr_auc: 1.0000 (0.9411)  roc_auc: 1.0000 (0.9474)  f1_weighted: 0.9846 (0.8196)  time: 0.0669  data: 0.0273  max mem: 604
Test:  [  1160/?]  eta: ?  loss: 0.5782 (0.5934)  accuracy: 0.9583 (0.8872)  balanced_accuracy: 0.9785 (0.8661)  pr_auc: 1.0000 (0.9385)  roc_auc: 1.0000 (0.9470)  f1_weighted: 0.9780 (0.8171)  time: 0.0677  data: 0.0237  max mem: 604
Test:  [  1170/?]  eta: ?  loss: 0.5171 (0.5934)  accuracy: 1.0000 (0.8868)  balanced_accuracy: 0.9785 (0.8661)  pr_auc: 1.0000 (0.9385)  roc_auc: 1.0000 (0.9470)  f1_weighted: 0.9780 (0.8171)  time: 0.0696  data: 0.0276  max mem: 604
Test:  [  1180/?]  eta: ?  loss: 0.5425 (0.5937)  accuracy: 1.0000 (0.8852)  balanced_accuracy: 1.0000 (0.8663)  pr_auc: 1.0000 (0.9386)  roc_auc: 1.0000 (0.9471)  f1_weighted: 1.0000 (0.8175)  time: 0.0697  data: 0.0308  max mem: 604
Test:  [  1190/?]  eta: ?  loss: 0.6324 (0.5938)  accuracy: 0.9896 (0.8845)  balanced_accuracy: 1.0000 (0.8656)  pr_auc: 1.0000 (0.9379)  roc_auc: 1.0000 (0.9469)  f1_weighted: 1.0000 (0.8164)  time: 0.0696  data: 0.0307  max mem: 604
Test:  [  1200/?]  eta: ?  loss: 0.5327 (0.5938)  accuracy: 0.9896 (0.8837)  balanced_accuracy: 0.9785 (0.8642)  pr_auc: 1.0000 (0.9365)  roc_auc: 1.0000 (0.9451)  f1_weighted: 0.9780 (0.8152)  time: 0.0694  data: 0.0290  max mem: 604
Test:  [  1210/?]  eta: ?  loss: 0.5268 (0.5939)  accuracy: 1.0000 (0.8831)  balanced_accuracy: 0.8605 (0.8635)  pr_auc: 1.0000 (0.9358)  roc_auc: 1.0000 (0.9441)  f1_weighted: 0.8378 (0.8136)  time: 0.0707  data: 0.0292  max mem: 604
Test:  [  1220/?]  eta: ?  loss: 0.5164 (0.5942)  accuracy: 1.0000 (0.8817)  balanced_accuracy: 0.7500 (0.8628)  pr_auc: 1.0000 (0.9359)  roc_auc: 1.0000 (0.9442)  f1_weighted: 0.6667 (0.8120)  time: 0.0690  data: 0.0290  max mem: 604
Test:  [  1230/?]  eta: ?  loss: 0.6499 (0.5951)  accuracy: 0.6562 (0.8789)  balanced_accuracy: 0.7302 (0.8623)  pr_auc: 1.0000 (0.9359)  roc_auc: 1.0000 (0.9442)  f1_weighted: 0.4510 (0.8111)  time: 0.0693  data: 0.0300  max mem: 604
Test:  [  1240/?]  eta: ?  loss: 0.6501 (0.5953)  accuracy: 0.8021 (0.8784)  balanced_accuracy: 0.6667 (0.8619)  pr_auc: 1.0000 (0.9354)  roc_auc: 1.0000 (0.9442)  f1_weighted: 0.4510 (0.8105)  time: 0.0713  data: 0.0324  max mem: 604
Test:  [  1250/?]  eta: ?  loss: 0.5546 (0.5952)  accuracy: 0.9688 (0.8786)  balanced_accuracy: 0.6667 (0.8618)  pr_auc: 0.9923 (0.9350)  roc_auc: 0.9698 (0.9440)  f1_weighted: 0.4510 (0.8101)  time: 0.0714  data: 0.0291  max mem: 604
Test:  [  1260/?]  eta: ?  loss: 0.6113 (0.5958)  accuracy: 0.9583 (0.8776)  balanced_accuracy: 0.7302 (0.8613)  pr_auc: 0.9949 (0.9339)  roc_auc: 0.9815 (0.9427)  f1_weighted: 0.5000 (0.8089)  time: 0.0706  data: 0.0274  max mem: 604
Test:  [  1270/?]  eta: ?  loss: 0.5417 (0.5955)  accuracy: 0.9896 (0.8777)  balanced_accuracy: 0.8605 (0.8611)  pr_auc: 0.9996 (0.9327)  roc_auc: 0.9996 (0.9414)  f1_weighted: 0.8378 (0.8088)  time: 0.0712  data: 0.0294  max mem: 604
Test:  [  1280/?]  eta: ?  loss: 0.5265 (0.5954)  accuracy: 0.9896 (0.8774)  balanced_accuracy: 0.8605 (0.8611)  pr_auc: 0.9996 (0.9327)  roc_auc: 0.9996 (0.9414)  f1_weighted: 0.8378 (0.8088)  time: 0.0703  data: 0.0300  max mem: 604
Test:  [  1290/?]  eta: ?  loss: 0.5395 (0.5958)  accuracy: 0.8646 (0.8758)  balanced_accuracy: 0.7143 (0.8593)  pr_auc: 0.9949 (0.9299)  roc_auc: 0.9815 (0.9387)  f1_weighted: 0.6000 (0.8059)  time: 0.0716  data: 0.0323  max mem: 604
Test:  [  1300/?]  eta: ?  loss: 0.6122 (0.5962)  accuracy: 0.6562 (0.8741)  balanced_accuracy: 0.7143 (0.8580)  pr_auc: 0.9885 (0.9287)  roc_auc: 0.9698 (0.9361)  f1_weighted: 0.6131 (0.8047)  time: 0.0717  data: 0.0292  max mem: 604
Test:  [  1310/?]  eta: ?  loss: 0.5332 (0.5959)  accuracy: 1.0000 (0.8748)  balanced_accuracy: 0.9118 (0.8585)  pr_auc: 0.9996 (0.9290)  roc_auc: 0.9996 (0.9364)  f1_weighted: 0.9032 (0.8054)  time: 0.0686  data: 0.0265  max mem: 604
Test:  [  1320/?]  eta: ?  loss: 0.5163 (0.5953)  accuracy: 1.0000 (0.8756)  balanced_accuracy: 0.9316 (0.8588)  pr_auc: 1.0000 (0.9291)  roc_auc: 1.0000 (0.9365)  f1_weighted: 0.9630 (0.8057)  time: 1.3363  data: 1.2965  max mem: 604
Test:  [  1330/?]  eta: ?  loss: 0.5218 (0.5951)  accuracy: 0.9792 (0.8758)  balanced_accuracy: 0.9316 (0.8588)  pr_auc: 1.0000 (0.9281)  roc_auc: 1.0000 (0.9364)  f1_weighted: 0.9630 (0.8054)  time: 1.3387  data: 1.2993  max mem: 604
Test:  [  1340/?]  eta: ?  loss: 0.5526 (0.5951)  accuracy: 0.9688 (0.8761)  balanced_accuracy: 0.9722 (0.8593)  pr_auc: 1.0000 (0.9284)  roc_auc: 1.0000 (0.9366)  f1_weighted: 0.9630 (0.8061)  time: 0.0727  data: 0.0325  max mem: 604
Test:  [  1350/?]  eta: ?  loss: 0.5526 (0.5949)  accuracy: 0.9896 (0.8766)  balanced_accuracy: 0.9722 (0.8593)  pr_auc: 1.0000 (0.9284)  roc_auc: 1.0000 (0.9366)  f1_weighted: 0.9630 (0.8061)  time: 0.0706  data: 0.0320  max mem: 604
Test:  [  1360/?]  eta: ?  loss: 0.5271 (0.5945)  accuracy: 0.9896 (0.8770)  balanced_accuracy: 0.9722 (0.8589)  pr_auc: 1.0000 (0.9276)  roc_auc: 1.0000 (0.9366)  f1_weighted: 0.9630 (0.8053)  time: 0.0712  data: 0.0335  max mem: 604
Test:  [  1370/?]  eta: ?  loss: 0.5252 (0.5943)  accuracy: 0.9792 (0.8764)  balanced_accuracy: 0.9722 (0.8589)  pr_auc: 1.0000 (0.9276)  roc_auc: 1.0000 (0.9366)  f1_weighted: 0.9630 (0.8053)  time: 0.0715  data: 0.0340  max mem: 604
Test:  [  1380/?]  eta: ?  loss: 0.5248 (0.5940)  accuracy: 0.9896 (0.8772)  balanced_accuracy: 0.9530 (0.8594)  pr_auc: 1.0000 (0.9278)  roc_auc: 1.0000 (0.9368)  f1_weighted: 0.9630 (0.8060)  time: 0.0718  data: 0.0310  max mem: 604
Test: Total time: 0:03:01 (0.1311 s / it)
* loss 0.594
  Test segment-level: 0.8772 | participant (mean prob): 0.8729 | participant (majority vote): 0.8729
======Accuracy: 0.8772431592133662 0.0, balanced accuracy: 0.8607554477015142 0.0
