================================================================================
RESNET34 GENDER CLASSIFICATION EXPERIMENT
================================================================================
Model: ResNet34
Task: Gender Classification (2 classes)
Mode: 1s (EEG segment length)
Results directory: ./final_logs
Reports directory: ./final_logs
Epochs: 50, Learning rate: 0.0001
Batch size: 512 (auto-selected), Random seed: 42
Number of GPUs: 4
Stratified train batches disabled (--no_stratified); using class weights in loss.
Number of workers: 16
================================================================================

Starting ResNet34 gender classification experiment...
Experiment name: gender_resnet34_1s
Model type: gender_resnet34
Training: Both active and passive tasks
Evaluation: Separate accuracy reports for active and passive tasks
--------------------------------------------------------------------------------

================================================================================
STARTING EXPERIMENTS
Number of experiments: 1
Random seed: 42
Results directory: ./final_logs
Generate reports: True
================================================================================

Progress: 1/1
Experiment: gender_resnet34_1s
Setting up experiment: gender_resnet34_1s
Creating standard loaders for gender classification (train on both task types)
============================================================
GPU Configuration
============================================================
CUDA Available: True
Available GPUs: 4
Requested GPUs: 4
Using GPUs: 4
Device: cuda
GPU Device IDs: [0, 1, 2, 3]
  GPU 0: NVIDIA L40S
  GPU 1: NVIDIA L40S
  GPU 2: NVIDIA L40S
  GPU 3: NVIDIA L40S
============================================================
Compiling model with torch.compile() for faster execution...
✅ Model compiled successfully
✅ Using CrossEntropyLoss with class_weight=[0.7718887458969161, 1.4194937406301653] (fix imbalanced / collapse)
✅ Using fused Adam optimizer
✅ Mixed precision training (AMP) enabled
✅ Gradient clipping enabled: max_norm=0.2
✅ Learning rate scheduler: factor=0.5, patience=10
✅ Learning rate warmup enabled: 10 epochs
✅ Experiment setup complete

================================================================================
STARTING EXPERIMENT: gender_resnet34_1s
Model: gender_resnet34 | Target: gender
Channels: 60
================================================================================
Training gender_resnet34 for gender classification...
Starting training for gender_resnet34_1s
Model: EEGGenderResNet34
Target: gender
Epochs: 50
Learning rate: 0.0001
------------------------------------------------------------
   No existing checkpoint found. Starting fresh training.
⏳ Loading first batch (batch_size=512, num_workers=16)...

🔄 Starting epoch 1/50
   🔥 Warmup: LR = 0.000010 (target: 0.000100)
  ✅ First batch loaded! (took 782.5s)
  First batch label distribution: class 0: 332, class 1: 180
W0305 02:05:49.160000 1972614 site-packages/torch/_logging/_internal.py:1081] [0/0] Profiler function <class 'torch.autograd.profiler.record_function'> will be ignored
/home/mojtabam/miniconda3/envs/eeg_env/lib/python3.10/site-packages/torch/_dynamo/variables/functions.py:725: UserWarning: Graph break due to unsupported builtin sys._getframe. This function is either a Python builtin (e.g. _warnings.warn) or a third-party C/C++ Python extension (perhaps created with pybind). If it is a Python builtin, please file an issue on GitHub so the PyTorch team can add support for it and see the next case for a workaround. If it is a third-party C/C++ Python extension, please either wrap it into a PyTorch-understood custom operator (see https://pytorch.org/tutorials/advanced/custom_ops_landing_page.html for more details) or, if it is traceable, use torch.compiler.allow_in_graph.
  torch._dynamo.utils.warn_once(msg)
libibverbs: Warning: couldn't load driver 'libvmw_pvrdma-rdmav34.so': libvmw_pvrdma-rdmav34.so: cannot open shared object file: No such file or directory
  Processed 1000 batches, elapsed: 168.0s
  Processed 2000 batches, elapsed: 269.9s
  Processed 3000 batches, elapsed: 372.8s
  Processed 4000 batches, elapsed: 468.4s
  → Epoch   1/50 | Train Loss: 0.5796 | Val Loss: 0.5280 | Train Acc: 0.6140 | Val Acc: 0.7051 | LR: 0.000010 | Time: 1546.33s
New best model saved at epoch 1 in ./final_logs/checkpoints

🔄 Starting epoch 2/50
  ✅ First batch loaded! (took 5.8s)
  First batch label distribution: class 0: 333, class 1: 179
  Processed 1000 batches, elapsed: 127.0s
  Processed 2000 batches, elapsed: 222.8s
  Processed 3000 batches, elapsed: 306.5s
  Processed 4000 batches, elapsed: 389.7s
  → Epoch   2/50 | Train Loss: 0.4618 | Val Loss: 0.4657 | Train Acc: 0.7392 | Val Acc: 0.7650 | LR: 0.000020 | Time: 502.65s
New best model saved at epoch 2 in ./final_logs/checkpoints

🔄 Starting epoch 3/50
   🔥 Warmup: LR = 0.000030 (target: 0.000100)
  ✅ First batch loaded! (took 5.8s)
  First batch label distribution: class 0: 332, class 1: 180
  Processed 1000 batches, elapsed: 125.7s
  Processed 2000 batches, elapsed: 239.8s
  Processed 3000 batches, elapsed: 363.9s
  Processed 4000 batches, elapsed: 488.1s
  → Epoch   3/50 | Train Loss: 0.4077 | Val Loss: 0.4472 | Train Acc: 0.7829 | Val Acc: 0.7893 | LR: 0.000030 | Time: 595.02s
New best model saved at epoch 3 in ./final_logs/checkpoints

🔄 Starting epoch 4/50
  ✅ First batch loaded! (took 5.6s)
  First batch label distribution: class 0: 333, class 1: 179
  Processed 1000 batches, elapsed: 115.8s
  Processed 2000 batches, elapsed: 204.5s
  Processed 3000 batches, elapsed: 291.7s
  Processed 4000 batches, elapsed: 386.3s
  → Epoch   4/50 | Train Loss: 0.3736 | Val Loss: 0.4379 | Train Acc: 0.8058 | Val Acc: 0.8032 | LR: 0.000040 | Time: 500.60s
New best model saved at epoch 4 in ./final_logs/checkpoints

🔄 Starting epoch 5/50
  ✅ First batch loaded! (took 5.8s)
  First batch label distribution: class 0: 333, class 1: 179
  Processed 1000 batches, elapsed: 116.2s
  Processed 2000 batches, elapsed: 205.7s
  Processed 3000 batches, elapsed: 295.7s
  Processed 4000 batches, elapsed: 393.2s
  → Epoch   5/50 | Train Loss: 0.3463 | Val Loss: 0.4486 | Train Acc: 0.8221 | Val Acc: 0.8075 | LR: 0.000050 | Time: 498.84s

🔄 Starting epoch 6/50
   🔥 Warmup: LR = 0.000060 (target: 0.000100)
  ✅ First batch loaded! (took 7.0s)
  First batch label distribution: class 0: 331, class 1: 181
  Processed 1000 batches, elapsed: 143.0s
  Processed 2000 batches, elapsed: 258.3s
  Processed 3000 batches, elapsed: 383.8s
  Processed 4000 batches, elapsed: 510.0s
  → Epoch   6/50 | Train Loss: 0.3230 | Val Loss: 0.4638 | Train Acc: 0.8346 | Val Acc: 0.8114 | LR: 0.000060 | Time: 627.18s

🔄 Starting epoch 7/50
  ✅ First batch loaded! (took 6.1s)
  First batch label distribution: class 0: 332, class 1: 180
  Processed 1000 batches, elapsed: 133.3s
  Processed 2000 batches, elapsed: 232.7s
  Processed 3000 batches, elapsed: 319.0s
  Processed 4000 batches, elapsed: 402.7s
  → Epoch   7/50 | Train Loss: 0.3026 | Val Loss: 0.4625 | Train Acc: 0.8449 | Val Acc: 0.8162 | LR: 0.000070 | Time: 513.18s

🔄 Starting epoch 8/50
  ✅ First batch loaded! (took 6.0s)
  First batch label distribution: class 0: 333, class 1: 179
  Processed 1000 batches, elapsed: 131.9s
  Processed 2000 batches, elapsed: 246.5s
  Processed 3000 batches, elapsed: 371.4s
  Processed 4000 batches, elapsed: 496.1s
  → Epoch   8/50 | Train Loss: 0.2848 | Val Loss: 0.4945 | Train Acc: 0.8540 | Val Acc: 0.8170 | LR: 0.000080 | Time: 607.96s

🔄 Starting epoch 9/50
   🔥 Warmup: LR = 0.000090 (target: 0.000100)
  ✅ First batch loaded! (took 6.3s)
  First batch label distribution: class 0: 333, class 1: 179
  Processed 1000 batches, elapsed: 130.0s
  Processed 2000 batches, elapsed: 227.8s
  Processed 3000 batches, elapsed: 312.1s
  Processed 4000 batches, elapsed: 395.8s
  → Epoch   9/50 | Train Loss: 0.2697 | Val Loss: 0.5072 | Train Acc: 0.8614 | Val Acc: 0.8248 | LR: 0.000090 | Time: 508.05s

🔄 Starting epoch 10/50
  ✅ First batch loaded! (took 5.9s)
  First batch label distribution: class 0: 334, class 1: 178
  Processed 1000 batches, elapsed: 132.0s
  Processed 2000 batches, elapsed: 247.4s
  Processed 3000 batches, elapsed: 373.3s
  Processed 4000 batches, elapsed: 497.7s
  → Epoch  10/50 | Train Loss: 0.2569 | Val Loss: 0.5406 | Train Acc: 0.8681 | Val Acc: 0.8188 | LR: 0.000100 | Time: 604.59s

🔄 Starting epoch 11/50
  ✅ First batch loaded! (took 5.9s)
  First batch label distribution: class 0: 333, class 1: 179
  Processed 1000 batches, elapsed: 131.8s
  Processed 2000 batches, elapsed: 247.4s
  Processed 3000 batches, elapsed: 371.8s
  Processed 4000 batches, elapsed: 496.9s
  → Epoch  11/50 | Train Loss: 0.2373 | Val Loss: 0.5329 | Train Acc: 0.8786 | Val Acc: 0.8176 | LR: 0.000100 | Time: 606.38s

🔄 Starting epoch 12/50
  ✅ First batch loaded! (took 6.4s)
  First batch label distribution: class 0: 333, class 1: 179
  Processed 1000 batches, elapsed: 130.5s
  Processed 2000 batches, elapsed: 230.1s
  Processed 3000 batches, elapsed: 315.3s
  Processed 4000 batches, elapsed: 399.1s
  → Epoch  12/50 | Train Loss: 0.2186 | Val Loss: 0.5921 | Train Acc: 0.8891 | Val Acc: 0.8214 | LR: 0.000100 | Time: 514.79s

🔄 Starting epoch 13/50
  ✅ First batch loaded! (took 6.0s)
  First batch label distribution: class 0: 333, class 1: 179
  Processed 1000 batches, elapsed: 131.3s
  Processed 2000 batches, elapsed: 244.9s
  Processed 3000 batches, elapsed: 369.7s
  Processed 4000 batches, elapsed: 494.5s
  → Epoch  13/50 | Train Loss: 0.2006 | Val Loss: 0.6685 | Train Acc: 0.8987 | Val Acc: 0.8258 | LR: 0.000100 | Time: 604.57s

🔄 Starting epoch 14/50
  ✅ First batch loaded! (took 6.4s)
  First batch label distribution: class 0: 334, class 1: 178
  Processed 1000 batches, elapsed: 127.6s
  Processed 2000 batches, elapsed: 220.7s
  Processed 3000 batches, elapsed: 304.7s
  Processed 4000 batches, elapsed: 389.7s
  → Epoch  14/50 | Train Loss: 0.1849 | Val Loss: 0.7107 | Train Acc: 0.9080 | Val Acc: 0.8257 | LR: 0.000100 | Time: 504.80s
Early stopping at epoch 14 (patience: 10)
Last model saved at epoch 14 in ./final_logs/checkpoints

Training completed in 8736.26s
Best validation loss: 0.4379 at epoch 4
✅ Training completed
   Training metrics saved to: ./final_logs/gender_resnet34_1s/gender_resnet34_1s_training_metrics.json
Evaluating gender_resnet34 on gender classification...
? Loaded checkpoint from ./final_logs/checkpoints/gender_resnet34_1s_best.pth
✅ Evaluation completed
   Accuracy: 0.7920
   F1-Score: 0.7961
   Evaluation time: 211.35s
   Evaluation results saved to: ./final_logs/gender_resnet34_1s

Evaluating separately by task type...

============================================================
Evaluating on active tasks...
============================================================

ACTIVE Task Results:
  Accuracy: 0.8195
  F1-Score (weighted): 0.8225
  ROC-AUC: 0.9099
  Number of samples: 69183

============================================================
Evaluating on passive tasks...
============================================================

PASSIVE Task Results:
  Accuracy: 0.7874
  F1-Score (weighted): 0.7917
  ROC-AUC: 0.8804
  Number of samples: 407568

============================================================
Task Type Comparison:
============================================================
  ACTIVE: Accuracy = 0.8195, F1 = 0.8225
  PASSIVE: Accuracy = 0.7874, F1 = 0.7917
   Evaluation results saved to: ./final_logs/gender_resnet34_1s_task_active
   Evaluation results saved to: ./final_logs/gender_resnet34_1s_task_passive
  ACTIVE tasks: Accuracy = 0.8195, F1-Score = 0.8225
  PASSIVE tasks: Accuracy = 0.7874, F1-Score = 0.7917

✅ Experiment 'gender_resnet34_1s' completed successfully!
   Total time: 9518.32s
   Training time: 8736.27s
   Evaluation time: 782.05s
   Accuracy: 0.7920
   Result saved to: ./final_logs/gender_resnet34_1s/gender_resnet34_1s_result.json
✅ Experiment completed: gender_resnet34_1s

========================================================================================================================
MODEL COMPARISON
========================================================================================================================
Model                Target     Accuracy   F1-Score   Time (s)   Description                                       
------------------------------------------------------------------------------------------------------------------------
gender_resnet34      gender     0.7920     0.7961     782.05     ResNet34 gender classification with 1s segme...   

Best Model: gender_resnet34 (Accuracy: 0.7920)
========================================================================================================================
Generating comprehensive reports...
CSV summary saved to: ./final_logs/experiment_results.csv
Reports generated in: ./final_logs
Reports generated in: ./final_logs

================================================================================
ALL EXPERIMENTS COMPLETED
Results saved to: ./final_logs
================================================================================

================================================================================
EXPERIMENT COMPLETED SUCCESSFULLY!
================================================================================
Results saved to: ./final_logs/gender_resnet34_1s/
Reports generated in: ./final_logs/

Overall Test Set Metrics:
  Accuracy: 0.7920
  F1-Score (weighted): 0.7961

Task-Specific Metrics:
  Active Tasks:
    Accuracy: 0.8195
    F1-Score: 0.8225
  Passive Tasks:
    Accuracy: 0.7874
    F1-Score: 0.7917
================================================================================
