LaBraM fine-tuning starting...
Loading dataset configuration (this may take a moment)...
Age baseline dataset loaded
  HDF5 directory: /home/mojtabam/scratch/processed_eeg_data_hdf5
  Segment length: 4s
  Task type: both
  Random seed: 42
  Note: Using pre-split HDF5 files (train/val/test splits from preprocessing)
  Note: IterableDataset size is unknown until iteration
Namespace(batch_size=64, epochs=30, update_freq=1, save_ckpt_freq=5, robust_test=None, model='labram_base_patch200_200', qkv_bias=True, rel_pos_bias=True, abs_pos_emb=True, layer_scale_init_value=0.1, input_size=200, drop=0.0, attn_drop_rate=0.0, drop_path=0.1, disable_eval_during_finetuning=False, model_ema=False, model_ema_decay=0.9999, model_ema_force_cpu=False, opt='adamw', opt_eps=1e-08, opt_betas=None, clip_grad=None, momentum=0.9, weight_decay=0.05, weight_decay_end=None, lr=0.0005, layer_decay=0.9, warmup_lr=1e-06, min_lr=1e-06, warmup_epochs=5, warmup_steps=-1, smoothing=0.1, reprob=0.25, remode='pixel', recount=1, resplit=False, finetune='LaBraM/checkpoints/labram-base.pth', model_key='model|module', model_prefix='', model_filter_name='gzp', init_scale=0.001, use_mean_pooling=True, disable_weight_decay_on_rel_pos_bias=False, nb_classes=3, output_dir='final_logs_majority/labram_age_4s', log_dir=None, device='cuda', seed=0, resume='final_logs/checkpoints/age_labram_4s_best.pth', auto_resume=True, save_ckpt=True, start_epoch=0, eval=True, dist_eval=False, num_workers=10, pin_mem=True, aggregate_by_participant='majority_vote', world_size=1, local_rank=-1, dist_on_itp=False, dist_url='env://', enable_deepspeed=False, dataset='age_classification', segment_length='4s', data_path='/home/mojtabam/scratch/processed_eeg_data_hdf5', class_weight_power=1.0, is_cross_validation=False, cv_folds=None, distributed=False, rank=0, gpu=0)
Using device: cuda (1 GPU(s): ['NVIDIA L40S'])
Age baseline dataset loaded
  HDF5 directory: /home/mojtabam/scratch/processed_eeg_data_hdf5
  Segment length: 4s
  Task type: both
  Random seed: 42
  Note: Using pre-split HDF5 files (train/val/test splits from preprocessing)
  Note: IterableDataset size is unknown until iteration
Using IterableDataset - DataLoader will iterate directly (no sampler)
Distributed training: 1 tasks, rank 0
DataLoader num_workers: 4 (segment_length=4s, num_gpus=1)
Patch size = 200
Load ckpt from LaBraM/checkpoints/labram-base.pth
Load state_dict by model_key = model
Weights of NeuralTransformer not initialized from pretrained model: ['blocks.0.attn.q_bias', 'blocks.0.attn.v_bias', 'blocks.1.attn.q_bias', 'blocks.1.attn.v_bias', 'blocks.2.attn.q_bias', 'blocks.2.attn.v_bias', 'blocks.3.attn.q_bias', 'blocks.3.attn.v_bias', 'blocks.4.attn.q_bias', 'blocks.4.attn.v_bias', 'blocks.5.attn.q_bias', 'blocks.5.attn.v_bias', 'blocks.6.attn.q_bias', 'blocks.6.attn.v_bias', 'blocks.7.attn.q_bias', 'blocks.7.attn.v_bias', 'blocks.8.attn.q_bias', 'blocks.8.attn.v_bias', 'blocks.9.attn.q_bias', 'blocks.9.attn.v_bias', 'blocks.10.attn.q_bias', 'blocks.10.attn.v_bias', 'blocks.11.attn.q_bias', 'blocks.11.attn.v_bias', 'fc_norm.weight', 'fc_norm.bias', 'head.weight', 'head.bias']
Weights from pretrained model not used in NeuralTransformer: ['mask_token', 'lm_head.weight', 'lm_head.bias', 'norm.weight', 'norm.bias']
Model = NeuralTransformer(
  (patch_embed): TemporalConv(
    (conv1): Conv2d(1, 8, kernel_size=(1, 15), stride=(1, 8), padding=(0, 7))
    (gelu1): GELU(approximate='none')
    (norm1): GroupNorm(4, 8, eps=1e-05, affine=True)
    (conv2): Conv2d(8, 8, kernel_size=(1, 3), stride=(1, 1), padding=(0, 1))
    (gelu2): GELU(approximate='none')
    (norm2): GroupNorm(4, 8, eps=1e-05, affine=True)
    (conv3): Conv2d(8, 8, kernel_size=(1, 3), stride=(1, 1), padding=(0, 1))
    (norm3): GroupNorm(4, 8, eps=1e-05, affine=True)
    (gelu3): GELU(approximate='none')
  )
  (pos_drop): Dropout(p=0.0, inplace=False)
  (blocks): ModuleList(
    (0): Block(
      (norm1): LayerNorm((200,), eps=1e-06, elementwise_affine=True)
      (attn): Attention(
        (qkv): Linear(in_features=200, out_features=600, bias=False)
        (q_norm): LayerNorm((20,), eps=1e-06, elementwise_affine=True)
        (k_norm): LayerNorm((20,), eps=1e-06, elementwise_affine=True)
        (attn_drop): Dropout(p=0.0, inplace=False)
        (proj): Linear(in_features=200, out_features=200, bias=True)
        (proj_drop): Dropout(p=0.0, inplace=False)
      )
      (drop_path): Identity()
      (norm2): LayerNorm((200,), eps=1e-06, elementwise_affine=True)
      (mlp): Mlp(
        (fc1): Linear(in_features=200, out_features=800, bias=True)
        (act): GELU(approximate='none')
        (fc2): Linear(in_features=800, out_features=200, bias=True)
        (drop): Dropout(p=0.0, inplace=False)
      )
    )
    (1): Block(
      (norm1): LayerNorm((200,), eps=1e-06, elementwise_affine=True)
      (attn): Attention(
        (qkv): Linear(in_features=200, out_features=600, bias=False)
        (q_norm): LayerNorm((20,), eps=1e-06, elementwise_affine=True)
        (k_norm): LayerNorm((20,), eps=1e-06, elementwise_affine=True)
        (attn_drop): Dropout(p=0.0, inplace=False)
        (proj): Linear(in_features=200, out_features=200, bias=True)
        (proj_drop): Dropout(p=0.0, inplace=False)
      )
      (drop_path): DropPath(p=0.00909090880304575)
      (norm2): LayerNorm((200,), eps=1e-06, elementwise_affine=True)
      (mlp): Mlp(
        (fc1): Linear(in_features=200, out_features=800, bias=True)
        (act): GELU(approximate='none')
        (fc2): Linear(in_features=800, out_features=200, bias=True)
        (drop): Dropout(p=0.0, inplace=False)
      )
    )
    (2): Block(
      (norm1): LayerNorm((200,), eps=1e-06, elementwise_affine=True)
      (attn): Attention(
        (qkv): Linear(in_features=200, out_features=600, bias=False)
        (q_norm): LayerNorm((20,), eps=1e-06, elementwise_affine=True)
        (k_norm): LayerNorm((20,), eps=1e-06, elementwise_affine=True)
        (attn_drop): Dropout(p=0.0, inplace=False)
        (proj): Linear(in_features=200, out_features=200, bias=True)
        (proj_drop): Dropout(p=0.0, inplace=False)
      )
      (drop_path): DropPath(p=0.0181818176060915)
      (norm2): LayerNorm((200,), eps=1e-06, elementwise_affine=True)
      (mlp): Mlp(
        (fc1): Linear(in_features=200, out_features=800, bias=True)
        (act): GELU(approximate='none')
        (fc2): Linear(in_features=800, out_features=200, bias=True)
        (drop): Dropout(p=0.0, inplace=False)
      )
    )
    (3): Block(
      (norm1): LayerNorm((200,), eps=1e-06, elementwise_affine=True)
      (attn): Attention(
        (qkv): Linear(in_features=200, out_features=600, bias=False)
        (q_norm): LayerNorm((20,), eps=1e-06, elementwise_affine=True)
        (k_norm): LayerNorm((20,), eps=1e-06, elementwise_affine=True)
        (attn_drop): Dropout(p=0.0, inplace=False)
        (proj): Linear(in_features=200, out_features=200, bias=True)
        (proj_drop): Dropout(p=0.0, inplace=False)
      )
      (drop_path): DropPath(p=0.027272727340459824)
      (norm2): LayerNorm((200,), eps=1e-06, elementwise_affine=True)
      (mlp): Mlp(
        (fc1): Linear(in_features=200, out_features=800, bias=True)
        (act): GELU(approximate='none')
        (fc2): Linear(in_features=800, out_features=200, bias=True)
        (drop): Dropout(p=0.0, inplace=False)
      )
    )
    (4): Block(
      (norm1): LayerNorm((200,), eps=1e-06, elementwise_affine=True)
      (attn): Attention(
        (qkv): Linear(in_features=200, out_features=600, bias=False)
        (q_norm): LayerNorm((20,), eps=1e-06, elementwise_affine=True)
        (k_norm): LayerNorm((20,), eps=1e-06, elementwise_affine=True)
        (attn_drop): Dropout(p=0.0, inplace=False)
        (proj): Linear(in_features=200, out_features=200, bias=True)
        (proj_drop): Dropout(p=0.0, inplace=False)
      )
      (drop_path): DropPath(p=0.036363635212183)
      (norm2): LayerNorm((200,), eps=1e-06, elementwise_affine=True)
      (mlp): Mlp(
        (fc1): Linear(in_features=200, out_features=800, bias=True)
        (act): GELU(approximate='none')
        (fc2): Linear(in_features=800, out_features=200, bias=True)
        (drop): Dropout(p=0.0, inplace=False)
      )
    )
    (5): Block(
      (norm1): LayerNorm((200,), eps=1e-06, elementwise_affine=True)
      (attn): Attention(
        (qkv): Linear(in_features=200, out_features=600, bias=False)
        (q_norm): LayerNorm((20,), eps=1e-06, elementwise_affine=True)
        (k_norm): LayerNorm((20,), eps=1e-06, elementwise_affine=True)
        (attn_drop): Dropout(p=0.0, inplace=False)
        (proj): Linear(in_features=200, out_features=200, bias=True)
        (proj_drop): Dropout(p=0.0, inplace=False)
      )
      (drop_path): DropPath(p=0.045454543083906174)
      (norm2): LayerNorm((200,), eps=1e-06, elementwise_affine=True)
      (mlp): Mlp(
        (fc1): Linear(in_features=200, out_features=800, bias=True)
        (act): GELU(approximate='none')
        (fc2): Linear(in_features=800, out_features=200, bias=True)
        (drop): Dropout(p=0.0, inplace=False)
      )
    )
    (6): Block(
      (norm1): LayerNorm((200,), eps=1e-06, elementwise_affine=True)
      (attn): Attention(
        (qkv): Linear(in_features=200, out_features=600, bias=False)
        (q_norm): LayerNorm((20,), eps=1e-06, elementwise_affine=True)
        (k_norm): LayerNorm((20,), eps=1e-06, elementwise_affine=True)
        (attn_drop): Dropout(p=0.0, inplace=False)
        (proj): Linear(in_features=200, out_features=200, bias=True)
        (proj_drop): Dropout(p=0.0, inplace=False)
      )
      (drop_path): DropPath(p=0.054545458406209946)
      (norm2): LayerNorm((200,), eps=1e-06, elementwise_affine=True)
      (mlp): Mlp(
        (fc1): Linear(in_features=200, out_features=800, bias=True)
        (act): GELU(approximate='none')
        (fc2): Linear(in_features=800, out_features=200, bias=True)
        (drop): Dropout(p=0.0, inplace=False)
      )
    )
    (7): Block(
      (norm1): LayerNorm((200,), eps=1e-06, elementwise_affine=True)
      (attn): Attention(
        (qkv): Linear(in_features=200, out_features=600, bias=False)
        (q_norm): LayerNorm((20,), eps=1e-06, elementwise_affine=True)
        (k_norm): LayerNorm((20,), eps=1e-06, elementwise_affine=True)
        (attn_drop): Dropout(p=0.0, inplace=False)
        (proj): Linear(in_features=200, out_features=200, bias=True)
        (proj_drop): Dropout(p=0.0, inplace=False)
      )
      (drop_path): DropPath(p=0.06363636255264282)
      (norm2): LayerNorm((200,), eps=1e-06, elementwise_affine=True)
      (mlp): Mlp(
        (fc1): Linear(in_features=200, out_features=800, bias=True)
        (act): GELU(approximate='none')
        (fc2): Linear(in_features=800, out_features=200, bias=True)
        (drop): Dropout(p=0.0, inplace=False)
      )
    )
    (8): Block(
      (norm1): LayerNorm((200,), eps=1e-06, elementwise_affine=True)
      (attn): Attention(
        (qkv): Linear(in_features=200, out_features=600, bias=False)
        (q_norm): LayerNorm((20,), eps=1e-06, elementwise_affine=True)
        (k_norm): LayerNorm((20,), eps=1e-06, elementwise_affine=True)
        (attn_drop): Dropout(p=0.0, inplace=False)
        (proj): Linear(in_features=200, out_features=200, bias=True)
        (proj_drop): Dropout(p=0.0, inplace=False)
      )
      (drop_path): DropPath(p=0.0727272778749466)
      (norm2): LayerNorm((200,), eps=1e-06, elementwise_affine=True)
      (mlp): Mlp(
        (fc1): Linear(in_features=200, out_features=800, bias=True)
        (act): GELU(approximate='none')
        (fc2): Linear(in_features=800, out_features=200, bias=True)
        (drop): Dropout(p=0.0, inplace=False)
      )
    )
    (9): Block(
      (norm1): LayerNorm((200,), eps=1e-06, elementwise_affine=True)
      (attn): Attention(
        (qkv): Linear(in_features=200, out_features=600, bias=False)
        (q_norm): LayerNorm((20,), eps=1e-06, elementwise_affine=True)
        (k_norm): LayerNorm((20,), eps=1e-06, elementwise_affine=True)
        (attn_drop): Dropout(p=0.0, inplace=False)
        (proj): Linear(in_features=200, out_features=200, bias=True)
        (proj_drop): Dropout(p=0.0, inplace=False)
      )
      (drop_path): DropPath(p=0.08181818574666977)
      (norm2): LayerNorm((200,), eps=1e-06, elementwise_affine=True)
      (mlp): Mlp(
        (fc1): Linear(in_features=200, out_features=800, bias=True)
        (act): GELU(approximate='none')
        (fc2): Linear(in_features=800, out_features=200, bias=True)
        (drop): Dropout(p=0.0, inplace=False)
      )
    )
    (10): Block(
      (norm1): LayerNorm((200,), eps=1e-06, elementwise_affine=True)
      (attn): Attention(
        (qkv): Linear(in_features=200, out_features=600, bias=False)
        (q_norm): LayerNorm((20,), eps=1e-06, elementwise_affine=True)
        (k_norm): LayerNorm((20,), eps=1e-06, elementwise_affine=True)
        (attn_drop): Dropout(p=0.0, inplace=False)
        (proj): Linear(in_features=200, out_features=200, bias=True)
        (proj_drop): Dropout(p=0.0, inplace=False)
      )
      (drop_path): DropPath(p=0.09090909361839294)
      (norm2): LayerNorm((200,), eps=1e-06, elementwise_affine=True)
      (mlp): Mlp(
        (fc1): Linear(in_features=200, out_features=800, bias=True)
        (act): GELU(approximate='none')
        (fc2): Linear(in_features=800, out_features=200, bias=True)
        (drop): Dropout(p=0.0, inplace=False)
      )
    )
    (11): Block(
      (norm1): LayerNorm((200,), eps=1e-06, elementwise_affine=True)
      (attn): Attention(
        (qkv): Linear(in_features=200, out_features=600, bias=False)
        (q_norm): LayerNorm((20,), eps=1e-06, elementwise_affine=True)
        (k_norm): LayerNorm((20,), eps=1e-06, elementwise_affine=True)
        (attn_drop): Dropout(p=0.0, inplace=False)
        (proj): Linear(in_features=200, out_features=200, bias=True)
        (proj_drop): Dropout(p=0.0, inplace=False)
      )
      (drop_path): DropPath(p=0.10000000149011612)
      (norm2): LayerNorm((200,), eps=1e-06, elementwise_affine=True)
      (mlp): Mlp(
        (fc1): Linear(in_features=200, out_features=800, bias=True)
        (act): GELU(approximate='none')
        (fc2): Linear(in_features=800, out_features=200, bias=True)
        (drop): Dropout(p=0.0, inplace=False)
      )
    )
  )
  (norm): Identity()
  (fc_norm): LayerNorm((200,), eps=1e-06, elementwise_affine=True)
  (head): Linear(in_features=200, out_features=3, bias=True)
)
number of params: 5825339
LR = 0.00050000
Batch size = 64
Update frequent = 1
Number of training examples = Unknown (IterableDataset)
Number of training steps per epoch = Determined during training (IterableDataset)
Note: LR schedule uses placeholder value - actual steps determined by iterator exhaustion
Assigned values = [0.2541865828329001, 0.2824295364810001, 0.31381059609000006, 0.3486784401000001, 0.3874204890000001, 0.4304672100000001, 0.4782969000000001, 0.531441, 0.5904900000000001, 0.6561, 0.7290000000000001, 0.81, 0.9, 1.0]
Skip weight decay name marked in model: {'time_embed', 'pos_embed', 'cls_token'}
Param groups = {
  "layer_0_no_decay": {
    "weight_decay": 0.0,
    "params": [
      "cls_token",
      "pos_embed",
      "patch_embed.conv1.bias",
      "patch_embed.norm1.weight",
      "patch_embed.norm1.bias",
      "patch_embed.conv2.bias",
      "patch_embed.norm2.weight",
      "patch_embed.norm2.bias",
      "patch_embed.conv3.bias",
      "patch_embed.norm3.weight",
      "patch_embed.norm3.bias"
    ],
    "lr_scale": 0.2541865828329001
  },
  "layer_13_no_decay": {
    "weight_decay": 0.0,
    "params": [
      "time_embed",
      "fc_norm.weight",
      "fc_norm.bias",
      "head.bias"
    ],
    "lr_scale": 1.0
  },
  "layer_0_decay": {
    "weight_decay": 0.05,
    "params": [
      "patch_embed.conv1.weight",
      "patch_embed.conv2.weight",
      "patch_embed.conv3.weight"
    ],
    "lr_scale": 0.2541865828329001
  },
  "layer_1_no_decay": {
    "weight_decay": 0.0,
    "params": [
      "blocks.0.gamma_1",
      "blocks.0.gamma_2",
      "blocks.0.norm1.weight",
      "blocks.0.norm1.bias",
      "blocks.0.attn.q_bias",
      "blocks.0.attn.v_bias",
      "blocks.0.attn.q_norm.weight",
      "blocks.0.attn.q_norm.bias",
      "blocks.0.attn.k_norm.weight",
      "blocks.0.attn.k_norm.bias",
      "blocks.0.attn.proj.bias",
      "blocks.0.norm2.weight",
      "blocks.0.norm2.bias",
      "blocks.0.mlp.fc1.bias",
      "blocks.0.mlp.fc2.bias"
    ],
    "lr_scale": 0.2824295364810001
  },
  "layer_1_decay": {
    "weight_decay": 0.05,
    "params": [
      "blocks.0.attn.qkv.weight",
      "blocks.0.attn.proj.weight",
      "blocks.0.mlp.fc1.weight",
      "blocks.0.mlp.fc2.weight"
    ],
    "lr_scale": 0.2824295364810001
  },
  "layer_2_no_decay": {
    "weight_decay": 0.0,
    "params": [
      "blocks.1.gamma_1",
      "blocks.1.gamma_2",
      "blocks.1.norm1.weight",
      "blocks.1.norm1.bias",
      "blocks.1.attn.q_bias",
      "blocks.1.attn.v_bias",
      "blocks.1.attn.q_norm.weight",
      "blocks.1.attn.q_norm.bias",
      "blocks.1.attn.k_norm.weight",
      "blocks.1.attn.k_norm.bias",
      "blocks.1.attn.proj.bias",
      "blocks.1.norm2.weight",
      "blocks.1.norm2.bias",
      "blocks.1.mlp.fc1.bias",
      "blocks.1.mlp.fc2.bias"
    ],
    "lr_scale": 0.31381059609000006
  },
  "layer_2_decay": {
    "weight_decay": 0.05,
    "params": [
      "blocks.1.attn.qkv.weight",
      "blocks.1.attn.proj.weight",
      "blocks.1.mlp.fc1.weight",
      "blocks.1.mlp.fc2.weight"
    ],
    "lr_scale": 0.31381059609000006
  },
  "layer_3_no_decay": {
    "weight_decay": 0.0,
    "params": [
      "blocks.2.gamma_1",
      "blocks.2.gamma_2",
      "blocks.2.norm1.weight",
      "blocks.2.norm1.bias",
      "blocks.2.attn.q_bias",
      "blocks.2.attn.v_bias",
      "blocks.2.attn.q_norm.weight",
      "blocks.2.attn.q_norm.bias",
      "blocks.2.attn.k_norm.weight",
      "blocks.2.attn.k_norm.bias",
      "blocks.2.attn.proj.bias",
      "blocks.2.norm2.weight",
      "blocks.2.norm2.bias",
      "blocks.2.mlp.fc1.bias",
      "blocks.2.mlp.fc2.bias"
    ],
    "lr_scale": 0.3486784401000001
  },
  "layer_3_decay": {
    "weight_decay": 0.05,
    "params": [
      "blocks.2.attn.qkv.weight",
      "blocks.2.attn.proj.weight",
      "blocks.2.mlp.fc1.weight",
      "blocks.2.mlp.fc2.weight"
    ],
    "lr_scale": 0.3486784401000001
  },
  "layer_4_no_decay": {
    "weight_decay": 0.0,
    "params": [
      "blocks.3.gamma_1",
      "blocks.3.gamma_2",
      "blocks.3.norm1.weight",
      "blocks.3.norm1.bias",
      "blocks.3.attn.q_bias",
      "blocks.3.attn.v_bias",
      "blocks.3.attn.q_norm.weight",
      "blocks.3.attn.q_norm.bias",
      "blocks.3.attn.k_norm.weight",
      "blocks.3.attn.k_norm.bias",
      "blocks.3.attn.proj.bias",
      "blocks.3.norm2.weight",
      "blocks.3.norm2.bias",
      "blocks.3.mlp.fc1.bias",
      "blocks.3.mlp.fc2.bias"
    ],
    "lr_scale": 0.3874204890000001
  },
  "layer_4_decay": {
    "weight_decay": 0.05,
    "params": [
      "blocks.3.attn.qkv.weight",
      "blocks.3.attn.proj.weight",
      "blocks.3.mlp.fc1.weight",
      "blocks.3.mlp.fc2.weight"
    ],
    "lr_scale": 0.3874204890000001
  },
  "layer_5_no_decay": {
    "weight_decay": 0.0,
    "params": [
      "blocks.4.gamma_1",
      "blocks.4.gamma_2",
      "blocks.4.norm1.weight",
      "blocks.4.norm1.bias",
      "blocks.4.attn.q_bias",
      "blocks.4.attn.v_bias",
      "blocks.4.attn.q_norm.weight",
      "blocks.4.attn.q_norm.bias",
      "blocks.4.attn.k_norm.weight",
      "blocks.4.attn.k_norm.bias",
      "blocks.4.attn.proj.bias",
      "blocks.4.norm2.weight",
      "blocks.4.norm2.bias",
      "blocks.4.mlp.fc1.bias",
      "blocks.4.mlp.fc2.bias"
    ],
    "lr_scale": 0.4304672100000001
  },
  "layer_5_decay": {
    "weight_decay": 0.05,
    "params": [
      "blocks.4.attn.qkv.weight",
      "blocks.4.attn.proj.weight",
      "blocks.4.mlp.fc1.weight",
      "blocks.4.mlp.fc2.weight"
    ],
    "lr_scale": 0.4304672100000001
  },
  "layer_6_no_decay": {
    "weight_decay": 0.0,
    "params": [
      "blocks.5.gamma_1",
      "blocks.5.gamma_2",
      "blocks.5.norm1.weight",
      "blocks.5.norm1.bias",
      "blocks.5.attn.q_bias",
      "blocks.5.attn.v_bias",
      "blocks.5.attn.q_norm.weight",
      "blocks.5.attn.q_norm.bias",
      "blocks.5.attn.k_norm.weight",
      "blocks.5.attn.k_norm.bias",
      "blocks.5.attn.proj.bias",
      "blocks.5.norm2.weight",
      "blocks.5.norm2.bias",
      "blocks.5.mlp.fc1.bias",
      "blocks.5.mlp.fc2.bias"
    ],
    "lr_scale": 0.4782969000000001
  },
  "layer_6_decay": {
    "weight_decay": 0.05,
    "params": [
      "blocks.5.attn.qkv.weight",
      "blocks.5.attn.proj.weight",
      "blocks.5.mlp.fc1.weight",
      "blocks.5.mlp.fc2.weight"
    ],
    "lr_scale": 0.4782969000000001
  },
  "layer_7_no_decay": {
    "weight_decay": 0.0,
    "params": [
      "blocks.6.gamma_1",
      "blocks.6.gamma_2",
      "blocks.6.norm1.weight",
      "blocks.6.norm1.bias",
      "blocks.6.attn.q_bias",
      "blocks.6.attn.v_bias",
      "blocks.6.attn.q_norm.weight",
      "blocks.6.attn.q_norm.bias",
      "blocks.6.attn.k_norm.weight",
      "blocks.6.attn.k_norm.bias",
      "blocks.6.attn.proj.bias",
      "blocks.6.norm2.weight",
      "blocks.6.norm2.bias",
      "blocks.6.mlp.fc1.bias",
      "blocks.6.mlp.fc2.bias"
    ],
    "lr_scale": 0.531441
  },
  "layer_7_decay": {
    "weight_decay": 0.05,
    "params": [
      "blocks.6.attn.qkv.weight",
      "blocks.6.attn.proj.weight",
      "blocks.6.mlp.fc1.weight",
      "blocks.6.mlp.fc2.weight"
    ],
    "lr_scale": 0.531441
  },
  "layer_8_no_decay": {
    "weight_decay": 0.0,
    "params": [
      "blocks.7.gamma_1",
      "blocks.7.gamma_2",
      "blocks.7.norm1.weight",
      "blocks.7.norm1.bias",
      "blocks.7.attn.q_bias",
      "blocks.7.attn.v_bias",
      "blocks.7.attn.q_norm.weight",
      "blocks.7.attn.q_norm.bias",
      "blocks.7.attn.k_norm.weight",
      "blocks.7.attn.k_norm.bias",
      "blocks.7.attn.proj.bias",
      "blocks.7.norm2.weight",
      "blocks.7.norm2.bias",
      "blocks.7.mlp.fc1.bias",
      "blocks.7.mlp.fc2.bias"
    ],
    "lr_scale": 0.5904900000000001
  },
  "layer_8_decay": {
    "weight_decay": 0.05,
    "params": [
      "blocks.7.attn.qkv.weight",
      "blocks.7.attn.proj.weight",
      "blocks.7.mlp.fc1.weight",
      "blocks.7.mlp.fc2.weight"
    ],
    "lr_scale": 0.5904900000000001
  },
  "layer_9_no_decay": {
    "weight_decay": 0.0,
    "params": [
      "blocks.8.gamma_1",
      "blocks.8.gamma_2",
      "blocks.8.norm1.weight",
      "blocks.8.norm1.bias",
      "blocks.8.attn.q_bias",
      "blocks.8.attn.v_bias",
      "blocks.8.attn.q_norm.weight",
      "blocks.8.attn.q_norm.bias",
      "blocks.8.attn.k_norm.weight",
      "blocks.8.attn.k_norm.bias",
      "blocks.8.attn.proj.bias",
      "blocks.8.norm2.weight",
      "blocks.8.norm2.bias",
      "blocks.8.mlp.fc1.bias",
      "blocks.8.mlp.fc2.bias"
    ],
    "lr_scale": 0.6561
  },
  "layer_9_decay": {
    "weight_decay": 0.05,
    "params": [
      "blocks.8.attn.qkv.weight",
      "blocks.8.attn.proj.weight",
      "blocks.8.mlp.fc1.weight",
      "blocks.8.mlp.fc2.weight"
    ],
    "lr_scale": 0.6561
  },
  "layer_10_no_decay": {
    "weight_decay": 0.0,
    "params": [
      "blocks.9.gamma_1",
      "blocks.9.gamma_2",
      "blocks.9.norm1.weight",
      "blocks.9.norm1.bias",
      "blocks.9.attn.q_bias",
      "blocks.9.attn.v_bias",
      "blocks.9.attn.q_norm.weight",
      "blocks.9.attn.q_norm.bias",
      "blocks.9.attn.k_norm.weight",
      "blocks.9.attn.k_norm.bias",
      "blocks.9.attn.proj.bias",
      "blocks.9.norm2.weight",
      "blocks.9.norm2.bias",
      "blocks.9.mlp.fc1.bias",
      "blocks.9.mlp.fc2.bias"
    ],
    "lr_scale": 0.7290000000000001
  },
  "layer_10_decay": {
    "weight_decay": 0.05,
    "params": [
      "blocks.9.attn.qkv.weight",
      "blocks.9.attn.proj.weight",
      "blocks.9.mlp.fc1.weight",
      "blocks.9.mlp.fc2.weight"
    ],
    "lr_scale": 0.7290000000000001
  },
  "layer_11_no_decay": {
    "weight_decay": 0.0,
    "params": [
      "blocks.10.gamma_1",
      "blocks.10.gamma_2",
      "blocks.10.norm1.weight",
      "blocks.10.norm1.bias",
      "blocks.10.attn.q_bias",
      "blocks.10.attn.v_bias",
      "blocks.10.attn.q_norm.weight",
      "blocks.10.attn.q_norm.bias",
      "blocks.10.attn.k_norm.weight",
      "blocks.10.attn.k_norm.bias",
      "blocks.10.attn.proj.bias",
      "blocks.10.norm2.weight",
      "blocks.10.norm2.bias",
      "blocks.10.mlp.fc1.bias",
      "blocks.10.mlp.fc2.bias"
    ],
    "lr_scale": 0.81
  },
  "layer_11_decay": {
    "weight_decay": 0.05,
    "params": [
      "blocks.10.attn.qkv.weight",
      "blocks.10.attn.proj.weight",
      "blocks.10.mlp.fc1.weight",
      "blocks.10.mlp.fc2.weight"
    ],
    "lr_scale": 0.81
  },
  "layer_12_no_decay": {
    "weight_decay": 0.0,
    "params": [
      "blocks.11.gamma_1",
      "blocks.11.gamma_2",
      "blocks.11.norm1.weight",
      "blocks.11.norm1.bias",
      "blocks.11.attn.q_bias",
      "blocks.11.attn.v_bias",
      "blocks.11.attn.q_norm.weight",
      "blocks.11.attn.q_norm.bias",
      "blocks.11.attn.k_norm.weight",
      "blocks.11.attn.k_norm.bias",
      "blocks.11.attn.proj.bias",
      "blocks.11.norm2.weight",
      "blocks.11.norm2.bias",
      "blocks.11.mlp.fc1.bias",
      "blocks.11.mlp.fc2.bias"
    ],
    "lr_scale": 0.9
  },
  "layer_12_decay": {
    "weight_decay": 0.05,
    "params": [
      "blocks.11.attn.qkv.weight",
      "blocks.11.attn.proj.weight",
      "blocks.11.mlp.fc1.weight",
      "blocks.11.mlp.fc2.weight"
    ],
    "lr_scale": 0.9
  },
  "layer_13_decay": {
    "weight_decay": 0.05,
    "params": [
      "head.weight"
    ],
    "lr_scale": 1.0
  }
}
Optimizer config: {'lr': 0.0005, 'weight_decay': 0.0, 'eps': 1e-08}
Use step level LR scheduler!
Set warmup steps = 500000
Set warmup steps = 0
Max WD = 0.0500000, Min WD = 0.0500000
criterion = LabelSmoothingCrossEntropy()
Resume checkpoint final_logs/checkpoints/age_labram_4s_best.pth
Test:  [     0/?]  eta: ?  loss: 1.0305 (1.0305)  accuracy: 0.4896 (0.4896)  balanced_accuracy: 0.4296 (0.4296)  f1_weighted: 0.5487 (0.5487)  time: 57.1960  data: 56.0302  max mem: 604
Test:  [    10/?]  eta: ?  loss: 0.7905 (0.7575)  accuracy: 0.5833 (0.6345)  balanced_accuracy: 0.6146 (0.6454)  f1_weighted: 0.7285 (0.6835)  time: 5.2415  data: 5.0940  max mem: 604
Test:  [    20/?]  eta: ?  loss: 0.7905 (0.8934)  accuracy: 0.5833 (0.5952)  balanced_accuracy: 0.5938 (0.6203)  f1_weighted: 0.6759 (0.6443)  time: 0.0582  data: 0.0125  max mem: 604
Test:  [    30/?]  eta: ?  loss: 0.9010 (0.8655)  accuracy: 0.5208 (0.5894)  balanced_accuracy: 0.5104 (0.5914)  f1_weighted: 0.5936 (0.6386)  time: 0.0693  data: 0.0235  max mem: 604
Test:  [    40/?]  eta: ?  loss: 0.9016 (1.0313)  accuracy: 0.5000 (0.5465)  balanced_accuracy: 0.4583 (0.5549)  f1_weighted: 0.5050 (0.5905)  time: 0.0740  data: 0.0281  max mem: 604
Test:  [    50/?]  eta: ?  loss: 1.0532 (1.0095)  accuracy: 0.3646 (0.5388)  balanced_accuracy: 0.3646 (0.5477)  f1_weighted: 0.4395 (0.5789)  time: 0.0737  data: 0.0280  max mem: 604
Test:  [    60/?]  eta: ?  loss: 0.6393 (0.9848)  accuracy: 0.6458 (0.5490)  balanced_accuracy: 0.6562 (0.5570)  f1_weighted: 0.6963 (0.5892)  time: 0.0731  data: 0.0273  max mem: 604
Test:  [    70/?]  eta: ?  loss: 0.7406 (1.0167)  accuracy: 0.6146 (0.5568)  balanced_accuracy: 0.6146 (0.5610)  f1_weighted: 0.6963 (0.5946)  time: 0.0729  data: 0.0271  max mem: 604
Test:  [    80/?]  eta: ?  loss: 0.9534 (1.0117)  accuracy: 0.5312 (0.5625)  balanced_accuracy: 0.5324 (0.5649)  f1_weighted: 0.6242 (0.5990)  time: 0.0720  data: 0.0260  max mem: 604
Test:  [    90/?]  eta: ?  loss: 0.7447 (0.9777)  accuracy: 0.5729 (0.5743)  balanced_accuracy: 0.5703 (0.5758)  f1_weighted: 0.6567 (0.6100)  time: 0.0717  data: 0.0257  max mem: 604
Test:  [   100/?]  eta: ?  loss: 0.6078 (0.9672)  accuracy: 0.6146 (0.5810)  balanced_accuracy: 0.6875 (0.5833)  f1_weighted: 0.6752 (0.6166)  time: 0.0721  data: 0.0263  max mem: 604
Test:  [   110/?]  eta: ?  loss: 0.6982 (0.9433)  accuracy: 0.6771 (0.5917)  balanced_accuracy: 0.7263 (0.5970)  f1_weighted: 0.7788 (0.6291)  time: 0.0729  data: 0.0271  max mem: 604
Test:  [   120/?]  eta: ?  loss: 0.6021 (0.9206)  accuracy: 0.7604 (0.5977)  balanced_accuracy: 0.7917 (0.6048)  f1_weighted: 0.8242 (0.6372)  time: 0.0742  data: 0.0283  max mem: 604
Test:  [   130/?]  eta: ?  loss: 0.6480 (0.9134)  accuracy: 0.6562 (0.5917)  balanced_accuracy: 0.6667 (0.5989)  f1_weighted: 0.7835 (0.6314)  time: 0.0731  data: 0.0274  max mem: 604
Test:  [   140/?]  eta: ?  loss: 0.8725 (0.9015)  accuracy: 0.5000 (0.5929)  balanced_accuracy: 0.5833 (0.6015)  f1_weighted: 0.5640 (0.6337)  time: 0.0719  data: 0.0262  max mem: 604
Test:  [   150/?]  eta: ?  loss: 1.0517 (0.9253)  accuracy: 0.4688 (0.5846)  balanced_accuracy: 0.4688 (0.5932)  f1_weighted: 0.4737 (0.6247)  time: 0.0711  data: 0.0255  max mem: 604
Test:  [   160/?]  eta: ?  loss: 0.8357 (0.9237)  accuracy: 0.5417 (0.5893)  balanced_accuracy: 0.5104 (0.5966)  f1_weighted: 0.6305 (0.6277)  time: 0.0711  data: 0.0254  max mem: 604
Test:  [   170/?]  eta: ?  loss: 0.7097 (0.9187)  accuracy: 0.6458 (0.5946)  balanced_accuracy: 0.6042 (0.5992)  f1_weighted: 0.6839 (0.6314)  time: 0.0733  data: 0.0276  max mem: 604
Test:  [   180/?]  eta: ?  loss: 0.7097 (0.9173)  accuracy: 0.6458 (0.5936)  balanced_accuracy: 0.5833 (0.5977)  f1_weighted: 0.6552 (0.6310)  time: 0.0738  data: 0.0282  max mem: 604
Test:  [   190/?]  eta: ?  loss: 0.9422 (0.9249)  accuracy: 0.4792 (0.5841)  balanced_accuracy: 0.5104 (0.5884)  f1_weighted: 0.5778 (0.6242)  time: 0.0723  data: 0.0267  max mem: 604
Test:  [   200/?]  eta: ?  loss: 0.8313 (0.9209)  accuracy: 0.5000 (0.5827)  balanced_accuracy: 0.5104 (0.5871)  f1_weighted: 0.6226 (0.6238)  time: 0.0727  data: 0.0271  max mem: 604
Test:  [   210/?]  eta: ?  loss: 0.6888 (0.9187)  accuracy: 0.6250 (0.5810)  balanced_accuracy: 0.6250 (0.5842)  f1_weighted: 0.6849 (0.6220)  time: 0.0741  data: 0.0285  max mem: 604
Test:  [   220/?]  eta: ?  loss: 0.6787 (0.9183)  accuracy: 0.5729 (0.5813)  balanced_accuracy: 0.5729 (0.5840)  f1_weighted: 0.6949 (0.6223)  time: 0.0750  data: 0.0291  max mem: 604
Test:  [   230/?]  eta: ?  loss: 0.8890 (0.9356)  accuracy: 0.5625 (0.5790)  balanced_accuracy: 0.5455 (0.5802)  f1_weighted: 0.7049 (0.6210)  time: 0.0740  data: 0.0281  max mem: 604
Test:  [   240/?]  eta: ?  loss: 0.7455 (0.9299)  accuracy: 0.6354 (0.5818)  balanced_accuracy: 0.5455 (0.5815)  f1_weighted: 0.6667 (0.6235)  time: 0.0727  data: 0.0266  max mem: 604
Test:  [   250/?]  eta: ?  loss: 0.7269 (0.9221)  accuracy: 0.6562 (0.5853)  balanced_accuracy: 0.6213 (0.5854)  f1_weighted: 0.6514 (0.6253)  time: 0.0735  data: 0.0274  max mem: 604
Test:  [   260/?]  eta: ?  loss: 0.7768 (0.9217)  accuracy: 0.5729 (0.5853)  balanced_accuracy: 0.6250 (0.5874)  f1_weighted: 0.6397 (0.6271)  time: 0.0735  data: 0.0279  max mem: 604
Test:  [   270/?]  eta: ?  loss: 0.8057 (0.9185)  accuracy: 0.5729 (0.5863)  balanced_accuracy: 0.5729 (0.5868)  f1_weighted: 0.6397 (0.6293)  time: 0.0732  data: 0.0276  max mem: 604
Test:  [   280/?]  eta: ?  loss: 0.7409 (0.9091)  accuracy: 0.6146 (0.5892)  balanced_accuracy: 0.5952 (0.5889)  f1_weighted: 0.7489 (0.6345)  time: 0.0741  data: 0.0284  max mem: 604
Test:  [   290/?]  eta: ?  loss: 0.6766 (0.9013)  accuracy: 0.6667 (0.5930)  balanced_accuracy: 0.6608 (0.5919)  f1_weighted: 0.7489 (0.6389)  time: 0.0736  data: 0.0279  max mem: 604
Test:  [   300/?]  eta: ?  loss: 0.7465 (0.8967)  accuracy: 0.6667 (0.5943)  balanced_accuracy: 0.6608 (0.5933)  f1_weighted: 0.7061 (0.6396)  time: 0.0740  data: 0.0284  max mem: 604
Test:  [   310/?]  eta: ?  loss: 0.7465 (0.8928)  accuracy: 0.6250 (0.5949)  balanced_accuracy: 0.6477 (0.5943)  f1_weighted: 0.6676 (0.6414)  time: 0.0730  data: 0.0275  max mem: 604
Test:  [   320/?]  eta: ?  loss: 0.6865 (0.8845)  accuracy: 0.6458 (0.5980)  balanced_accuracy: 0.6477 (0.5968)  f1_weighted: 0.6900 (0.6442)  time: 0.0702  data: 0.0245  max mem: 604
Test:  [   330/?]  eta: ?  loss: 0.7298 (0.8868)  accuracy: 0.6354 (0.5952)  balanced_accuracy: 0.5784 (0.5946)  f1_weighted: 0.6310 (0.6423)  time: 0.0723  data: 0.0265  max mem: 604
Test:  [   340/?]  eta: ?  loss: 1.0807 (0.8950)  accuracy: 0.4271 (0.5906)  balanced_accuracy: 0.4096 (0.5883)  f1_weighted: 0.5626 (0.6383)  time: 0.0730  data: 0.0272  max mem: 604
Test:  [   350/?]  eta: ?  loss: 1.1325 (0.9037)  accuracy: 0.5000 (0.5873)  balanced_accuracy: 0.4271 (0.5847)  f1_weighted: 0.5672 (0.6345)  time: 0.0716  data: 0.0259  max mem: 604
Test:  [   360/?]  eta: ?  loss: 0.9927 (0.9083)  accuracy: 0.4583 (0.5846)  balanced_accuracy: 0.4936 (0.5821)  f1_weighted: 0.5396 (0.6320)  time: 0.0734  data: 0.0275  max mem: 604
Test:  [   370/?]  eta: ?  loss: 0.8781 (0.9067)  accuracy: 0.5208 (0.5849)  balanced_accuracy: 0.5417 (0.5828)  f1_weighted: 0.6203 (0.6327)  time: 0.0722  data: 0.0264  max mem: 604
Test:  [   380/?]  eta: ?  loss: 0.7014 (0.9047)  accuracy: 0.5938 (0.5849)  balanced_accuracy: 0.6146 (0.5827)  f1_weighted: 0.6915 (0.6334)  time: 0.0698  data: 0.0244  max mem: 604
Test:  [   390/?]  eta: ?  loss: 0.6968 (0.9005)  accuracy: 0.6562 (0.5873)  balanced_accuracy: 0.6562 (0.5852)  f1_weighted: 0.7355 (0.6372)  time: 0.0711  data: 0.0255  max mem: 604
Test:  [   400/?]  eta: ?  loss: 0.6515 (0.8956)  accuracy: 0.7292 (0.5905)  balanced_accuracy: 0.7396 (0.5887)  f1_weighted: 0.7461 (0.6402)  time: 0.0718  data: 0.0262  max mem: 604
Test:  [   410/?]  eta: ?  loss: 0.7783 (0.8970)  accuracy: 0.5938 (0.5893)  balanced_accuracy: 0.5938 (0.5870)  f1_weighted: 0.7111 (0.6396)  time: 0.0719  data: 0.0265  max mem: 604
Test:  [   420/?]  eta: ?  loss: 0.9938 (0.9045)  accuracy: 0.4583 (0.5851)  balanced_accuracy: 0.4688 (0.5835)  f1_weighted: 0.5739 (0.6361)  time: 0.0729  data: 0.0273  max mem: 604
Test:  [   430/?]  eta: ?  loss: 0.9233 (0.9036)  accuracy: 0.4896 (0.5841)  balanced_accuracy: 0.5000 (0.5825)  f1_weighted: 0.5660 (0.6355)  time: 0.0727  data: 0.0269  max mem: 604
Test:  [   440/?]  eta: ?  loss: 0.7539 (0.8995)  accuracy: 0.5833 (0.5859)  balanced_accuracy: 0.5833 (0.5847)  f1_weighted: 0.6826 (0.6370)  time: 0.0732  data: 0.0275  max mem: 604
Test:  [   450/?]  eta: ?  loss: 0.6246 (0.8959)  accuracy: 0.6875 (0.5875)  balanced_accuracy: 0.6979 (0.5867)  f1_weighted: 0.7438 (0.6389)  time: 0.0734  data: 0.0277  max mem: 604
Test:  [   460/?]  eta: ?  loss: 0.6799 (0.8957)  accuracy: 0.6354 (0.5878)  balanced_accuracy: 0.6354 (0.5865)  f1_weighted: 0.7368 (0.6400)  time: 0.0739  data: 0.0281  max mem: 604
Test:  [   470/?]  eta: ?  loss: 0.7104 (0.8976)  accuracy: 0.5833 (0.5872)  balanced_accuracy: 0.5833 (0.5867)  f1_weighted: 0.6667 (0.6391)  time: 0.0756  data: 0.0297  max mem: 604
Test:  [   480/?]  eta: ?  loss: 0.7222 (0.8944)  accuracy: 0.6354 (0.5888)  balanced_accuracy: 0.6354 (0.5883)  f1_weighted: 0.6805 (0.6408)  time: 0.0736  data: 0.0277  max mem: 604
Test:  [   490/?]  eta: ?  loss: 0.8171 (0.8940)  accuracy: 0.6354 (0.5884)  balanced_accuracy: 0.6354 (0.5879)  f1_weighted: 0.6805 (0.6398)  time: 0.0708  data: 0.0250  max mem: 604
Test:  [   500/?]  eta: ?  loss: 0.8413 (0.8929)  accuracy: 0.5521 (0.5881)  balanced_accuracy: 0.5485 (0.5879)  f1_weighted: 0.6065 (0.6397)  time: 0.0717  data: 0.0258  max mem: 604
Test:  [   510/?]  eta: ?  loss: 0.8564 (0.8903)  accuracy: 0.5938 (0.5899)  balanced_accuracy: 0.5938 (0.5896)  f1_weighted: 0.6579 (0.6417)  time: 0.0723  data: 0.0263  max mem: 604
Test:  [   520/?]  eta: ?  loss: 0.8471 (0.8886)  accuracy: 0.6458 (0.5911)  balanced_accuracy: 0.6458 (0.5905)  f1_weighted: 0.7114 (0.6435)  time: 0.0702  data: 0.0244  max mem: 604
Test:  [   530/?]  eta: ?  loss: 0.7307 (0.8848)  accuracy: 0.6667 (0.5928)  balanced_accuracy: 0.6771 (0.5925)  f1_weighted: 0.7676 (0.6455)  time: 0.0716  data: 0.0259  max mem: 604
Test:  [   540/?]  eta: ?  loss: 0.5173 (0.8786)  accuracy: 0.7396 (0.5965)  balanced_accuracy: 0.7396 (0.5960)  f1_weighted: 0.8443 (0.6487)  time: 0.0733  data: 0.0276  max mem: 604
Test:  [   550/?]  eta: ?  loss: 0.7194 (0.8787)  accuracy: 0.6562 (0.5950)  balanced_accuracy: 0.6683 (0.5947)  f1_weighted: 0.6786 (0.6477)  time: 0.0714  data: 0.0258  max mem: 604
Test:  [   560/?]  eta: ?  loss: 0.8131 (0.8786)  accuracy: 0.5000 (0.5944)  balanced_accuracy: 0.5623 (0.5943)  f1_weighted: 0.5420 (0.6474)  time: 0.0720  data: 0.0264  max mem: 604
Test:  [   570/?]  eta: ?  loss: 0.8022 (0.8745)  accuracy: 0.6042 (0.5956)  balanced_accuracy: 0.5921 (0.5949)  f1_weighted: 0.6850 (0.6484)  time: 0.0726  data: 0.0271  max mem: 604
Test:  [   580/?]  eta: ?  loss: 0.8049 (0.8744)  accuracy: 0.6146 (0.5947)  balanced_accuracy: 0.5938 (0.5940)  f1_weighted: 0.6726 (0.6474)  time: 0.0717  data: 0.0263  max mem: 604
Test:  [   590/?]  eta: ?  loss: 0.8055 (0.8744)  accuracy: 0.5729 (0.5934)  balanced_accuracy: 0.5312 (0.5926)  f1_weighted: 0.6150 (0.6456)  time: 0.0718  data: 0.0259  max mem: 604
Test:  [   600/?]  eta: ?  loss: 0.8055 (0.8756)  accuracy: 0.4896 (0.5921)  balanced_accuracy: 0.5299 (0.5914)  f1_weighted: 0.5725 (0.6444)  time: 0.0710  data: 0.0246  max mem: 604
Test:  [   610/?]  eta: ?  loss: 0.8033 (0.8733)  accuracy: 0.5104 (0.5928)  balanced_accuracy: 0.5533 (0.5925)  f1_weighted: 0.6366 (0.6458)  time: 0.0721  data: 0.0261  max mem: 604
Test:  [   620/?]  eta: ?  loss: 0.7794 (0.8731)  accuracy: 0.5208 (0.5924)  balanced_accuracy: 0.5417 (0.5917)  f1_weighted: 0.6849 (0.6463)  time: 0.0739  data: 0.0282  max mem: 604
Test:  [   630/?]  eta: ?  loss: 0.7376 (0.8700)  accuracy: 0.6042 (0.5935)  balanced_accuracy: 0.6042 (0.5929)  f1_weighted: 0.7027 (0.6478)  time: 0.0730  data: 0.0273  max mem: 604
Test:  [   640/?]  eta: ?  loss: 0.7376 (0.8689)  accuracy: 0.6771 (0.5938)  balanced_accuracy: 0.6771 (0.5934)  f1_weighted: 0.6902 (0.6480)  time: 0.0724  data: 0.0267  max mem: 604
Test:  [   650/?]  eta: ?  loss: 0.6321 (0.8657)  accuracy: 0.6979 (0.5955)  balanced_accuracy: 0.6979 (0.5954)  f1_weighted: 0.7050 (0.6494)  time: 0.0729  data: 0.0271  max mem: 604
Test:  [   660/?]  eta: ?  loss: 0.7411 (0.8666)  accuracy: 0.6354 (0.5954)  balanced_accuracy: 0.6604 (0.5956)  f1_weighted: 0.7050 (0.6491)  time: 0.0728  data: 0.0270  max mem: 604
Test:  [   670/?]  eta: ?  loss: 0.7517 (0.8643)  accuracy: 0.6146 (0.5964)  balanced_accuracy: 0.6354 (0.5969)  f1_weighted: 0.6919 (0.6503)  time: 0.0724  data: 0.0267  max mem: 604
Test:  [   680/?]  eta: ?  loss: 0.6324 (0.8620)  accuracy: 0.6771 (0.5972)  balanced_accuracy: 0.6979 (0.5982)  f1_weighted: 0.7327 (0.6511)  time: 0.0826  data: 0.0369  max mem: 604
Test:  [   690/?]  eta: ?  loss: 0.6569 (0.8602)  accuracy: 0.7083 (0.5980)  balanced_accuracy: 0.7083 (0.5985)  f1_weighted: 0.6987 (0.6521)  time: 0.0849  data: 0.0390  max mem: 604
Test:  [   700/?]  eta: ?  loss: 0.7064 (0.8572)  accuracy: 0.6250 (0.5990)  balanced_accuracy: 0.6288 (0.5997)  f1_weighted: 0.7305 (0.6531)  time: 0.0740  data: 0.0281  max mem: 604
Test:  [   710/?]  eta: ?  loss: 0.8305 (0.8620)  accuracy: 0.5521 (0.5971)  balanced_accuracy: 0.5746 (0.5984)  f1_weighted: 0.6759 (0.6523)  time: 0.0713  data: 0.0254  max mem: 604
Test:  [   720/?]  eta: ?  loss: 1.0093 (0.8705)  accuracy: 0.5104 (0.5954)  balanced_accuracy: 0.5208 (0.5968)  f1_weighted: 0.6759 (0.6514)  time: 0.0746  data: 0.0287  max mem: 604
Test:  [   730/?]  eta: ?  loss: 0.8197 (0.8681)  accuracy: 0.6354 (0.5967)  balanced_accuracy: 0.6354 (0.5981)  f1_weighted: 0.7771 (0.6533)  time: 0.0767  data: 0.0309  max mem: 604
Test:  [   740/?]  eta: ?  loss: 0.7418 (0.8693)  accuracy: 0.7083 (0.5956)  balanced_accuracy: 0.7083 (0.5974)  f1_weighted: 0.7804 (0.6529)  time: 0.0762  data: 0.0304  max mem: 604
Test:  [   750/?]  eta: ?  loss: 0.8858 (0.8696)  accuracy: 0.4688 (0.5942)  balanced_accuracy: 0.5417 (0.5959)  f1_weighted: 0.6383 (0.6521)  time: 0.0763  data: 0.0303  max mem: 604
Test:  [   760/?]  eta: ?  loss: 0.8449 (0.8676)  accuracy: 0.4688 (0.5943)  balanced_accuracy: 0.4688 (0.5960)  f1_weighted: 0.6383 (0.6529)  time: 0.0769  data: 0.0309  max mem: 604
Test:  [   770/?]  eta: ?  loss: 0.6529 (0.8656)  accuracy: 0.7292 (0.5953)  balanced_accuracy: 0.7292 (0.5966)  f1_weighted: 0.8094 (0.6543)  time: 0.0764  data: 0.0307  max mem: 604
Test:  [   780/?]  eta: ?  loss: 0.5718 (0.8611)  accuracy: 0.7500 (0.5972)  balanced_accuracy: 0.7500 (0.5983)  f1_weighted: 0.8552 (0.6564)  time: 0.0749  data: 0.0291  max mem: 604
Test:  [   790/?]  eta: ?  loss: 0.7267 (0.8618)  accuracy: 0.6771 (0.5963)  balanced_accuracy: 0.6771 (0.5969)  f1_weighted: 0.7357 (0.6559)  time: 0.0741  data: 0.0283  max mem: 604
Test:  [   800/?]  eta: ?  loss: 0.7755 (0.8648)  accuracy: 0.5729 (0.5961)  balanced_accuracy: 0.5417 (0.5971)  f1_weighted: 0.6818 (0.6558)  time: 0.0719  data: 0.0258  max mem: 604
Test:  [   810/?]  eta: ?  loss: 0.7197 (0.8646)  accuracy: 0.6875 (0.5958)  balanced_accuracy: 0.7396 (0.5966)  f1_weighted: 0.7022 (0.6557)  time: 0.0710  data: 0.0250  max mem: 604
Test:  [   820/?]  eta: ?  loss: 0.7106 (0.8692)  accuracy: 0.6562 (0.5950)  balanced_accuracy: 0.5729 (0.5955)  f1_weighted: 0.7285 (0.6552)  time: 0.0724  data: 0.0265  max mem: 604
Test:  [   830/?]  eta: ?  loss: 0.6650 (0.8658)  accuracy: 0.6771 (0.5966)  balanced_accuracy: 0.6405 (0.5962)  f1_weighted: 0.8006 (0.6570)  time: 0.0723  data: 0.0266  max mem: 604
Test:  [   840/?]  eta: ?  loss: 0.7839 (0.8670)  accuracy: 0.5729 (0.5956)  balanced_accuracy: 0.5521 (0.5952)  f1_weighted: 0.7114 (0.6567)  time: 0.0719  data: 0.0263  max mem: 604
Test:  [   850/?]  eta: ?  loss: 0.7936 (0.8646)  accuracy: 0.5521 (0.5965)  balanced_accuracy: 0.5729 (0.5965)  f1_weighted: 0.6939 (0.6581)  time: 0.0727  data: 0.0269  max mem: 604
Test:  [   860/?]  eta: ?  loss: 0.5670 (0.8638)  accuracy: 0.7604 (0.5975)  balanced_accuracy: 0.7604 (0.5970)  f1_weighted: 0.8639 (0.6591)  time: 0.0728  data: 0.0268  max mem: 604
Test:  [   870/?]  eta: ?  loss: 0.5591 (0.8640)  accuracy: 0.7292 (0.5970)  balanced_accuracy: 0.6979 (0.5965)  f1_weighted: 0.8221 (0.6588)  time: 0.0721  data: 0.0260  max mem: 604
Test:  [   880/?]  eta: ?  loss: 0.7471 (0.8623)  accuracy: 0.6146 (0.5973)  balanced_accuracy: 0.6266 (0.5968)  f1_weighted: 0.6898 (0.6595)  time: 0.0734  data: 0.0273  max mem: 604
Test:  [   890/?]  eta: ?  loss: 0.6675 (0.8605)  accuracy: 0.6354 (0.5984)  balanced_accuracy: 0.6559 (0.5978)  f1_weighted: 0.7613 (0.6607)  time: 0.0741  data: 0.0283  max mem: 604
Test:  [   900/?]  eta: ?  loss: 0.6675 (0.8596)  accuracy: 0.7083 (0.5988)  balanced_accuracy: 0.6559 (0.5973)  f1_weighted: 0.8001 (0.6611)  time: 0.0737  data: 0.0281  max mem: 604
Test:  [   910/?]  eta: ?  loss: 0.8837 (0.8617)  accuracy: 0.5000 (0.5971)  balanced_accuracy: 0.4688 (0.5957)  f1_weighted: 0.6087 (0.6601)  time: 0.0738  data: 0.0282  max mem: 604
Test:  [   920/?]  eta: ?  loss: 0.8043 (0.8590)  accuracy: 0.5625 (0.5981)  balanced_accuracy: 0.5938 (0.5970)  f1_weighted: 0.6878 (0.6614)  time: 0.0745  data: 0.0290  max mem: 604
Test:  [   930/?]  eta: ?  loss: 0.5823 (0.8555)  accuracy: 0.7188 (0.5998)  balanced_accuracy: 0.6843 (0.5987)  f1_weighted: 0.7848 (0.6631)  time: 0.0756  data: 0.0300  max mem: 604
Test:  [   940/?]  eta: ?  loss: 0.6695 (0.8543)  accuracy: 0.6458 (0.5999)  balanced_accuracy: 0.6458 (0.5985)  f1_weighted: 0.7844 (0.6636)  time: 0.0766  data: 0.0310  max mem: 604
Test:  [   950/?]  eta: ?  loss: 0.7427 (0.8536)  accuracy: 0.5625 (0.5996)  balanced_accuracy: 0.5625 (0.5985)  f1_weighted: 0.7187 (0.6636)  time: 0.0760  data: 0.0304  max mem: 604
Test:  [   960/?]  eta: ?  loss: 0.8168 (0.8551)  accuracy: 0.5312 (0.5991)  balanced_accuracy: 0.6222 (0.5982)  f1_weighted: 0.6383 (0.6631)  time: 0.0755  data: 0.0299  max mem: 604
Test:  [   970/?]  eta: ?  loss: 0.7850 (0.8539)  accuracy: 0.5938 (0.5994)  balanced_accuracy: 0.6253 (0.5986)  f1_weighted: 0.6566 (0.6636)  time: 0.0752  data: 0.0294  max mem: 604
Test:  [   980/?]  eta: ?  loss: 0.8807 (0.8575)  accuracy: 0.5417 (0.5973)  balanced_accuracy: 0.5402 (0.5964)  f1_weighted: 0.5930 (0.6617)  time: 0.0750  data: 0.0292  max mem: 604
Test:  [   990/?]  eta: ?  loss: 1.1636 (0.8605)  accuracy: 0.3125 (0.5957)  balanced_accuracy: 0.3125 (0.5947)  f1_weighted: 0.4762 (0.6606)  time: 0.0743  data: 0.0284  max mem: 604
Test:  [  1000/?]  eta: ?  loss: 0.8383 (0.8602)  accuracy: 0.5208 (0.5956)  balanced_accuracy: 0.4755 (0.5947)  f1_weighted: 0.6286 (0.6608)  time: 0.0726  data: 0.0267  max mem: 604
Test:  [  1010/?]  eta: ?  loss: 0.7168 (0.8609)  accuracy: 0.6042 (0.5956)  balanced_accuracy: 0.6042 (0.5947)  f1_weighted: 0.7532 (0.6610)  time: 0.0741  data: 0.0280  max mem: 604
Test:  [  1020/?]  eta: ?  loss: 1.0641 (0.8654)  accuracy: 0.3438 (0.5937)  balanced_accuracy: 0.4202 (0.5932)  f1_weighted: 0.5026 (0.6594)  time: 0.0741  data: 0.0278  max mem: 604
Test:  [  1030/?]  eta: ?  loss: 0.7596 (0.8641)  accuracy: 0.5417 (0.5943)  balanced_accuracy: 0.5188 (0.5936)  f1_weighted: 0.6388 (0.6603)  time: 0.0739  data: 0.0275  max mem: 604
Test:  [  1040/?]  eta: ?  loss: 0.7398 (0.8654)  accuracy: 0.6354 (0.5938)  balanced_accuracy: 0.5312 (0.5930)  f1_weighted: 0.6939 (0.6602)  time: 0.0735  data: 0.0272  max mem: 604
Test:  [  1050/?]  eta: ?  loss: 0.6851 (0.8665)  accuracy: 0.6771 (0.5945)  balanced_accuracy: 0.5312 (0.5937)  f1_weighted: 0.7319 (0.6608)  time: 0.0728  data: 0.0265  max mem: 604
Test:  [  1060/?]  eta: ?  loss: 0.4582 (0.8654)  accuracy: 0.8333 (0.5959)  balanced_accuracy: 0.7670 (0.5950)  f1_weighted: 0.9091 (0.6621)  time: 0.0746  data: 0.0284  max mem: 604
Test:  [  1070/?]  eta: ?  loss: 0.5434 (0.8632)  accuracy: 0.7500 (0.5971)  balanced_accuracy: 0.7791 (0.5964)  f1_weighted: 0.8521 (0.6637)  time: 0.0731  data: 0.0274  max mem: 604
Test:  [  1080/?]  eta: ?  loss: 0.6884 (0.8621)  accuracy: 0.6667 (0.5978)  balanced_accuracy: 0.6667 (0.5968)  f1_weighted: 0.8000 (0.6646)  time: 0.0704  data: 0.0247  max mem: 604
Test:  [  1090/?]  eta: ?  loss: 0.7773 (0.8634)  accuracy: 0.6042 (0.5962)  balanced_accuracy: 0.5000 (0.5950)  f1_weighted: 0.7027 (0.6634)  time: 0.0712  data: 0.0252  max mem: 604
Test:  [  1100/?]  eta: ?  loss: 0.8833 (0.8651)  accuracy: 0.5104 (0.5955)  balanced_accuracy: 0.4583 (0.5943)  f1_weighted: 0.6137 (0.6628)  time: 0.0717  data: 0.0256  max mem: 604
Test:  [  1110/?]  eta: ?  loss: 0.7450 (0.8643)  accuracy: 0.5625 (0.5960)  balanced_accuracy: 0.5625 (0.5949)  f1_weighted: 0.7027 (0.6636)  time: 0.0715  data: 0.0254  max mem: 604
Test:  [  1120/?]  eta: ?  loss: 0.6261 (0.8618)  accuracy: 0.7500 (0.5974)  balanced_accuracy: 0.7500 (0.5962)  f1_weighted: 0.8571 (0.6651)  time: 0.0717  data: 0.0254  max mem: 604
Test:  [  1130/?]  eta: ?  loss: 0.5556 (0.8602)  accuracy: 0.7500 (0.5978)  balanced_accuracy: 0.7500 (0.5967)  f1_weighted: 0.8571 (0.6658)  time: 0.0725  data: 0.0259  max mem: 604
Test:  [  1140/?]  eta: ?  loss: 0.6012 (0.8572)  accuracy: 0.7292 (0.5993)  balanced_accuracy: 0.7292 (0.5981)  f1_weighted: 0.8434 (0.6675)  time: 0.0716  data: 0.0251  max mem: 604
Test:  [  1150/?]  eta: ?  loss: 0.6818 (0.8568)  accuracy: 0.7083 (0.5990)  balanced_accuracy: 0.7083 (0.5981)  f1_weighted: 0.8148 (0.6676)  time: 0.0706  data: 0.0240  max mem: 604
Test:  [  1160/?]  eta: ?  loss: 0.7839 (0.8559)  accuracy: 0.6562 (0.5993)  balanced_accuracy: 0.6816 (0.5983)  f1_weighted: 0.7075 (0.6682)  time: 0.0716  data: 0.0250  max mem: 604
Test:  [  1170/?]  eta: ?  loss: 0.7327 (0.8569)  accuracy: 0.6354 (0.5992)  balanced_accuracy: 0.6146 (0.5980)  f1_weighted: 0.7285 (0.6682)  time: 0.0714  data: 0.0252  max mem: 604
Test:  [  1180/?]  eta: ?  loss: 1.0125 (0.8640)  accuracy: 0.4896 (0.5973)  balanced_accuracy: 0.4583 (0.5958)  f1_weighted: 0.6244 (0.6660)  time: 0.0724  data: 0.0262  max mem: 604
Test:  [  1190/?]  eta: ?  loss: 1.1588 (0.8663)  accuracy: 0.3854 (0.5964)  balanced_accuracy: 0.3854 (0.5949)  f1_weighted: 0.5001 (0.6651)  time: 0.0738  data: 0.0273  max mem: 604
Test:  [  1200/?]  eta: ?  loss: 0.7395 (0.8638)  accuracy: 0.5625 (0.5975)  balanced_accuracy: 0.5625 (0.5960)  f1_weighted: 0.7200 (0.6663)  time: 0.0720  data: 0.0259  max mem: 604
Test:  [  1210/?]  eta: ?  loss: 0.6428 (0.8616)  accuracy: 0.6771 (0.5986)  balanced_accuracy: 0.6771 (0.5970)  f1_weighted: 0.8075 (0.6676)  time: 0.0708  data: 0.0252  max mem: 604
Test:  [  1220/?]  eta: ?  loss: 0.6214 (0.8613)  accuracy: 0.6771 (0.5983)  balanced_accuracy: 0.6771 (0.5966)  f1_weighted: 0.8075 (0.6672)  time: 0.0720  data: 0.0263  max mem: 604
Test:  [  1230/?]  eta: ?  loss: 0.7636 (0.8621)  accuracy: 0.5729 (0.5974)  balanced_accuracy: 0.5417 (0.5957)  f1_weighted: 0.7027 (0.6666)  time: 0.0727  data: 0.0269  max mem: 604
Test:  [  1240/?]  eta: ?  loss: 0.7796 (0.8632)  accuracy: 0.5729 (0.5971)  balanced_accuracy: 0.5417 (0.5952)  f1_weighted: 0.7285 (0.6661)  time: 0.0734  data: 0.0277  max mem: 604
Test:  [  1250/?]  eta: ?  loss: 0.8808 (0.8628)  accuracy: 0.5208 (0.5969)  balanced_accuracy: 0.4896 (0.5949)  f1_weighted: 0.6849 (0.6662)  time: 0.0735  data: 0.0279  max mem: 604
Test:  [  1260/?]  eta: ?  loss: 0.8437 (0.8624)  accuracy: 0.5208 (0.5966)  balanced_accuracy: 0.5417 (0.5948)  f1_weighted: 0.6849 (0.6664)  time: 0.0718  data: 0.0262  max mem: 604
Test:  [  1270/?]  eta: ?  loss: 0.7192 (0.8616)  accuracy: 0.6250 (0.5971)  balanced_accuracy: 0.6771 (0.5957)  f1_weighted: 0.7572 (0.6669)  time: 0.0720  data: 0.0265  max mem: 604
Test:  [  1280/?]  eta: ?  loss: 0.7192 (0.8618)  accuracy: 0.6875 (0.5965)  balanced_accuracy: 0.7474 (0.5952)  f1_weighted: 0.7925 (0.6665)  time: 0.0732  data: 0.0276  max mem: 604
Test:  [  1290/?]  eta: ?  loss: 0.7352 (0.8610)  accuracy: 0.5625 (0.5963)  balanced_accuracy: 0.5625 (0.5951)  f1_weighted: 0.7114 (0.6666)  time: 0.0734  data: 0.0278  max mem: 604
Test:  [  1300/?]  eta: ?  loss: 0.7841 (0.8604)  accuracy: 0.5521 (0.5963)  balanced_accuracy: 0.5521 (0.5951)  f1_weighted: 0.7031 (0.6669)  time: 0.0725  data: 0.0268  max mem: 604
Test:  [  1310/?]  eta: ?  loss: 0.7177 (0.8603)  accuracy: 0.6458 (0.5967)  balanced_accuracy: 0.6080 (0.5954)  f1_weighted: 0.7114 (0.6673)  time: 0.0721  data: 0.0263  max mem: 604
Test:  [  1320/?]  eta: ?  loss: 0.7297 (0.8623)  accuracy: 0.6042 (0.5957)  balanced_accuracy: 0.5208 (0.5945)  f1_weighted: 0.6849 (0.6667)  time: 0.0714  data: 0.0256  max mem: 604
Test:  [  1330/?]  eta: ?  loss: 0.7518 (0.8600)  accuracy: 0.6042 (0.5966)  balanced_accuracy: 0.5833 (0.5953)  f1_weighted: 0.6963 (0.6678)  time: 0.0712  data: 0.0257  max mem: 604
Test:  [  1340/?]  eta: ?  loss: 0.6396 (0.8586)  accuracy: 0.6771 (0.5972)  balanced_accuracy: 0.6667 (0.5959)  f1_weighted: 0.8000 (0.6687)  time: 0.0719  data: 0.0263  max mem: 604
Test:  [  1350/?]  eta: ?  loss: 0.7119 (0.8570)  accuracy: 0.6667 (0.5977)  balanced_accuracy: 0.6458 (0.5965)  f1_weighted: 0.8000 (0.6694)  time: 0.0712  data: 0.0253  max mem: 604
Test:  [  1360/?]  eta: ?  loss: 0.8048 (0.8587)  accuracy: 0.5417 (0.5970)  balanced_accuracy: 0.5417 (0.5957)  f1_weighted: 0.7027 (0.6691)  time: 0.0702  data: 0.0242  max mem: 604
Test:  [  1370/?]  eta: ?  loss: 0.9708 (0.8605)  accuracy: 0.4688 (0.5962)  balanced_accuracy: 0.4688 (0.5951)  f1_weighted: 0.5947 (0.6685)  time: 0.0705  data: 0.0244  max mem: 604
Test:  [  1380/?]  eta: ?  loss: 0.9248 (0.8625)  accuracy: 0.3542 (0.5953)  balanced_accuracy: 0.3906 (0.5943)  f1_weighted: 0.5231 (0.6679)  time: 0.0731  data: 0.0235  max mem: 604
Test: Total time: 0:02:38 (0.1142 s / it)
* loss 0.863
  Test segment-level: 0.5953 | participant (mean prob): 0.6970 | participant (majority vote): 0.6716
======Accuracy: 0.5952578595469158 0.0, balanced accuracy: 0.6010689039170001 0.0
