Using conda Python: /home/mojtabam/miniconda3/envs/eeg_env/bin/python
Running CNN training: 2s mode
Using batch_size=192, num_workers=8 (8 workers with 4 GPUs)
Parallel loading with 8 workers across 4 GPUs
python -m CNN.main --mode 2s --results_dir ./final_logs --reports_dir ./final_logs 2>&1 | tee ./final_logs/cnn_2s.log
/home/mojtabam/miniconda3/envs/eeg_env/lib/python3.10/site-packages/torch/optim/lr_scheduler.py:62: UserWarning: The verbose parameter is deprecated. Please use get_last_lr() to access the learning rate.
  warnings.warn(
================================================================================
EEG CLASSIFICATION EXPERIMENT RUNNER
================================================================================
Mode: 2s (EEG segment length)
Results directory: ./final_logs
Reports directory: ./final_logs
Epochs: 50, Learning rate: 0.0001
Batch size: 192 (auto-selected), Random seed: 42
Number of GPUs: 4
Number of workers: 8
================================================================================
Creating all experiments for 2s EEG segments...
Running 3 experiments for 2s segments...

================================================================================
STARTING EXPERIMENTS
Number of experiments: 3
Random seed: 42
Results directory: ./final_logs
Generate reports: True
================================================================================

Progress: 1/3
Experiment: gender_baseline_2s
Setting up experiment: gender_baseline_2s
Creating standard loaders for gender classification (train on both task types)
Using stratified train batches for gender classification (balanced classes per batch).
============================================================
GPU Configuration
============================================================
CUDA Available: True
Available GPUs: 4
Requested GPUs: 4
Using GPUs: 4
Device: cuda
GPU Device IDs: [0, 1, 2, 3]
  GPU 0: NVIDIA L40S
  GPU 1: NVIDIA L40S
  GPU 2: NVIDIA L40S
  GPU 3: NVIDIA L40S
============================================================
Compiling model with torch.compile() for faster execution...
✅ Model compiled successfully
✅ Using CrossEntropyLoss with class_weight=[0.7718490501136646, 1.4196280064082287] (fix imbalanced / collapse)
✅ Using fused Adam optimizer
✅ Mixed precision training (AMP) enabled
✅ Gradient clipping enabled: max_norm=0.2
✅ Learning rate scheduler: factor=0.5, patience=10
✅ Learning rate warmup enabled: 10 epochs
✅ Experiment setup complete

================================================================================
STARTING EXPERIMENT: gender_baseline_2s
Model: gender_cnn | Target: gender
Channels: 60
================================================================================
Training gender_cnn for gender classification...
Starting training for gender_baseline_2s
Model: EEGGenderCNN
Target: gender
Epochs: 50
Learning rate: 0.0001
------------------------------------------------------------
   No existing checkpoint found. Starting fresh training.
⏳ Loading first batch (batch_size=stratified (see data loader), num_workers=8)...

🔄 Starting epoch 1/50
   🔥 Warmup: LR = 0.000010 (target: 0.000100)
  ✅ First batch loaded! (took 122.4s)
  First batch label distribution: class 0: 96, class 1: 96
W0220 21:54:17.030000 1354121 site-packages/torch/_logging/_internal.py:1081] [0/0] Profiler function <class 'torch.autograd.profiler.record_function'> will be ignored
/home/mojtabam/miniconda3/envs/eeg_env/lib/python3.10/site-packages/torch/_dynamo/variables/functions.py:725: UserWarning: Graph break due to unsupported builtin sys._getframe. This function is either a Python builtin (e.g. _warnings.warn) or a third-party C/C++ Python extension (perhaps created with pybind). If it is a Python builtin, please file an issue on GitHub so the PyTorch team can add support for it and see the next case for a workaround. If it is a third-party C/C++ Python extension, please either wrap it into a PyTorch-understood custom operator (see https://pytorch.org/tutorials/advanced/custom_ops_landing_page.html for more details) or, if it is traceable, use torch.compiler.allow_in_graph.
  torch._dynamo.utils.warn_once(msg)
libibverbs: Warning: couldn't load driver 'libvmw_pvrdma-rdmav34.so': libvmw_pvrdma-rdmav34.so: cannot open shared object file: No such file or directory
✅ Model recovered: Predictions diverse again (unique: 2)
✅ Model recovered: Predictions diverse again (unique: 2)
✅ Model recovered: Predictions diverse again (unique: 2)
✅ Model recovered: Predictions diverse again (unique: 2)
✅ Model recovered: Predictions diverse again (unique: 2)
✅ Model recovered: Predictions diverse again (unique: 2)
✅ Model recovered: Predictions diverse again (unique: 2)
⚠️  Model collapse in 50 consecutive batches (all class 1). Balanced training (stratified/oversample): continuing (no abort).
⚠️  Model collapse in 50 consecutive batches (all class 1). Balanced training (stratified/oversample): continuing (no abort).
⚠️  Model collapse in 50 consecutive batches (all class 1). Balanced training (stratified/oversample): continuing (no abort).
⚠️  Model collapse in 50 consecutive batches (all class 1). Balanced training (stratified/oversample): continuing (no abort).
⚠️  Model collapse in 50 consecutive batches (all class 1). Balanced training (stratified/oversample): continuing (no abort).
⚠️  Model collapse in 50 consecutive batches (all class 1). Balanced training (stratified/oversample): continuing (no abort).
⚠️  Model collapse in 50 consecutive batches (all class 1). Balanced training (stratified/oversample): continuing (no abort).
⚠️  Model collapse in 50 consecutive batches (all class 1). Balanced training (stratified/oversample): continuing (no abort).
✅ Model recovered: Predictions diverse again (unique: 2)
⚠️  Model collapse in 50 consecutive batches (all class 1). Balanced training (stratified/oversample): continuing (no abort).
⚠️  Model collapse in 50 consecutive batches (all class 1). Balanced training (stratified/oversample): continuing (no abort).
⚠️  Model collapse in 50 consecutive batches (all class 1). Balanced training (stratified/oversample): continuing (no abort).
✅ Model recovered: Predictions diverse again (unique: 2)
✅ Model recovered: Predictions diverse again (unique: 2)
✅ Model recovered: Predictions diverse again (unique: 2)
✅ Model recovered: Predictions diverse again (unique: 2)
✅ Model recovered: Predictions diverse again (unique: 2)
✅ Model recovered: Predictions diverse again (unique: 2)
✅ Model recovered: Predictions diverse again (unique: 2)
✅ Model recovered: Predictions diverse again (unique: 2)
✅ Model recovered: Predictions diverse again (unique: 2)
✅ Model recovered: Predictions diverse again (unique: 2)
  Processed 1000 batches, elapsed: 120.4s
  Processed 2000 batches, elapsed: 207.5s
  Processed 3000 batches, elapsed: 281.0s
  Processed 4000 batches, elapsed: 353.1s
  → Epoch   1/50 | Train Loss: 0.6602 | Val Loss: 0.6302 | Train Acc: 0.5916 | Val Acc: 0.6324 | LR: 0.000010 | Time: 653.53s
New best model saved at epoch 1 in ./final_logs/checkpoints

🔄 Starting epoch 2/50
  ✅ First batch loaded! (took 2.3s)
  First batch label distribution: class 0: 96, class 1: 96
  Processed 1000 batches, elapsed: 79.4s
  Processed 2000 batches, elapsed: 156.4s
  Processed 3000 batches, elapsed: 230.6s
  Processed 4000 batches, elapsed: 302.7s
  → Epoch   2/50 | Train Loss: 0.5739 | Val Loss: 0.5613 | Train Acc: 0.7037 | Val Acc: 0.7026 | LR: 0.000020 | Time: 385.81s
New best model saved at epoch 2 in ./final_logs/checkpoints

🔄 Starting epoch 3/50
   🔥 Warmup: LR = 0.000030 (target: 0.000100)
  ✅ First batch loaded! (took 2.3s)
  First batch label distribution: class 0: 96, class 1: 96
  Processed 1000 batches, elapsed: 75.4s
  Processed 2000 batches, elapsed: 149.1s
  Processed 3000 batches, elapsed: 221.9s
  Processed 4000 batches, elapsed: 294.2s
  → Epoch   3/50 | Train Loss: 0.5441 | Val Loss: 0.5472 | Train Acc: 0.7294 | Val Acc: 0.7135 | LR: 0.000030 | Time: 377.27s
New best model saved at epoch 3 in ./final_logs/checkpoints

🔄 Starting epoch 4/50
  ✅ First batch loaded! (took 2.3s)
  First batch label distribution: class 0: 96, class 1: 96
  Processed 1000 batches, elapsed: 74.6s
  Processed 2000 batches, elapsed: 148.0s
  Processed 3000 batches, elapsed: 221.1s
  Processed 4000 batches, elapsed: 294.3s
  → Epoch   4/50 | Train Loss: 0.5260 | Val Loss: 0.5441 | Train Acc: 0.7430 | Val Acc: 0.7164 | LR: 0.000040 | Time: 376.06s
New best model saved at epoch 4 in ./final_logs/checkpoints

🔄 Starting epoch 5/50
  ✅ First batch loaded! (took 2.2s)
  First batch label distribution: class 0: 96, class 1: 96
  Processed 1000 batches, elapsed: 73.9s
  Processed 2000 batches, elapsed: 147.5s
  Processed 3000 batches, elapsed: 220.0s
  Processed 4000 batches, elapsed: 292.3s
  → Epoch   5/50 | Train Loss: 0.5093 | Val Loss: 0.5439 | Train Acc: 0.7538 | Val Acc: 0.7210 | LR: 0.000050 | Time: 374.62s
New best model saved at epoch 5 in ./final_logs/checkpoints

🔄 Starting epoch 6/50
   🔥 Warmup: LR = 0.000060 (target: 0.000100)
  ✅ First batch loaded! (took 2.2s)
  First batch label distribution: class 0: 96, class 1: 96
  Processed 1000 batches, elapsed: 75.2s
  Processed 2000 batches, elapsed: 148.7s
  Processed 3000 batches, elapsed: 222.6s
  Processed 4000 batches, elapsed: 298.1s
  → Epoch   6/50 | Train Loss: 0.4880 | Val Loss: 0.5189 | Train Acc: 0.7661 | Val Acc: 0.7387 | LR: 0.000060 | Time: 380.81s
New best model saved at epoch 6 in ./final_logs/checkpoints

🔄 Starting epoch 7/50
  ✅ First batch loaded! (took 2.3s)
  First batch label distribution: class 0: 96, class 1: 96
  Processed 1000 batches, elapsed: 73.4s
  Processed 2000 batches, elapsed: 146.1s
  Processed 3000 batches, elapsed: 218.6s
  Processed 4000 batches, elapsed: 291.2s
  → Epoch   7/50 | Train Loss: 0.4617 | Val Loss: 0.4950 | Train Acc: 0.7826 | Val Acc: 0.7523 | LR: 0.000070 | Time: 371.89s
New best model saved at epoch 7 in ./final_logs/checkpoints

🔄 Starting epoch 8/50
  ✅ First batch loaded! (took 2.2s)
  First batch label distribution: class 0: 96, class 1: 96
  Processed 1000 batches, elapsed: 73.2s
  Processed 2000 batches, elapsed: 145.9s
  Processed 3000 batches, elapsed: 218.2s
  Processed 4000 batches, elapsed: 290.8s
  → Epoch   8/50 | Train Loss: 0.4291 | Val Loss: 0.4760 | Train Acc: 0.8029 | Val Acc: 0.7641 | LR: 0.000080 | Time: 372.42s
New best model saved at epoch 8 in ./final_logs/checkpoints

🔄 Starting epoch 9/50
   🔥 Warmup: LR = 0.000090 (target: 0.000100)
  ✅ First batch loaded! (took 2.3s)
  First batch label distribution: class 0: 96, class 1: 96
  Processed 1000 batches, elapsed: 73.8s
  Processed 2000 batches, elapsed: 146.7s
  Processed 3000 batches, elapsed: 219.1s
  Processed 4000 batches, elapsed: 291.4s
  → Epoch   9/50 | Train Loss: 0.4083 | Val Loss: 0.4330 | Train Acc: 0.8155 | Val Acc: 0.7915 | LR: 0.000090 | Time: 372.89s
New best model saved at epoch 9 in ./final_logs/checkpoints

🔄 Starting epoch 10/50
  ✅ First batch loaded! (took 2.2s)
  First batch label distribution: class 0: 96, class 1: 96
  Processed 1000 batches, elapsed: 73.6s
  Processed 2000 batches, elapsed: 146.7s
  Processed 3000 batches, elapsed: 219.3s
  Processed 4000 batches, elapsed: 292.0s
  → Epoch  10/50 | Train Loss: 0.3932 | Val Loss: 0.4103 | Train Acc: 0.8244 | Val Acc: 0.8064 | LR: 0.000100 | Time: 373.61s
New best model saved at epoch 10 in ./final_logs/checkpoints

🔄 Starting epoch 11/50
  ✅ First batch loaded! (took 2.2s)
  First batch label distribution: class 0: 96, class 1: 96
  Processed 1000 batches, elapsed: 73.8s
  Processed 2000 batches, elapsed: 146.8s
  Processed 3000 batches, elapsed: 219.2s
  Processed 4000 batches, elapsed: 291.6s
⚠️  WARNING: Model collapse in validation (2 consecutive batches, all class 1). Monitoring...
✅ Model recovered in validation: Predictions diverse again (unique: 2)
  → Epoch  11/50 | Train Loss: 0.3782 | Val Loss: 0.4024 | Train Acc: 0.8330 | Val Acc: 0.8143 | LR: 0.000100 | Time: 372.60s
New best model saved at epoch 11 in ./final_logs/checkpoints

🔄 Starting epoch 12/50
  ✅ First batch loaded! (took 2.2s)
  First batch label distribution: class 0: 96, class 1: 96
  Processed 1000 batches, elapsed: 73.3s
  Processed 2000 batches, elapsed: 146.1s
  Processed 3000 batches, elapsed: 218.3s
  Processed 4000 batches, elapsed: 291.1s
⚠️  WARNING: Model collapse in validation (2 consecutive batches, all class 0). Monitoring...
✅ Model recovered in validation: Predictions diverse again (unique: 2)
⚠️  WARNING: Model collapse in validation (2 consecutive batches, all class 1). Monitoring...
✅ Model recovered in validation: Predictions diverse again (unique: 2)
  → Epoch  12/50 | Train Loss: 0.3646 | Val Loss: 0.3966 | Train Acc: 0.8404 | Val Acc: 0.8159 | LR: 0.000100 | Time: 372.39s
New best model saved at epoch 12 in ./final_logs/checkpoints

🔄 Starting epoch 13/50
  ✅ First batch loaded! (took 2.3s)
  First batch label distribution: class 0: 96, class 1: 96
  Processed 1000 batches, elapsed: 73.3s
  Processed 2000 batches, elapsed: 146.0s
  Processed 3000 batches, elapsed: 218.5s
  Processed 4000 batches, elapsed: 291.0s
⚠️  WARNING: Model collapse in validation (2 consecutive batches, all class 1). Monitoring...
✅ Model recovered in validation: Predictions diverse again (unique: 2)
  → Epoch  13/50 | Train Loss: 0.3525 | Val Loss: 0.3955 | Train Acc: 0.8460 | Val Acc: 0.8188 | LR: 0.000100 | Time: 372.37s
New best model saved at epoch 13 in ./final_logs/checkpoints

🔄 Starting epoch 14/50
  ✅ First batch loaded! (took 2.3s)
  First batch label distribution: class 0: 96, class 1: 96
  Processed 1000 batches, elapsed: 73.3s
  Processed 2000 batches, elapsed: 146.9s
  Processed 3000 batches, elapsed: 220.3s
  Processed 4000 batches, elapsed: 294.9s
⚠️  WARNING: Model collapse in validation (2 consecutive batches, all class 0). Monitoring...
✅ Model recovered in validation: Predictions diverse again (unique: 2)
⚠️  WARNING: Model collapse in validation (2 consecutive batches, all class 0). Monitoring...
✅ Model recovered in validation: Predictions diverse again (unique: 2)
⚠️  WARNING: Model collapse in validation (2 consecutive batches, all class 1). Monitoring...
✅ Model recovered in validation: Predictions diverse again (unique: 2)
  → Epoch  14/50 | Train Loss: 0.3430 | Val Loss: 0.3902 | Train Acc: 0.8510 | Val Acc: 0.8201 | LR: 0.000100 | Time: 376.24s
New best model saved at epoch 14 in ./final_logs/checkpoints

🔄 Starting epoch 15/50
  ✅ First batch loaded! (took 2.3s)
  First batch label distribution: class 0: 96, class 1: 96
  Processed 1000 batches, elapsed: 74.1s
  Processed 2000 batches, elapsed: 147.5s
  Processed 3000 batches, elapsed: 219.8s
  Processed 4000 batches, elapsed: 292.4s
⚠️  WARNING: Model collapse in validation (2 consecutive batches, all class 1). Monitoring...
✅ Model recovered in validation: Predictions diverse again (unique: 2)
  → Epoch  15/50 | Train Loss: 0.3349 | Val Loss: 0.4052 | Train Acc: 0.8546 | Val Acc: 0.8139 | LR: 0.000100 | Time: 375.41s

🔄 Starting epoch 16/50
  ✅ First batch loaded! (took 2.4s)
  First batch label distribution: class 0: 96, class 1: 96
  Processed 1000 batches, elapsed: 73.0s
  Processed 2000 batches, elapsed: 145.7s
  Processed 3000 batches, elapsed: 217.9s
  Processed 4000 batches, elapsed: 290.5s
⚠️  WARNING: Model collapse in validation (2 consecutive batches, all class 0). Monitoring...
✅ Model recovered in validation: Predictions diverse again (unique: 2)
⚠️  WARNING: Model collapse in validation (2 consecutive batches, all class 0). Monitoring...
✅ Model recovered in validation: Predictions diverse again (unique: 2)
⚠️  WARNING: Model collapse in validation (2 consecutive batches, all class 1). Monitoring...
✅ Model recovered in validation: Predictions diverse again (unique: 2)
  → Epoch  16/50 | Train Loss: 0.3285 | Val Loss: 0.3968 | Train Acc: 0.8580 | Val Acc: 0.8212 | LR: 0.000100 | Time: 374.21s

🔄 Starting epoch 17/50
  ✅ First batch loaded! (took 2.7s)
  First batch label distribution: class 0: 96, class 1: 96
  Processed 1000 batches, elapsed: 115.6s
  Processed 2000 batches, elapsed: 247.1s
  Processed 3000 batches, elapsed: 376.3s
  Processed 4000 batches, elapsed: 499.9s
⚠️  WARNING: Model collapse in validation (2 consecutive batches, all class 0). Monitoring...
✅ Model recovered in validation: Predictions diverse again (unique: 2)
⚠️  WARNING: Model collapse in validation (2 consecutive batches, all class 0). Monitoring...
✅ Model recovered in validation: Predictions diverse again (unique: 2)
⚠️  WARNING: Model collapse in validation (2 consecutive batches, all class 1). Monitoring...
✅ Model recovered in validation: Predictions diverse again (unique: 2)
  → Epoch  17/50 | Train Loss: 0.3225 | Val Loss: 0.4210 | Train Acc: 0.8610 | Val Acc: 0.8118 | LR: 0.000100 | Time: 586.35s

🔄 Starting epoch 18/50
  ✅ First batch loaded! (took 2.4s)
  First batch label distribution: class 0: 96, class 1: 96
  Processed 1000 batches, elapsed: 90.9s
  Processed 2000 batches, elapsed: 215.7s
  Processed 3000 batches, elapsed: 349.5s
  Processed 4000 batches, elapsed: 477.9s
⚠️  WARNING: Model collapse in validation (2 consecutive batches, all class 0). Monitoring...
✅ Model recovered in validation: Predictions diverse again (unique: 2)
⚠️  WARNING: Model collapse in validation (2 consecutive batches, all class 0). Monitoring...
✅ Model recovered in validation: Predictions diverse again (unique: 2)
⚠️  WARNING: Model collapse in validation (2 consecutive batches, all class 1). Monitoring...
✅ Model recovered in validation: Predictions diverse again (unique: 2)
  → Epoch  18/50 | Train Loss: 0.3172 | Val Loss: 0.4226 | Train Acc: 0.8632 | Val Acc: 0.8077 | LR: 0.000100 | Time: 622.24s

🔄 Starting epoch 19/50
  ✅ First batch loaded! (took 3.2s)
  First batch label distribution: class 0: 96, class 1: 96
  Processed 1000 batches, elapsed: 140.5s
  Processed 2000 batches, elapsed: 236.7s
  Processed 3000 batches, elapsed: 327.2s
  Processed 4000 batches, elapsed: 415.4s
⚠️  WARNING: Model collapse in validation (2 consecutive batches, all class 0). Monitoring...
✅ Model recovered in validation: Predictions diverse again (unique: 2)
⚠️  WARNING: Model collapse in validation (2 consecutive batches, all class 0). Monitoring...
✅ Model recovered in validation: Predictions diverse again (unique: 2)
⚠️  WARNING: Model collapse in validation (2 consecutive batches, all class 1). Monitoring...
✅ Model recovered in validation: Predictions diverse again (unique: 2)
  → Epoch  19/50 | Train Loss: 0.3126 | Val Loss: 0.4242 | Train Acc: 0.8660 | Val Acc: 0.8138 | LR: 0.000100 | Time: 498.38s

🔄 Starting epoch 20/50
  ✅ First batch loaded! (took 2.5s)
  First batch label distribution: class 0: 96, class 1: 96
  Processed 1000 batches, elapsed: 91.1s
  Processed 2000 batches, elapsed: 171.8s
  Processed 3000 batches, elapsed: 248.9s
  Processed 4000 batches, elapsed: 326.8s
⚠️  WARNING: Model collapse in validation (2 consecutive batches, all class 0). Monitoring...
✅ Model recovered in validation: Predictions diverse again (unique: 2)
⚠️  WARNING: Model collapse in validation (2 consecutive batches, all class 0). Monitoring...
✅ Model recovered in validation: Predictions diverse again (unique: 2)
⚠️  WARNING: Model collapse in validation (2 consecutive batches, all class 1). Monitoring...
✅ Model recovered in validation: Predictions diverse again (unique: 2)
  → Epoch  20/50 | Train Loss: 0.3074 | Val Loss: 0.4033 | Train Acc: 0.8680 | Val Acc: 0.8215 | LR: 0.000100 | Time: 409.57s

🔄 Starting epoch 21/50
  ✅ First batch loaded! (took 2.3s)
  First batch label distribution: class 0: 96, class 1: 96
  Processed 1000 batches, elapsed: 79.6s
  Processed 2000 batches, elapsed: 155.8s
  Processed 3000 batches, elapsed: 230.0s
  Processed 4000 batches, elapsed: 303.9s
⚠️  WARNING: Model collapse in validation (2 consecutive batches, all class 1). Monitoring...
✅ Model recovered in validation: Predictions diverse again (unique: 2)
⚠️  WARNING: Model collapse in validation (2 consecutive batches, all class 0). Monitoring...
✅ Model recovered in validation: Predictions diverse again (unique: 2)
⚠️  WARNING: Model collapse in validation (2 consecutive batches, all class 0). Monitoring...
✅ Model recovered in validation: Predictions diverse again (unique: 2)
⚠️  WARNING: Model collapse in validation (2 consecutive batches, all class 1). Monitoring...
✅ Model recovered in validation: Predictions diverse again (unique: 2)
  → Epoch  21/50 | Train Loss: 0.3030 | Val Loss: 0.4097 | Train Acc: 0.8700 | Val Acc: 0.8216 | LR: 0.000100 | Time: 386.60s

🔄 Starting epoch 22/50
  ✅ First batch loaded! (took 2.3s)
  First batch label distribution: class 0: 96, class 1: 96
  Processed 1000 batches, elapsed: 76.2s
  Processed 2000 batches, elapsed: 150.7s
  Processed 3000 batches, elapsed: 223.8s
  Processed 4000 batches, elapsed: 296.8s
⚠️  WARNING: Model collapse in validation (2 consecutive batches, all class 0). Monitoring...
✅ Model recovered in validation: Predictions diverse again (unique: 2)
⚠️  WARNING: Model collapse in validation (2 consecutive batches, all class 1). Monitoring...
✅ Model recovered in validation: Predictions diverse again (unique: 2)
  → Epoch  22/50 | Train Loss: 0.2990 | Val Loss: 0.4230 | Train Acc: 0.8722 | Val Acc: 0.8172 | LR: 0.000100 | Time: 378.22s

🔄 Starting epoch 23/50
  ✅ First batch loaded! (took 2.3s)
  First batch label distribution: class 0: 96, class 1: 96
  Processed 1000 batches, elapsed: 76.0s
  Processed 2000 batches, elapsed: 150.8s
  Processed 3000 batches, elapsed: 224.8s
  Processed 4000 batches, elapsed: 298.4s
⚠️  WARNING: Model collapse in validation (2 consecutive batches, all class 0). Monitoring...
✅ Model recovered in validation: Predictions diverse again (unique: 2)
⚠️  WARNING: Model collapse in validation (2 consecutive batches, all class 0). Monitoring...
✅ Model recovered in validation: Predictions diverse again (unique: 2)
⚠️  WARNING: Model collapse in validation (2 consecutive batches, all class 1). Monitoring...
✅ Model recovered in validation: Predictions diverse again (unique: 2)
  → Epoch  23/50 | Train Loss: 0.2950 | Val Loss: 0.4268 | Train Acc: 0.8742 | Val Acc: 0.8201 | LR: 0.000100 | Time: 380.34s

🔄 Starting epoch 24/50
  ✅ First batch loaded! (took 2.3s)
  First batch label distribution: class 0: 96, class 1: 96
  Processed 1000 batches, elapsed: 76.7s
  Processed 2000 batches, elapsed: 151.5s
  Processed 3000 batches, elapsed: 224.5s
  Processed 4000 batches, elapsed: 298.1s
⚠️  WARNING: Model collapse in validation (2 consecutive batches, all class 0). Monitoring...
✅ Model recovered in validation: Predictions diverse again (unique: 2)
⚠️  WARNING: Model collapse in validation (2 consecutive batches, all class 0). Monitoring...
✅ Model recovered in validation: Predictions diverse again (unique: 2)
⚠️  WARNING: Model collapse in validation (2 consecutive batches, all class 1). Monitoring...
✅ Model recovered in validation: Predictions diverse again (unique: 2)
  → Epoch  24/50 | Train Loss: 0.2911 | Val Loss: 0.4204 | Train Acc: 0.8760 | Val Acc: 0.8251 | LR: 0.000100 | Time: 380.86s
Early stopping at epoch 24 (patience: 10)
Last model saved at epoch 24 in ./final_logs/checkpoints

Training completed in 9925.45s
Best validation loss: 0.3902 at epoch 14
✅ Training completed
   Training metrics saved to: ./final_logs/gender_baseline_2s/gender_baseline_2s_training_metrics.json
Evaluating gender_cnn on gender classification...
? Loaded checkpoint from ./final_logs/checkpoints/gender_baseline_2s_best.pth
✅ Evaluation completed
   Accuracy: 0.8021
   F1-Score: 0.8062
   Evaluation time: 177.43s
   Evaluation results saved to: ./final_logs/gender_baseline_2s

Evaluating separately by task type...

============================================================
Evaluating on active tasks...
============================================================

ACTIVE Task Results:
  Accuracy: 0.8390
  F1-Score (weighted): 0.8419
  ROC-AUC: 0.9328
  Number of samples: 35284

============================================================
Evaluating on passive tasks...
============================================================
/home/mojtabam/miniconda3/envs/eeg_env/lib/python3.10/site-packages/torch/optim/lr_scheduler.py:62: UserWarning: The verbose parameter is deprecated. Please use get_last_lr() to access the learning rate.
  warnings.warn(

PASSIVE Task Results:
  Accuracy: 0.7961
  F1-Score (weighted): 0.8004
  ROC-AUC: 0.9036
  Number of samples: 204188

============================================================
Task Type Comparison:
============================================================
  ACTIVE: Accuracy = 0.8390, F1 = 0.8419
  PASSIVE: Accuracy = 0.7961, F1 = 0.8004
   Evaluation results saved to: ./final_logs/gender_baseline_2s_task_active
   Evaluation results saved to: ./final_logs/gender_baseline_2s_task_passive
  ACTIVE tasks: Accuracy = 0.8390, F1-Score = 0.8419
  PASSIVE tasks: Accuracy = 0.7961, F1-Score = 0.8004

✅ Experiment 'gender_baseline_2s' completed successfully!
   Total time: 10482.52s
   Training time: 9925.46s
   Evaluation time: 557.07s
   Accuracy: 0.8021
   Result saved to: ./final_logs/gender_baseline_2s/gender_baseline_2s_result.json
✅ Experiment completed: gender_baseline_2s

Progress: 2/3
Experiment: age_classification_2s
Setting up experiment: age_classification_2s
Creating standard loaders for age classification (train on both task types)
Using stratified train batches for age classification (balanced classes per batch).
============================================================
GPU Configuration
============================================================
CUDA Available: True
Available GPUs: 4
Requested GPUs: 4
Using GPUs: 4
Device: cuda
GPU Device IDs: [0, 1, 2, 3]
  GPU 0: NVIDIA L40S
  GPU 1: NVIDIA L40S
  GPU 2: NVIDIA L40S
  GPU 3: NVIDIA L40S
============================================================
Compiling model with torch.compile() for faster execution...
✅ Model compiled successfully
✅ Using CrossEntropyLoss with class_weight=[0.9663624255243037, 0.8122259684152144, 1.3623846753650544] (fix imbalanced / collapse)
✅ Using fused Adam optimizer
✅ Mixed precision training (AMP) enabled
✅ Gradient clipping enabled: max_norm=0.2
✅ Learning rate scheduler: factor=0.5, patience=10
✅ Learning rate warmup enabled: 10 epochs
✅ Experiment setup complete

================================================================================
STARTING EXPERIMENT: age_classification_2s
Model: age_cnn | Target: age
Channels: 60
================================================================================
Training age_cnn for age classification...
Starting training for age_classification_2s
Model: EEGAgeCNN
Target: age
Epochs: 50
Learning rate: 5e-05
------------------------------------------------------------
   No existing checkpoint found. Starting fresh training.
⏳ Loading first batch (batch_size=stratified (see data loader), num_workers=8)...

🔄 Starting epoch 1/50
   🔥 Warmup: LR = 0.000005 (target: 0.000050)
  ✅ First batch loaded! (took 123.4s)
  First batch label distribution: class 0: 64, class 1: 64, class 2: 64
✅ Model recovered: Predictions diverse again (unique: 2)
✅ Model recovered: Predictions diverse again (unique: 2)
✅ Model recovered: Predictions diverse again (unique: 2)
✅ Model recovered: Predictions diverse again (unique: 2)
✅ Model recovered: Predictions diverse again (unique: 2)
✅ Model recovered: Predictions diverse again (unique: 2)
✅ Model recovered: Predictions diverse again (unique: 2)
✅ Model recovered: Predictions diverse again (unique: 2)
✅ Model recovered: Predictions diverse again (unique: 2)
✅ Model recovered: Predictions diverse again (unique: 2)
✅ Model recovered: Predictions diverse again (unique: 2)
✅ Model recovered: Predictions diverse again (unique: 2)
✅ Model recovered: Predictions diverse again (unique: 2)
✅ Model recovered: Predictions diverse again (unique: 2)
✅ Model recovered: Predictions diverse again (unique: 2)
✅ Model recovered: Predictions diverse again (unique: 2)
✅ Model recovered: Predictions diverse again (unique: 2)
✅ Model recovered: Predictions diverse again (unique: 2)
✅ Model recovered: Predictions diverse again (unique: 2)
✅ Model recovered: Predictions diverse again (unique: 2)
✅ Model recovered: Predictions diverse again (unique: 2)
✅ Model recovered: Predictions diverse again (unique: 2)
✅ Model recovered: Predictions diverse again (unique: 2)
✅ Model recovered: Predictions diverse again (unique: 2)
✅ Model recovered: Predictions diverse again (unique: 2)
✅ Model recovered: Predictions diverse again (unique: 2)
✅ Model recovered: Predictions diverse again (unique: 2)
✅ Model recovered: Predictions diverse again (unique: 2)
✅ Model recovered: Predictions diverse again (unique: 2)
✅ Model recovered: Predictions diverse again (unique: 2)
✅ Model recovered: Predictions diverse again (unique: 2)
✅ Model recovered: Predictions diverse again (unique: 2)
✅ Model recovered: Predictions diverse again (unique: 2)
✅ Model recovered: Predictions diverse again (unique: 2)
✅ Model recovered: Predictions diverse again (unique: 2)
✅ Model recovered: Predictions diverse again (unique: 2)
✅ Model recovered: Predictions diverse again (unique: 2)
✅ Model recovered: Predictions diverse again (unique: 2)
✅ Model recovered: Predictions diverse again (unique: 2)
✅ Model recovered: Predictions diverse again (unique: 2)
✅ Model recovered: Predictions diverse again (unique: 2)
✅ Model recovered: Predictions diverse again (unique: 2)
✅ Model recovered: Predictions diverse again (unique: 2)
✅ Model recovered: Predictions diverse again (unique: 2)
✅ Model recovered: Predictions diverse again (unique: 2)
✅ Model recovered: Predictions diverse again (unique: 2)
✅ Model recovered: Predictions diverse again (unique: 2)
✅ Model recovered: Predictions diverse again (unique: 2)
✅ Model recovered: Predictions diverse again (unique: 2)
✅ Model recovered: Predictions diverse again (unique: 2)
✅ Model recovered: Predictions diverse again (unique: 2)
✅ Model recovered: Predictions diverse again (unique: 2)
✅ Model recovered: Predictions diverse again (unique: 2)
✅ Model recovered: Predictions diverse again (unique: 2)
✅ Model recovered: Predictions diverse again (unique: 2)
✅ Model recovered: Predictions diverse again (unique: 2)
  Processed 1000 batches, elapsed: 121.1s
✅ Model recovered: Predictions diverse again (unique: 2)
✅ Model recovered: Predictions diverse again (unique: 2)
✅ Model recovered: Predictions diverse again (unique: 2)
✅ Model recovered: Predictions diverse again (unique: 2)
✅ Model recovered: Predictions diverse again (unique: 2)
✅ Model recovered: Predictions diverse again (unique: 2)
✅ Model recovered: Predictions diverse again (unique: 2)
✅ Model recovered: Predictions diverse again (unique: 2)
✅ Model recovered: Predictions diverse again (unique: 2)
✅ Model recovered: Predictions diverse again (unique: 2)
✅ Model recovered: Predictions diverse again (unique: 2)
✅ Model recovered: Predictions diverse again (unique: 2)
✅ Model recovered: Predictions diverse again (unique: 2)
✅ Model recovered: Predictions diverse again (unique: 2)
✅ Model recovered: Predictions diverse again (unique: 2)
✅ Model recovered: Predictions diverse again (unique: 2)
✅ Model recovered: Predictions diverse again (unique: 2)
✅ Model recovered: Predictions diverse again (unique: 2)
✅ Model recovered: Predictions diverse again (unique: 2)
✅ Model recovered: Predictions diverse again (unique: 2)
✅ Model recovered: Predictions diverse again (unique: 2)
✅ Model recovered: Predictions diverse again (unique: 2)
✅ Model recovered: Predictions diverse again (unique: 2)
⚠️  Model collapse in 50 consecutive batches (all class 2). Balanced training (stratified/oversample): continuing (no abort).
✅ Model recovered: Predictions diverse again (unique: 2)
✅ Model recovered: Predictions diverse again (unique: 2)
✅ Model recovered: Predictions diverse again (unique: 2)
✅ Model recovered: Predictions diverse again (unique: 2)
✅ Model recovered: Predictions diverse again (unique: 2)
✅ Model recovered: Predictions diverse again (unique: 2)
✅ Model recovered: Predictions diverse again (unique: 2)
✅ Model recovered: Predictions diverse again (unique: 2)
✅ Model recovered: Predictions diverse again (unique: 2)
✅ Model recovered: Predictions diverse again (unique: 2)
⚠️  Model collapse in 50 consecutive batches (all class 2). Balanced training (stratified/oversample): continuing (no abort).
✅ Model recovered: Predictions diverse again (unique: 2)
✅ Model recovered: Predictions diverse again (unique: 2)
✅ Model recovered: Predictions diverse again (unique: 2)
✅ Model recovered: Predictions diverse again (unique: 2)
✅ Model recovered: Predictions diverse again (unique: 2)
⚠️  Model collapse in 50 consecutive batches (all class 2). Balanced training (stratified/oversample): continuing (no abort).
✅ Model recovered: Predictions diverse again (unique: 2)
✅ Model recovered: Predictions diverse again (unique: 2)
✅ Model recovered: Predictions diverse again (unique: 2)
✅ Model recovered: Predictions diverse again (unique: 2)
✅ Model recovered: Predictions diverse again (unique: 2)
⚠️  Model collapse in 50 consecutive batches (all class 2). Balanced training (stratified/oversample): continuing (no abort).
⚠️  Model collapse in 50 consecutive batches (all class 2). Balanced training (stratified/oversample): continuing (no abort).
✅ Model recovered: Predictions diverse again (unique: 2)
✅ Model recovered: Predictions diverse again (unique: 2)
✅ Model recovered: Predictions diverse again (unique: 2)
✅ Model recovered: Predictions diverse again (unique: 2)
✅ Model recovered: Predictions diverse again (unique: 2)
✅ Model recovered: Predictions diverse again (unique: 2)
  Processed 2000 batches, elapsed: 212.9s
⚠️  Model collapse in 50 consecutive batches (all class 2). Balanced training (stratified/oversample): continuing (no abort).
✅ Model recovered: Predictions diverse again (unique: 2)
✅ Model recovered: Predictions diverse again (unique: 2)
✅ Model recovered: Predictions diverse again (unique: 2)
⚠️  Model collapse in 50 consecutive batches (all class 2). Balanced training (stratified/oversample): continuing (no abort).
✅ Model recovered: Predictions diverse again (unique: 2)
✅ Model recovered: Predictions diverse again (unique: 2)
✅ Model recovered: Predictions diverse again (unique: 2)
✅ Model recovered: Predictions diverse again (unique: 2)
✅ Model recovered: Predictions diverse again (unique: 2)
✅ Model recovered: Predictions diverse again (unique: 2)
⚠️  Model collapse in 50 consecutive batches (all class 2). Balanced training (stratified/oversample): continuing (no abort).
✅ Model recovered: Predictions diverse again (unique: 2)
✅ Model recovered: Predictions diverse again (unique: 2)
✅ Model recovered: Predictions diverse again (unique: 2)
⚠️  Model collapse in 50 consecutive batches (all class 2). Balanced training (stratified/oversample): continuing (no abort).
✅ Model recovered: Predictions diverse again (unique: 2)
✅ Model recovered: Predictions diverse again (unique: 2)
✅ Model recovered: Predictions diverse again (unique: 2)
⚠️  Model collapse in 50 consecutive batches (all class 2). Balanced training (stratified/oversample): continuing (no abort).
✅ Model recovered: Predictions diverse again (unique: 2)
✅ Model recovered: Predictions diverse again (unique: 2)
✅ Model recovered: Predictions diverse again (unique: 2)
✅ Model recovered: Predictions diverse again (unique: 2)
✅ Model recovered: Predictions diverse again (unique: 2)
✅ Model recovered: Predictions diverse again (unique: 2)
✅ Model recovered: Predictions diverse again (unique: 2)
✅ Model recovered: Predictions diverse again (unique: 2)
⚠️  Model collapse in 50 consecutive batches (all class 2). Balanced training (stratified/oversample): continuing (no abort).
✅ Model recovered: Predictions diverse again (unique: 2)
✅ Model recovered: Predictions diverse again (unique: 2)
✅ Model recovered: Predictions diverse again (unique: 2)
⚠️  Model collapse in 50 consecutive batches (all class 2). Balanced training (stratified/oversample): continuing (no abort).
⚠️  Model collapse in 50 consecutive batches (all class 2). Balanced training (stratified/oversample): continuing (no abort).
⚠️  Model collapse in 50 consecutive batches (all class 2). Balanced training (stratified/oversample): continuing (no abort).
✅ Model recovered: Predictions diverse again (unique: 2)
  Processed 3000 batches, elapsed: 299.0s
⚠️  Model collapse in 50 consecutive batches (all class 2). Balanced training (stratified/oversample): continuing (no abort).
⚠️  Model collapse in 50 consecutive batches (all class 2). Balanced training (stratified/oversample): continuing (no abort).
⚠️  Model collapse in 50 consecutive batches (all class 2). Balanced training (stratified/oversample): continuing (no abort).
✅ Model recovered: Predictions diverse again (unique: 2)
⚠️  Model collapse in 50 consecutive batches (all class 2). Balanced training (stratified/oversample): continuing (no abort).
⚠️  Model collapse in 50 consecutive batches (all class 2). Balanced training (stratified/oversample): continuing (no abort).
⚠️  Model collapse in 50 consecutive batches (all class 2). Balanced training (stratified/oversample): continuing (no abort).
⚠️  Model collapse in 50 consecutive batches (all class 2). Balanced training (stratified/oversample): continuing (no abort).
⚠️  Model collapse in 50 consecutive batches (all class 2). Balanced training (stratified/oversample): continuing (no abort).
✅ Model recovered: Predictions diverse again (unique: 2)
⚠️  Model collapse in 50 consecutive batches (all class 2). Balanced training (stratified/oversample): continuing (no abort).
✅ Model recovered: Predictions diverse again (unique: 2)
✅ Model recovered: Predictions diverse again (unique: 2)
⚠️  Model collapse in 50 consecutive batches (all class 2). Balanced training (stratified/oversample): continuing (no abort).
⚠️  Model collapse in 50 consecutive batches (all class 2). Balanced training (stratified/oversample): continuing (no abort).
⚠️  Model collapse in 50 consecutive batches (all class 2). Balanced training (stratified/oversample): continuing (no abort).
⚠️  Model collapse in 50 consecutive batches (all class 2). Balanced training (stratified/oversample): continuing (no abort).
⚠️  Model collapse in 50 consecutive batches (all class 2). Balanced training (stratified/oversample): continuing (no abort).
⚠️  Model collapse in 50 consecutive batches (all class 2). Balanced training (stratified/oversample): continuing (no abort).
✅ Model recovered: Predictions diverse again (unique: 2)
⚠️  Model collapse in 50 consecutive batches (all class 2). Balanced training (stratified/oversample): continuing (no abort).
⚠️  Model collapse in 50 consecutive batches (all class 2). Balanced training (stratified/oversample): continuing (no abort).
✅ Model recovered: Predictions diverse again (unique: 2)
✅ Model recovered: Predictions diverse again (unique: 2)
✅ Model recovered: Predictions diverse again (unique: 2)
✅ Model recovered: Predictions diverse again (unique: 2)
  Processed 4000 batches, elapsed: 384.1s
✅ Model recovered: Predictions diverse again (unique: 2)
⚠️  Model collapse in 50 consecutive batches (all class 2). Balanced training (stratified/oversample): continuing (no abort).
✅ Model recovered: Predictions diverse again (unique: 2)
⚠️  Model collapse in 50 consecutive batches (all class 2). Balanced training (stratified/oversample): continuing (no abort).
⚠️  Model collapse in 50 consecutive batches (all class 2). Balanced training (stratified/oversample): continuing (no abort).
⚠️  WARNING: Model collapse in validation (2 consecutive batches, all class 2). Monitoring...
⚠️  Model collapse in validation (50 consecutive batches, all class 2). Balanced training: continuing (no abort).
⚠️  WARNING: Model collapse in validation (2 consecutive batches, all class 2). Monitoring...
⚠️  Model collapse in validation (50 consecutive batches, all class 2). Balanced training: continuing (no abort).
⚠️  WARNING: Model collapse in validation (2 consecutive batches, all class 2). Monitoring...
⚠️  Model collapse in validation (50 consecutive batches, all class 2). Balanced training: continuing (no abort).
⚠️  WARNING: Model collapse in validation (2 consecutive batches, all class 2). Monitoring...
⚠️  Model collapse in validation (50 consecutive batches, all class 2). Balanced training: continuing (no abort).
⚠️  WARNING: Model collapse in validation (2 consecutive batches, all class 2). Monitoring...
⚠️  Model collapse in validation (50 consecutive batches, all class 2). Balanced training: continuing (no abort).
⚠️  WARNING: Model collapse in validation (2 consecutive batches, all class 2). Monitoring...
⚠️  Model collapse in validation (50 consecutive batches, all class 2). Balanced training: continuing (no abort).
⚠️  WARNING: Model collapse in validation (2 consecutive batches, all class 2). Monitoring...
⚠️  Model collapse in validation (50 consecutive batches, all class 2). Balanced training: continuing (no abort).
⚠️  WARNING: Model collapse in validation (2 consecutive batches, all class 2). Monitoring...
⚠️  Model collapse in validation (50 consecutive batches, all class 2). Balanced training: continuing (no abort).
⚠️  WARNING: Model collapse in validation (2 consecutive batches, all class 2). Monitoring...
⚠️  Model collapse in validation (50 consecutive batches, all class 2). Balanced training: continuing (no abort).
⚠️  WARNING: Model collapse in validation (2 consecutive batches, all class 2). Monitoring...
⚠️  Model collapse in validation (50 consecutive batches, all class 2). Balanced training: continuing (no abort).
⚠️  WARNING: Model collapse in validation (2 consecutive batches, all class 2). Monitoring...
⚠️  Model collapse in validation (50 consecutive batches, all class 2). Balanced training: continuing (no abort).
⚠️  WARNING: Model collapse in validation (2 consecutive batches, all class 2). Monitoring...
⚠️  Model collapse in validation (50 consecutive batches, all class 2). Balanced training: continuing (no abort).
⚠️  WARNING: Model collapse in validation (2 consecutive batches, all class 2). Monitoring...
⚠️  Model collapse in validation (50 consecutive batches, all class 2). Balanced training: continuing (no abort).
⚠️  WARNING: Model collapse in validation (2 consecutive batches, all class 2). Monitoring...
⚠️  Model collapse in validation (50 consecutive batches, all class 2). Balanced training: continuing (no abort).
⚠️  WARNING: Model collapse in validation (2 consecutive batches, all class 2). Monitoring...
⚠️  Model collapse in validation (50 consecutive batches, all class 2). Balanced training: continuing (no abort).
⚠️  WARNING: Model collapse in validation (2 consecutive batches, all class 2). Monitoring...
⚠️  Model collapse in validation (50 consecutive batches, all class 2). Balanced training: continuing (no abort).
⚠️  WARNING: Model collapse in validation (2 consecutive batches, all class 2). Monitoring...
⚠️  Model collapse in validation (50 consecutive batches, all class 2). Balanced training: continuing (no abort).
⚠️  WARNING: Model collapse in validation (2 consecutive batches, all class 2). Monitoring...
⚠️  Model collapse in validation (50 consecutive batches, all class 2). Balanced training: continuing (no abort).
⚠️  WARNING: Model collapse in validation (2 consecutive batches, all class 2). Monitoring...
⚠️  Model collapse in validation (50 consecutive batches, all class 2). Balanced training: continuing (no abort).
⚠️  WARNING: Model collapse in validation (2 consecutive batches, all class 2). Monitoring...
⚠️  Model collapse in validation (50 consecutive batches, all class 2). Balanced training: continuing (no abort).
⚠️  WARNING: Model collapse in validation (2 consecutive batches, all class 2). Monitoring...
⚠️  Model collapse in validation (50 consecutive batches, all class 2). Balanced training: continuing (no abort).
⚠️  WARNING: Model collapse in validation (2 consecutive batches, all class 2). Monitoring...
⚠️  Model collapse in validation (50 consecutive batches, all class 2). Balanced training: continuing (no abort).
⚠️  WARNING: Model collapse in validation (2 consecutive batches, all class 2). Monitoring...
⚠️  Model collapse in validation (50 consecutive batches, all class 2). Balanced training: continuing (no abort).
⚠️  WARNING: Model collapse in validation (2 consecutive batches, all class 2). Monitoring...
⚠️  Model collapse in validation (50 consecutive batches, all class 2). Balanced training: continuing (no abort).
⚠️  WARNING: Model collapse in validation (2 consecutive batches, all class 2). Monitoring...
  → Epoch   1/50 | Train Loss: 1.1305 | Val Loss: 1.1349 | Train Acc: 0.3334 | Val Acc: 0.2425 | LR: 0.000005 | Time: 698.06s
New best model saved at epoch 1 in ./final_logs/checkpoints

🔄 Starting epoch 2/50
  ✅ First batch loaded! (took 2.2s)
  First batch label distribution: class 0: 64, class 1: 64, class 2: 64
✅ Model recovered: Predictions diverse again (unique: 2)
⚠️  Model collapse in 50 consecutive batches (all class 2). Balanced training (stratified/oversample): continuing (no abort).
✅ Model recovered: Predictions diverse again (unique: 2)
✅ Model recovered: Predictions diverse again (unique: 2)
✅ Model recovered: Predictions diverse again (unique: 2)
✅ Model recovered: Predictions diverse again (unique: 2)
✅ Model recovered: Predictions diverse again (unique: 2)
✅ Model recovered: Predictions diverse again (unique: 2)
✅ Model recovered: Predictions diverse again (unique: 2)
✅ Model recovered: Predictions diverse again (unique: 2)
⚠️  Model collapse in 50 consecutive batches (all class 2). Balanced training (stratified/oversample): continuing (no abort).
✅ Model recovered: Predictions diverse again (unique: 2)
✅ Model recovered: Predictions diverse again (unique: 2)
⚠️  Model collapse in 50 consecutive batches (all class 2). Balanced training (stratified/oversample): continuing (no abort).
✅ Model recovered: Predictions diverse again (unique: 2)
✅ Model recovered: Predictions diverse again (unique: 2)
✅ Model recovered: Predictions diverse again (unique: 2)
✅ Model recovered: Predictions diverse again (unique: 2)
✅ Model recovered: Predictions diverse again (unique: 2)
✅ Model recovered: Predictions diverse again (unique: 2)
✅ Model recovered: Predictions diverse again (unique: 2)
✅ Model recovered: Predictions diverse again (unique: 2)
✅ Model recovered: Predictions diverse again (unique: 2)
✅ Model recovered: Predictions diverse again (unique: 2)
✅ Model recovered: Predictions diverse again (unique: 2)
✅ Model recovered: Predictions diverse again (unique: 2)
✅ Model recovered: Predictions diverse again (unique: 2)
✅ Model recovered: Predictions diverse again (unique: 2)
✅ Model recovered: Predictions diverse again (unique: 2)
✅ Model recovered: Predictions diverse again (unique: 3)
✅ Model recovered: Predictions diverse again (unique: 2)
✅ Model recovered: Predictions diverse again (unique: 2)
✅ Model recovered: Predictions diverse again (unique: 2)
✅ Model recovered: Predictions diverse again (unique: 2)
✅ Model recovered: Predictions diverse again (unique: 2)
✅ Model recovered: Predictions diverse again (unique: 2)
✅ Model recovered: Predictions diverse again (unique: 2)
✅ Model recovered: Predictions diverse again (unique: 2)
✅ Model recovered: Predictions diverse again (unique: 2)
✅ Model recovered: Predictions diverse again (unique: 2)
✅ Model recovered: Predictions diverse again (unique: 2)
✅ Model recovered: Predictions diverse again (unique: 2)
✅ Model recovered: Predictions diverse again (unique: 2)
✅ Model recovered: Predictions diverse again (unique: 2)
✅ Model recovered: Predictions diverse again (unique: 2)
✅ Model recovered: Predictions diverse again (unique: 2)
✅ Model recovered: Predictions diverse again (unique: 2)
✅ Model recovered: Predictions diverse again (unique: 2)
✅ Model recovered: Predictions diverse again (unique: 2)
✅ Model recovered: Predictions diverse again (unique: 2)
✅ Model recovered: Predictions diverse again (unique: 2)
✅ Model recovered: Predictions diverse again (unique: 2)
✅ Model recovered: Predictions diverse again (unique: 2)
✅ Model recovered: Predictions diverse again (unique: 2)
✅ Model recovered: Predictions diverse again (unique: 2)
✅ Model recovered: Predictions diverse again (unique: 2)
✅ Model recovered: Predictions diverse again (unique: 2)
✅ Model recovered: Predictions diverse again (unique: 2)
✅ Model recovered: Predictions diverse again (unique: 2)
✅ Model recovered: Predictions diverse again (unique: 2)
✅ Model recovered: Predictions diverse again (unique: 2)
✅ Model recovered: Predictions diverse again (unique: 2)
✅ Model recovered: Predictions diverse again (unique: 2)
✅ Model recovered: Predictions diverse again (unique: 2)
✅ Model recovered: Predictions diverse again (unique: 2)
✅ Model recovered: Predictions diverse again (unique: 2)
✅ Model recovered: Predictions diverse again (unique: 2)
✅ Model recovered: Predictions diverse again (unique: 2)
✅ Model recovered: Predictions diverse again (unique: 2)
✅ Model recovered: Predictions diverse again (unique: 2)
✅ Model recovered: Predictions diverse again (unique: 2)
✅ Model recovered: Predictions diverse again (unique: 2)
✅ Model recovered: Predictions diverse again (unique: 2)
✅ Model recovered: Predictions diverse again (unique: 2)
✅ Model recovered: Predictions diverse again (unique: 2)
✅ Model recovered: Predictions diverse again (unique: 2)
✅ Model recovered: Predictions diverse again (unique: 2)
✅ Model recovered: Predictions diverse again (unique: 2)
✅ Model recovered: Predictions diverse again (unique: 2)
✅ Model recovered: Predictions diverse again (unique: 2)
✅ Model recovered: Predictions diverse again (unique: 2)
✅ Model recovered: Predictions diverse again (unique: 2)
✅ Model recovered: Predictions diverse again (unique: 2)
✅ Model recovered: Predictions diverse again (unique: 2)
✅ Model recovered: Predictions diverse again (unique: 2)
  Processed 1000 batches, elapsed: 86.0s
✅ Model recovered: Predictions diverse again (unique: 2)
✅ Model recovered: Predictions diverse again (unique: 2)
✅ Model recovered: Predictions diverse again (unique: 2)
✅ Model recovered: Predictions diverse again (unique: 2)
✅ Model recovered: Predictions diverse again (unique: 2)
✅ Model recovered: Predictions diverse again (unique: 2)
✅ Model recovered: Predictions diverse again (unique: 2)
✅ Model recovered: Predictions diverse again (unique: 2)
✅ Model recovered: Predictions diverse again (unique: 2)
✅ Model recovered: Predictions diverse again (unique: 2)
✅ Model recovered: Predictions diverse again (unique: 2)
✅ Model recovered: Predictions diverse again (unique: 2)
✅ Model recovered: Predictions diverse again (unique: 2)
✅ Model recovered: Predictions diverse again (unique: 2)
✅ Model recovered: Predictions diverse again (unique: 2)
✅ Model recovered: Predictions diverse again (unique: 2)
✅ Model recovered: Predictions diverse again (unique: 2)
✅ Model recovered: Predictions diverse again (unique: 2)
✅ Model recovered: Predictions diverse again (unique: 2)
✅ Model recovered: Predictions diverse again (unique: 2)
✅ Model recovered: Predictions diverse again (unique: 2)
✅ Model recovered: Predictions diverse again (unique: 2)
✅ Model recovered: Predictions diverse again (unique: 2)
✅ Model recovered: Predictions diverse again (unique: 2)
✅ Model recovered: Predictions diverse again (unique: 2)
✅ Model recovered: Predictions diverse again (unique: 2)
✅ Model recovered: Predictions diverse again (unique: 2)
✅ Model recovered: Predictions diverse again (unique: 2)
✅ Model recovered: Predictions diverse again (unique: 2)
✅ Model recovered: Predictions diverse again (unique: 2)
✅ Model recovered: Predictions diverse again (unique: 2)
✅ Model recovered: Predictions diverse again (unique: 2)
✅ Model recovered: Predictions diverse again (unique: 2)
✅ Model recovered: Predictions diverse again (unique: 2)
  Processed 2000 batches, elapsed: 168.3s
  Processed 3000 batches, elapsed: 248.9s
  Processed 4000 batches, elapsed: 329.8s
  → Epoch   2/50 | Train Loss: 1.1208 | Val Loss: 1.1270 | Train Acc: 0.3442 | Val Acc: 0.2840 | LR: 0.000010 | Time: 428.38s
New best model saved at epoch 2 in ./final_logs/checkpoints

🔄 Starting epoch 3/50
   🔥 Warmup: LR = 0.000015 (target: 0.000050)
  ✅ First batch loaded! (took 2.2s)
  First batch label distribution: class 0: 64, class 1: 64, class 2: 64
  Processed 1000 batches, elapsed: 81.2s
  Processed 2000 batches, elapsed: 159.5s
  Processed 3000 batches, elapsed: 237.2s
  Processed 4000 batches, elapsed: 316.0s
  → Epoch   3/50 | Train Loss: 1.1085 | Val Loss: 1.1125 | Train Acc: 0.3764 | Val Acc: 0.3240 | LR: 0.000015 | Time: 415.50s
New best model saved at epoch 3 in ./final_logs/checkpoints

🔄 Starting epoch 4/50
  ✅ First batch loaded! (took 2.3s)
  First batch label distribution: class 0: 64, class 1: 64, class 2: 64
  Processed 1000 batches, elapsed: 81.2s
  Processed 2000 batches, elapsed: 160.0s
  Processed 3000 batches, elapsed: 238.0s
  Processed 4000 batches, elapsed: 315.8s
  → Epoch   4/50 | Train Loss: 1.0853 | Val Loss: 1.0808 | Train Acc: 0.4083 | Val Acc: 0.3766 | LR: 0.000020 | Time: 415.28s
New best model saved at epoch 4 in ./final_logs/checkpoints

🔄 Starting epoch 5/50
  ✅ First batch loaded! (took 2.3s)
  First batch label distribution: class 0: 64, class 1: 64, class 2: 64
  Processed 1000 batches, elapsed: 81.7s
  Processed 2000 batches, elapsed: 161.0s
  Processed 3000 batches, elapsed: 239.9s
  Processed 4000 batches, elapsed: 318.7s
  → Epoch   5/50 | Train Loss: 1.0556 | Val Loss: 1.0557 | Train Acc: 0.4373 | Val Acc: 0.4086 | LR: 0.000025 | Time: 416.78s
New best model saved at epoch 5 in ./final_logs/checkpoints

🔄 Starting epoch 6/50
   🔥 Warmup: LR = 0.000030 (target: 0.000050)
  ✅ First batch loaded! (took 2.3s)
  First batch label distribution: class 0: 64, class 1: 64, class 2: 64
  Processed 1000 batches, elapsed: 80.1s
  Processed 2000 batches, elapsed: 157.5s
  Processed 3000 batches, elapsed: 234.7s
  Processed 4000 batches, elapsed: 312.5s
  → Epoch   6/50 | Train Loss: 1.0359 | Val Loss: 1.0373 | Train Acc: 0.4535 | Val Acc: 0.4235 | LR: 0.000030 | Time: 410.93s
New best model saved at epoch 6 in ./final_logs/checkpoints

🔄 Starting epoch 7/50
  ✅ First batch loaded! (took 3.8s)
  First batch label distribution: class 0: 64, class 1: 64, class 2: 64
  Processed 1000 batches, elapsed: 81.1s
  Processed 2000 batches, elapsed: 160.3s
  Processed 3000 batches, elapsed: 239.0s
  Processed 4000 batches, elapsed: 316.7s
  → Epoch   7/50 | Train Loss: 1.0229 | Val Loss: 1.0393 | Train Acc: 0.4641 | Val Acc: 0.4178 | LR: 0.000035 | Time: 415.91s

🔄 Starting epoch 8/50
  ✅ First batch loaded! (took 2.2s)
  First batch label distribution: class 0: 64, class 1: 64, class 2: 64
  Processed 1000 batches, elapsed: 80.1s
  Processed 2000 batches, elapsed: 156.8s
  Processed 3000 batches, elapsed: 233.3s
  Processed 4000 batches, elapsed: 310.3s
  → Epoch   8/50 | Train Loss: 1.0131 | Val Loss: 1.0322 | Train Acc: 0.4713 | Val Acc: 0.4223 | LR: 0.000040 | Time: 408.21s
New best model saved at epoch 8 in ./final_logs/checkpoints

🔄 Starting epoch 9/50
   🔥 Warmup: LR = 0.000045 (target: 0.000050)
  ✅ First batch loaded! (took 2.3s)
  First batch label distribution: class 0: 64, class 1: 64, class 2: 64
  Processed 1000 batches, elapsed: 81.4s
  Processed 2000 batches, elapsed: 160.0s
  Processed 3000 batches, elapsed: 239.4s
  Processed 4000 batches, elapsed: 319.2s
  → Epoch   9/50 | Train Loss: 1.0053 | Val Loss: 1.0142 | Train Acc: 0.4767 | Val Acc: 0.4365 | LR: 0.000045 | Time: 418.90s
New best model saved at epoch 9 in ./final_logs/checkpoints

🔄 Starting epoch 10/50
  ✅ First batch loaded! (took 2.3s)
  First batch label distribution: class 0: 64, class 1: 64, class 2: 64
  Processed 1000 batches, elapsed: 83.9s
  Processed 2000 batches, elapsed: 163.3s
  Processed 3000 batches, elapsed: 242.4s
  Processed 4000 batches, elapsed: 320.1s
  → Epoch  10/50 | Train Loss: 0.9970 | Val Loss: 1.0105 | Train Acc: 0.4826 | Val Acc: 0.4354 | LR: 0.000050 | Time: 420.25s
New best model saved at epoch 10 in ./final_logs/checkpoints

🔄 Starting epoch 11/50
  ✅ First batch loaded! (took 2.3s)
  First batch label distribution: class 0: 64, class 1: 64, class 2: 64
  Processed 1000 batches, elapsed: 81.6s
  Processed 2000 batches, elapsed: 161.1s
  Processed 3000 batches, elapsed: 239.8s
  Processed 4000 batches, elapsed: 319.8s
  → Epoch  11/50 | Train Loss: 0.9882 | Val Loss: 1.0111 | Train Acc: 0.4881 | Val Acc: 0.4342 | LR: 0.000050 | Time: 418.27s

🔄 Starting epoch 12/50
  ✅ First batch loaded! (took 2.3s)
  First batch label distribution: class 0: 64, class 1: 64, class 2: 64
  Processed 1000 batches, elapsed: 82.8s
  Processed 2000 batches, elapsed: 162.4s
  Processed 3000 batches, elapsed: 240.5s
  Processed 4000 batches, elapsed: 318.6s
  → Epoch  12/50 | Train Loss: 0.9792 | Val Loss: 0.9950 | Train Acc: 0.4935 | Val Acc: 0.4448 | LR: 0.000050 | Time: 417.81s
New best model saved at epoch 12 in ./final_logs/checkpoints

🔄 Starting epoch 13/50
  ✅ First batch loaded! (took 2.3s)
  First batch label distribution: class 0: 64, class 1: 64, class 2: 64
  Processed 1000 batches, elapsed: 82.0s
  Processed 2000 batches, elapsed: 162.0s
  Processed 3000 batches, elapsed: 241.3s
  Processed 4000 batches, elapsed: 320.8s
  → Epoch  13/50 | Train Loss: 0.9696 | Val Loss: 0.9874 | Train Acc: 0.4987 | Val Acc: 0.4478 | LR: 0.000050 | Time: 421.75s
New best model saved at epoch 13 in ./final_logs/checkpoints

🔄 Starting epoch 14/50
  ✅ First batch loaded! (took 2.4s)
  First batch label distribution: class 0: 64, class 1: 64, class 2: 64
  Processed 1000 batches, elapsed: 82.9s
  Processed 2000 batches, elapsed: 161.2s
  Processed 3000 batches, elapsed: 241.6s
  Processed 4000 batches, elapsed: 320.8s
  → Epoch  14/50 | Train Loss: 0.9570 | Val Loss: 0.9791 | Train Acc: 0.5053 | Val Acc: 0.4526 | LR: 0.000050 | Time: 420.55s
New best model saved at epoch 14 in ./final_logs/checkpoints

🔄 Starting epoch 15/50
  ✅ First batch loaded! (took 2.3s)
  First batch label distribution: class 0: 64, class 1: 64, class 2: 64
  Processed 1000 batches, elapsed: 81.8s
  Processed 2000 batches, elapsed: 162.0s
  Processed 3000 batches, elapsed: 241.8s
  Processed 4000 batches, elapsed: 320.9s
  → Epoch  15/50 | Train Loss: 0.9425 | Val Loss: 0.9702 | Train Acc: 0.5127 | Val Acc: 0.4586 | LR: 0.000050 | Time: 420.02s
New best model saved at epoch 15 in ./final_logs/checkpoints

🔄 Starting epoch 16/50
  ✅ First batch loaded! (took 2.3s)
  First batch label distribution: class 0: 64, class 1: 64, class 2: 64
  Processed 1000 batches, elapsed: 82.2s
  Processed 2000 batches, elapsed: 160.7s
  Processed 3000 batches, elapsed: 239.1s
  Processed 4000 batches, elapsed: 317.8s
  → Epoch  16/50 | Train Loss: 0.9268 | Val Loss: 0.9597 | Train Acc: 0.5214 | Val Acc: 0.4655 | LR: 0.000050 | Time: 417.41s
New best model saved at epoch 16 in ./final_logs/checkpoints

🔄 Starting epoch 17/50
  ✅ First batch loaded! (took 2.3s)
  First batch label distribution: class 0: 64, class 1: 64, class 2: 64
  Processed 1000 batches, elapsed: 81.6s
  Processed 2000 batches, elapsed: 162.1s
  Processed 3000 batches, elapsed: 243.1s
  Processed 4000 batches, elapsed: 322.3s
  → Epoch  17/50 | Train Loss: 0.9126 | Val Loss: 0.9512 | Train Acc: 0.5289 | Val Acc: 0.4719 | LR: 0.000050 | Time: 421.20s
New best model saved at epoch 17 in ./final_logs/checkpoints

🔄 Starting epoch 18/50
  ✅ First batch loaded! (took 2.3s)
  First batch label distribution: class 0: 64, class 1: 64, class 2: 64
  Processed 1000 batches, elapsed: 82.0s
  Processed 2000 batches, elapsed: 161.2s
  Processed 3000 batches, elapsed: 238.5s
  Processed 4000 batches, elapsed: 317.8s
  → Epoch  18/50 | Train Loss: 0.8994 | Val Loss: 0.9503 | Train Acc: 0.5358 | Val Acc: 0.4777 | LR: 0.000050 | Time: 418.03s
New best model saved at epoch 18 in ./final_logs/checkpoints

🔄 Starting epoch 19/50
  ✅ First batch loaded! (took 2.3s)
  First batch label distribution: class 0: 64, class 1: 64, class 2: 64
  Processed 1000 batches, elapsed: 81.7s
  Processed 2000 batches, elapsed: 161.6s
  Processed 3000 batches, elapsed: 241.4s
  Processed 4000 batches, elapsed: 321.5s
  → Epoch  19/50 | Train Loss: 0.8875 | Val Loss: 0.9455 | Train Acc: 0.5427 | Val Acc: 0.4824 | LR: 0.000050 | Time: 420.50s
New best model saved at epoch 19 in ./final_logs/checkpoints

🔄 Starting epoch 20/50
  ✅ First batch loaded! (took 2.4s)
  First batch label distribution: class 0: 64, class 1: 64, class 2: 64
  Processed 1000 batches, elapsed: 82.3s
  Processed 2000 batches, elapsed: 161.2s
  Processed 3000 batches, elapsed: 239.3s
  Processed 4000 batches, elapsed: 317.0s
  → Epoch  20/50 | Train Loss: 0.8763 | Val Loss: 0.9540 | Train Acc: 0.5490 | Val Acc: 0.4821 | LR: 0.000050 | Time: 416.54s

🔄 Starting epoch 21/50
  ✅ First batch loaded! (took 2.2s)
  First batch label distribution: class 0: 64, class 1: 64, class 2: 64
  Processed 1000 batches, elapsed: 81.6s
  Processed 2000 batches, elapsed: 160.6s
  Processed 3000 batches, elapsed: 241.5s
  Processed 4000 batches, elapsed: 322.1s
  → Epoch  21/50 | Train Loss: 0.8661 | Val Loss: 0.9397 | Train Acc: 0.5545 | Val Acc: 0.4894 | LR: 0.000050 | Time: 421.67s
New best model saved at epoch 21 in ./final_logs/checkpoints

🔄 Starting epoch 22/50
  ✅ First batch loaded! (took 2.2s)
  First batch label distribution: class 0: 64, class 1: 64, class 2: 64
  Processed 1000 batches, elapsed: 81.8s
  Processed 2000 batches, elapsed: 160.7s
  Processed 3000 batches, elapsed: 240.9s
  Processed 4000 batches, elapsed: 320.0s
  → Epoch  22/50 | Train Loss: 0.8568 | Val Loss: 0.9400 | Train Acc: 0.5598 | Val Acc: 0.4951 | LR: 0.000050 | Time: 418.70s

🔄 Starting epoch 23/50
  ✅ First batch loaded! (took 2.3s)
  First batch label distribution: class 0: 64, class 1: 64, class 2: 64
  Processed 1000 batches, elapsed: 83.1s
  Processed 2000 batches, elapsed: 161.8s
  Processed 3000 batches, elapsed: 242.7s
  Processed 4000 batches, elapsed: 322.7s
  → Epoch  23/50 | Train Loss: 0.8478 | Val Loss: 0.9352 | Train Acc: 0.5649 | Val Acc: 0.4925 | LR: 0.000050 | Time: 421.79s
New best model saved at epoch 23 in ./final_logs/checkpoints

🔄 Starting epoch 24/50
  ✅ First batch loaded! (took 2.3s)
  First batch label distribution: class 0: 64, class 1: 64, class 2: 64
  Processed 1000 batches, elapsed: 81.6s
  Processed 2000 batches, elapsed: 160.6s
  Processed 3000 batches, elapsed: 238.7s
  Processed 4000 batches, elapsed: 316.8s
  → Epoch  24/50 | Train Loss: 0.8404 | Val Loss: 0.9248 | Train Acc: 0.5688 | Val Acc: 0.5013 | LR: 0.000050 | Time: 414.91s
New best model saved at epoch 24 in ./final_logs/checkpoints

🔄 Starting epoch 25/50
  ✅ First batch loaded! (took 2.3s)
  First batch label distribution: class 0: 64, class 1: 64, class 2: 64
  Processed 1000 batches, elapsed: 81.9s
  Processed 2000 batches, elapsed: 161.3s
  Processed 3000 batches, elapsed: 242.0s
  Processed 4000 batches, elapsed: 322.9s
  → Epoch  25/50 | Train Loss: 0.8333 | Val Loss: 0.9372 | Train Acc: 0.5733 | Val Acc: 0.4950 | LR: 0.000050 | Time: 421.79s

🔄 Starting epoch 26/50
  ✅ First batch loaded! (took 2.4s)
  First batch label distribution: class 0: 64, class 1: 64, class 2: 64
  Processed 1000 batches, elapsed: 82.8s
  Processed 2000 batches, elapsed: 161.3s
  Processed 3000 batches, elapsed: 240.1s
  Processed 4000 batches, elapsed: 318.2s
  → Epoch  26/50 | Train Loss: 0.8264 | Val Loss: 0.9386 | Train Acc: 0.5768 | Val Acc: 0.4967 | LR: 0.000050 | Time: 417.12s

🔄 Starting epoch 27/50
  ✅ First batch loaded! (took 2.3s)
  First batch label distribution: class 0: 64, class 1: 64, class 2: 64
  Processed 1000 batches, elapsed: 81.8s
  Processed 2000 batches, elapsed: 161.5s
  Processed 3000 batches, elapsed: 241.6s
  Processed 4000 batches, elapsed: 321.1s
  → Epoch  27/50 | Train Loss: 0.8202 | Val Loss: 0.9189 | Train Acc: 0.5804 | Val Acc: 0.5128 | LR: 0.000050 | Time: 420.01s
New best model saved at epoch 27 in ./final_logs/checkpoints

🔄 Starting epoch 28/50
  ✅ First batch loaded! (took 2.3s)
  First batch label distribution: class 0: 64, class 1: 64, class 2: 64
  Processed 1000 batches, elapsed: 81.9s
  Processed 2000 batches, elapsed: 161.1s
  Processed 3000 batches, elapsed: 239.1s
  Processed 4000 batches, elapsed: 318.5s
  → Epoch  28/50 | Train Loss: 0.8136 | Val Loss: 0.9095 | Train Acc: 0.5838 | Val Acc: 0.5109 | LR: 0.000050 | Time: 417.31s
New best model saved at epoch 28 in ./final_logs/checkpoints

🔄 Starting epoch 29/50
  ✅ First batch loaded! (took 2.4s)
  First batch label distribution: class 0: 64, class 1: 64, class 2: 64
  Processed 1000 batches, elapsed: 82.5s
  Processed 2000 batches, elapsed: 161.6s
  Processed 3000 batches, elapsed: 240.8s
  Processed 4000 batches, elapsed: 320.4s
  → Epoch  29/50 | Train Loss: 0.8077 | Val Loss: 0.9219 | Train Acc: 0.5872 | Val Acc: 0.5143 | LR: 0.000050 | Time: 419.64s

🔄 Starting epoch 30/50
  ✅ First batch loaded! (took 2.3s)
  First batch label distribution: class 0: 64, class 1: 64, class 2: 64
  Processed 1000 batches, elapsed: 83.0s
  Processed 2000 batches, elapsed: 162.5s
  Processed 3000 batches, elapsed: 240.9s
  Processed 4000 batches, elapsed: 319.5s
  → Epoch  30/50 | Train Loss: 0.8022 | Val Loss: 0.9167 | Train Acc: 0.5903 | Val Acc: 0.5165 | LR: 0.000050 | Time: 418.88s

🔄 Starting epoch 31/50
  ✅ First batch loaded! (took 2.4s)
  First batch label distribution: class 0: 64, class 1: 64, class 2: 64
  Processed 1000 batches, elapsed: 82.7s
  Processed 2000 batches, elapsed: 162.7s
  Processed 3000 batches, elapsed: 242.0s
  Processed 4000 batches, elapsed: 322.1s
  → Epoch  31/50 | Train Loss: 0.7967 | Val Loss: 0.9101 | Train Acc: 0.5928 | Val Acc: 0.5229 | LR: 0.000050 | Time: 422.27s

🔄 Starting epoch 32/50
  ✅ First batch loaded! (took 2.3s)
  First batch label distribution: class 0: 64, class 1: 64, class 2: 64
  Processed 1000 batches, elapsed: 82.4s
  Processed 2000 batches, elapsed: 162.4s
  Processed 3000 batches, elapsed: 241.7s
  Processed 4000 batches, elapsed: 319.1s
  → Epoch  32/50 | Train Loss: 0.7922 | Val Loss: 0.9141 | Train Acc: 0.5961 | Val Acc: 0.5245 | LR: 0.000050 | Time: 419.74s

🔄 Starting epoch 33/50
  ✅ First batch loaded! (took 2.3s)
  First batch label distribution: class 0: 64, class 1: 64, class 2: 64
  Processed 1000 batches, elapsed: 81.2s
  Processed 2000 batches, elapsed: 162.0s
  Processed 3000 batches, elapsed: 241.4s
  Processed 4000 batches, elapsed: 320.8s
  → Epoch  33/50 | Train Loss: 0.7872 | Val Loss: 0.9064 | Train Acc: 0.5980 | Val Acc: 0.5272 | LR: 0.000050 | Time: 420.77s
New best model saved at epoch 33 in ./final_logs/checkpoints

🔄 Starting epoch 34/50
  ✅ First batch loaded! (took 2.4s)
  First batch label distribution: class 0: 64, class 1: 64, class 2: 64
  Processed 1000 batches, elapsed: 81.4s
  Processed 2000 batches, elapsed: 159.7s
  Processed 3000 batches, elapsed: 236.9s
  Processed 4000 batches, elapsed: 316.5s
  → Epoch  34/50 | Train Loss: 0.7833 | Val Loss: 0.9045 | Train Acc: 0.6000 | Val Acc: 0.5276 | LR: 0.000050 | Time: 415.85s
New best model saved at epoch 34 in ./final_logs/checkpoints

🔄 Starting epoch 35/50
  ✅ First batch loaded! (took 2.4s)
  First batch label distribution: class 0: 64, class 1: 64, class 2: 64
  Processed 1000 batches, elapsed: 82.0s
  Processed 2000 batches, elapsed: 161.8s
  Processed 3000 batches, elapsed: 240.7s
  Processed 4000 batches, elapsed: 321.1s
  → Epoch  35/50 | Train Loss: 0.7786 | Val Loss: 0.9213 | Train Acc: 0.6027 | Val Acc: 0.5186 | LR: 0.000050 | Time: 420.12s

🔄 Starting epoch 36/50
  ✅ First batch loaded! (took 2.3s)
  First batch label distribution: class 0: 64, class 1: 64, class 2: 64
  Processed 1000 batches, elapsed: 83.1s
  Processed 2000 batches, elapsed: 163.1s
  Processed 3000 batches, elapsed: 241.3s
  Processed 4000 batches, elapsed: 320.5s
  → Epoch  36/50 | Train Loss: 0.7739 | Val Loss: 0.9154 | Train Acc: 0.6046 | Val Acc: 0.5249 | LR: 0.000050 | Time: 418.47s

🔄 Starting epoch 37/50
  ✅ First batch loaded! (took 2.2s)
  First batch label distribution: class 0: 64, class 1: 64, class 2: 64
  Processed 1000 batches, elapsed: 82.0s
  Processed 2000 batches, elapsed: 161.2s
  Processed 3000 batches, elapsed: 240.9s
  Processed 4000 batches, elapsed: 320.3s
  → Epoch  37/50 | Train Loss: 0.7699 | Val Loss: 0.9156 | Train Acc: 0.6070 | Val Acc: 0.5252 | LR: 0.000050 | Time: 419.68s

🔄 Starting epoch 38/50
  ✅ First batch loaded! (took 2.4s)
  First batch label distribution: class 0: 64, class 1: 64, class 2: 64
  Processed 1000 batches, elapsed: 81.7s
  Processed 2000 batches, elapsed: 160.7s
  Processed 3000 batches, elapsed: 238.7s
  Processed 4000 batches, elapsed: 317.0s
  → Epoch  38/50 | Train Loss: 0.7663 | Val Loss: 0.9151 | Train Acc: 0.6095 | Val Acc: 0.5259 | LR: 0.000050 | Time: 416.37s

🔄 Starting epoch 39/50
  ✅ First batch loaded! (took 2.3s)
  First batch label distribution: class 0: 64, class 1: 64, class 2: 64
  Processed 1000 batches, elapsed: 82.1s
  Processed 2000 batches, elapsed: 161.1s
  Processed 3000 batches, elapsed: 240.7s
  Processed 4000 batches, elapsed: 320.4s
  → Epoch  39/50 | Train Loss: 0.7614 | Val Loss: 0.9226 | Train Acc: 0.6118 | Val Acc: 0.5305 | LR: 0.000050 | Time: 420.09s

🔄 Starting epoch 40/50
  ✅ First batch loaded! (took 2.2s)
  First batch label distribution: class 0: 64, class 1: 64, class 2: 64
  Processed 1000 batches, elapsed: 82.6s
  Processed 2000 batches, elapsed: 163.1s
  Processed 3000 batches, elapsed: 240.9s
  Processed 4000 batches, elapsed: 320.0s
  → Epoch  40/50 | Train Loss: 0.7578 | Val Loss: 0.9179 | Train Acc: 0.6137 | Val Acc: 0.5350 | LR: 0.000050 | Time: 419.45s

🔄 Starting epoch 41/50
  ✅ First batch loaded! (took 2.3s)
  First batch label distribution: class 0: 64, class 1: 64, class 2: 64
  Processed 1000 batches, elapsed: 81.9s
  Processed 2000 batches, elapsed: 161.3s
  Processed 3000 batches, elapsed: 240.9s
  Processed 4000 batches, elapsed: 319.7s
  → Epoch  41/50 | Train Loss: 0.7540 | Val Loss: 0.9166 | Train Acc: 0.6163 | Val Acc: 0.5343 | LR: 0.000050 | Time: 417.68s

🔄 Starting epoch 42/50
  ✅ First batch loaded! (took 2.2s)
  First batch label distribution: class 0: 64, class 1: 64, class 2: 64
  Processed 1000 batches, elapsed: 81.3s
  Processed 2000 batches, elapsed: 161.2s
  Processed 3000 batches, elapsed: 240.1s
  Processed 4000 batches, elapsed: 318.3s
  → Epoch  42/50 | Train Loss: 0.7516 | Val Loss: 0.9174 | Train Acc: 0.6181 | Val Acc: 0.5361 | LR: 0.000050 | Time: 416.31s

🔄 Starting epoch 43/50
  ✅ First batch loaded! (took 2.3s)
  First batch label distribution: class 0: 64, class 1: 64, class 2: 64
  Processed 1000 batches, elapsed: 82.5s
  Processed 2000 batches, elapsed: 161.6s
  Processed 3000 batches, elapsed: 240.7s
  Processed 4000 batches, elapsed: 320.1s
  → Epoch  43/50 | Train Loss: 0.7471 | Val Loss: 0.9106 | Train Acc: 0.6203 | Val Acc: 0.5328 | LR: 0.000050 | Time: 418.92s

🔄 Starting epoch 44/50
  ✅ First batch loaded! (took 2.4s)
  First batch label distribution: class 0: 64, class 1: 64, class 2: 64
  Processed 1000 batches, elapsed: 82.6s
  Processed 2000 batches, elapsed: 162.5s
  Processed 3000 batches, elapsed: 242.2s
  Processed 4000 batches, elapsed: 320.6s
  → Epoch  44/50 | Train Loss: 0.7425 | Val Loss: 0.9230 | Train Acc: 0.6229 | Val Acc: 0.5316 | LR: 0.000050 | Time: 418.81s
Early stopping at epoch 44 (patience: 10)
Last model saved at epoch 44 in ./final_logs/checkpoints

Training completed in 18698.05s
Best validation loss: 0.9045 at epoch 34
✅ Training completed
   Training metrics saved to: ./final_logs/age_classification_2s/age_classification_2s_training_metrics.json
Evaluating age_cnn on age classification...
? Loaded checkpoint from ./final_logs/checkpoints/age_classification_2s_best.pth
✅ Evaluation completed
   Accuracy: 0.5348
   F1-Score: 0.4810
   Evaluation time: 171.21s
   Evaluation results saved to: ./final_logs/age_classification_2s

Evaluating separately by task type...

============================================================
Evaluating on active tasks...
============================================================

ACTIVE Task Results:
  Accuracy: 0.5334
  F1-Score (weighted): 0.4766
  ROC-AUC: 0.7425
  Number of samples: 35284

============================================================
Evaluating on passive tasks...
============================================================
/home/mojtabam/miniconda3/envs/eeg_env/lib/python3.10/site-packages/torch/optim/lr_scheduler.py:62: UserWarning: The verbose parameter is deprecated. Please use get_last_lr() to access the learning rate.
  warnings.warn(

PASSIVE Task Results:
  Accuracy: 0.5351
  F1-Score (weighted): 0.4823
  ROC-AUC: 0.7423
  Number of samples: 204188

============================================================
Task Type Comparison:
============================================================
  ACTIVE: Accuracy = 0.5334, F1 = 0.4766
  PASSIVE: Accuracy = 0.5351, F1 = 0.4823
   Evaluation results saved to: ./final_logs/age_classification_2s_task_active
   Evaluation results saved to: ./final_logs/age_classification_2s_task_passive
  ACTIVE tasks: Accuracy = 0.5334, F1-Score = 0.4766
  PASSIVE tasks: Accuracy = 0.5351, F1-Score = 0.4823

✅ Experiment 'age_classification_2s' completed successfully!
   Total time: 19258.18s
   Training time: 18698.06s
   Evaluation time: 560.12s
   Accuracy: 0.5348
   Result saved to: ./final_logs/age_classification_2s/age_classification_2s_result.json
✅ Experiment completed: age_classification_2s

Progress: 3/3
Experiment: age_regression_2s
Setting up experiment: age_regression_2s
📊 Using training data age range for regression normalization: min=5.04, max=21.90 years
   (Computed from 12 file(s), used for all splits to avoid data leakage)
Creating standard loaders for age regression (train on both task types)
============================================================
GPU Configuration
============================================================
CUDA Available: True
Available GPUs: 4
Requested GPUs: 4
Using GPUs: 4
Device: cuda
GPU Device IDs: [0, 1, 2, 3]
  GPU 0: NVIDIA L40S
  GPU 1: NVIDIA L40S
  GPU 2: NVIDIA L40S
  GPU 3: NVIDIA L40S
============================================================
Compiling model with torch.compile() for faster execution...
✅ Model compiled successfully
✅ Using fused Adam optimizer
✅ Mixed precision training (AMP) enabled
✅ Gradient clipping enabled: max_norm=0.2
✅ Learning rate scheduler: factor=0.5, patience=10
✅ Learning rate warmup enabled: 10 epochs
✅ Experiment setup complete

================================================================================
STARTING EXPERIMENT: age_regression_2s
Model: age_regression_cnn | Target: age
Channels: 60
================================================================================
Training age_regression_cnn for age regression...
Starting training for age_regression_2s
Model: EEGAgeRegressionCNN
Target: age
Epochs: 50
Learning rate: 0.0001
------------------------------------------------------------
   No existing checkpoint found. Starting fresh training.
⏳ Loading first batch (batch_size=192, num_workers=8)...

🔄 Starting epoch 1/50
   🔥 Warmup: LR = 0.000010 (target: 0.000100)
  ✅ First batch loaded! (took 386.2s)
  Processed 1000 batches, elapsed: 179.2s
  Processed 2000 batches, elapsed: 273.5s
  Processed 3000 batches, elapsed: 359.4s
  Processed 4000 batches, elapsed: 444.5s
  Processed 5000 batches, elapsed: 528.4s
  → Epoch   1/50 | Train Loss: 0.0414 | Val Loss: 0.0401 | Train MAE: 2.78y | Val MAE: 2.74y | LR: 0.000010 | Time: 1153.53s
New best model saved at epoch 1 in ./final_logs/checkpoints

🔄 Starting epoch 2/50
  ✅ First batch loaded! (took 5.6s)
  Processed 1000 batches, elapsed: 153.1s
  Processed 2000 batches, elapsed: 276.1s
  Processed 3000 batches, elapsed: 375.7s
  Processed 4000 batches, elapsed: 465.0s
  Processed 5000 batches, elapsed: 555.8s
  → Epoch   2/50 | Train Loss: 0.0393 | Val Loss: 0.0390 | Train MAE: 2.70y | Val MAE: 2.72y | LR: 0.000020 | Time: 710.47s
New best model saved at epoch 2 in ./final_logs/checkpoints

🔄 Starting epoch 3/50
   🔥 Warmup: LR = 0.000030 (target: 0.000100)
  ✅ First batch loaded! (took 5.7s)
  Processed 1000 batches, elapsed: 152.0s
  Processed 2000 batches, elapsed: 273.6s
  Processed 3000 batches, elapsed: 371.8s
  Processed 4000 batches, elapsed: 464.3s
  Processed 5000 batches, elapsed: 553.9s
  → Epoch   3/50 | Train Loss: 0.0363 | Val Loss: 0.0351 | Train MAE: 2.58y | Val MAE: 2.53y | LR: 0.000030 | Time: 710.07s
New best model saved at epoch 3 in ./final_logs/checkpoints

🔄 Starting epoch 4/50
  ✅ First batch loaded! (took 8.1s)
  Processed 1000 batches, elapsed: 153.0s
  Processed 2000 batches, elapsed: 274.6s
  Processed 3000 batches, elapsed: 372.6s
  Processed 4000 batches, elapsed: 464.2s
  Processed 5000 batches, elapsed: 553.4s
  → Epoch   4/50 | Train Loss: 0.0334 | Val Loss: 0.0334 | Train MAE: 2.46y | Val MAE: 2.45y | LR: 0.000040 | Time: 712.66s
New best model saved at epoch 4 in ./final_logs/checkpoints

🔄 Starting epoch 5/50
  ✅ First batch loaded! (took 7.2s)
  Processed 1000 batches, elapsed: 156.1s
  Processed 2000 batches, elapsed: 279.5s
  Processed 3000 batches, elapsed: 379.8s
  Processed 4000 batches, elapsed: 473.0s
  Processed 5000 batches, elapsed: 564.1s
  → Epoch   5/50 | Train Loss: 0.0321 | Val Loss: 0.0323 | Train MAE: 2.41y | Val MAE: 2.40y | LR: 0.000050 | Time: 723.90s
New best model saved at epoch 5 in ./final_logs/checkpoints

🔄 Starting epoch 6/50
   🔥 Warmup: LR = 0.000060 (target: 0.000100)
  ✅ First batch loaded! (took 7.1s)
  Processed 1000 batches, elapsed: 157.2s
  Processed 2000 batches, elapsed: 281.3s
  Processed 3000 batches, elapsed: 382.2s
  Processed 4000 batches, elapsed: 478.7s
  Processed 5000 batches, elapsed: 569.2s
  → Epoch   6/50 | Train Loss: 0.0310 | Val Loss: 0.0315 | Train MAE: 2.36y | Val MAE: 2.39y | LR: 0.000060 | Time: 727.75s
New best model saved at epoch 6 in ./final_logs/checkpoints

🔄 Starting epoch 7/50
  ✅ First batch loaded! (took 5.9s)
  Processed 1000 batches, elapsed: 157.5s
  Processed 2000 batches, elapsed: 281.3s
  Processed 3000 batches, elapsed: 381.4s
  Processed 4000 batches, elapsed: 475.7s
  Processed 5000 batches, elapsed: 566.5s
  → Epoch   7/50 | Train Loss: 0.0297 | Val Loss: 0.0314 | Train MAE: 2.31y | Val MAE: 2.41y | LR: 0.000070 | Time: 725.15s

🔄 Starting epoch 8/50
  ✅ First batch loaded! (took 6.1s)
  Processed 1000 batches, elapsed: 156.6s
  Processed 2000 batches, elapsed: 280.0s
  Processed 3000 batches, elapsed: 381.2s
  Processed 4000 batches, elapsed: 476.7s
  Processed 5000 batches, elapsed: 568.2s
  → Epoch   8/50 | Train Loss: 0.0283 | Val Loss: 0.0310 | Train MAE: 2.24y | Val MAE: 2.41y | LR: 0.000080 | Time: 725.57s
New best model saved at epoch 8 in ./final_logs/checkpoints

🔄 Starting epoch 9/50
   🔥 Warmup: LR = 0.000090 (target: 0.000100)
  ✅ First batch loaded! (took 6.9s)
  Processed 1000 batches, elapsed: 156.3s
  Processed 2000 batches, elapsed: 280.3s
  Processed 3000 batches, elapsed: 380.2s
  Processed 4000 batches, elapsed: 473.5s
  Processed 5000 batches, elapsed: 564.8s
  → Epoch   9/50 | Train Loss: 0.0269 | Val Loss: 0.0286 | Train MAE: 2.18y | Val MAE: 2.24y | LR: 0.000090 | Time: 724.54s
New best model saved at epoch 9 in ./final_logs/checkpoints

🔄 Starting epoch 10/50
  ✅ First batch loaded! (took 7.2s)
  Processed 1000 batches, elapsed: 157.8s
  Processed 2000 batches, elapsed: 281.4s
  Processed 3000 batches, elapsed: 383.2s
  Processed 4000 batches, elapsed: 478.9s
  Processed 5000 batches, elapsed: 569.7s
  → Epoch  10/50 | Train Loss: 0.0257 | Val Loss: 0.0276 | Train MAE: 2.13y | Val MAE: 2.19y | LR: 0.000100 | Time: 726.75s
New best model saved at epoch 10 in ./final_logs/checkpoints

🔄 Starting epoch 11/50
  ✅ First batch loaded! (took 5.9s)
  Processed 1000 batches, elapsed: 148.5s
  Processed 2000 batches, elapsed: 268.0s
  Processed 3000 batches, elapsed: 365.5s
  Processed 4000 batches, elapsed: 455.4s
  Processed 5000 batches, elapsed: 542.1s
  → Epoch  11/50 | Train Loss: 0.0245 | Val Loss: 0.0262 | Train MAE: 2.07y | Val MAE: 2.13y | LR: 0.000100 | Time: 695.63s
New best model saved at epoch 11 in ./final_logs/checkpoints

🔄 Starting epoch 12/50
  ✅ First batch loaded! (took 6.7s)
  Processed 1000 batches, elapsed: 147.5s
  Processed 2000 batches, elapsed: 266.7s
  Processed 3000 batches, elapsed: 366.8s
  Processed 4000 batches, elapsed: 456.4s
  Processed 5000 batches, elapsed: 544.8s
  → Epoch  12/50 | Train Loss: 0.0236 | Val Loss: 0.0262 | Train MAE: 2.03y | Val MAE: 2.13y | LR: 0.000100 | Time: 698.77s

🔄 Starting epoch 13/50
  ✅ First batch loaded! (took 5.7s)
  Processed 1000 batches, elapsed: 148.9s
  Processed 2000 batches, elapsed: 269.0s
  Processed 3000 batches, elapsed: 365.9s
  Processed 4000 batches, elapsed: 455.8s
  Processed 5000 batches, elapsed: 542.2s
  → Epoch  13/50 | Train Loss: 0.0229 | Val Loss: 0.0258 | Train MAE: 2.00y | Val MAE: 2.11y | LR: 0.000100 | Time: 693.29s
New best model saved at epoch 13 in ./final_logs/checkpoints

🔄 Starting epoch 14/50
  ✅ First batch loaded! (took 5.9s)
  Processed 1000 batches, elapsed: 146.4s
  Processed 2000 batches, elapsed: 263.0s
  Processed 3000 batches, elapsed: 357.7s
  Processed 4000 batches, elapsed: 446.6s
  Processed 5000 batches, elapsed: 531.7s
  → Epoch  14/50 | Train Loss: 0.0223 | Val Loss: 0.0253 | Train MAE: 1.97y | Val MAE: 2.08y | LR: 0.000100 | Time: 681.50s
New best model saved at epoch 14 in ./final_logs/checkpoints

🔄 Starting epoch 15/50
  ✅ First batch loaded! (took 6.4s)
  Processed 1000 batches, elapsed: 146.4s
  Processed 2000 batches, elapsed: 262.2s
  Processed 3000 batches, elapsed: 356.5s
  Processed 4000 batches, elapsed: 444.6s
  Processed 5000 batches, elapsed: 530.0s
  → Epoch  15/50 | Train Loss: 0.0217 | Val Loss: 0.0249 | Train MAE: 1.94y | Val MAE: 2.05y | LR: 0.000100 | Time: 681.19s
New best model saved at epoch 15 in ./final_logs/checkpoints

🔄 Starting epoch 16/50
  ✅ First batch loaded! (took 6.6s)
  Processed 1000 batches, elapsed: 146.2s
  Processed 2000 batches, elapsed: 262.4s
  Processed 3000 batches, elapsed: 357.8s
  Processed 4000 batches, elapsed: 447.4s
  Processed 5000 batches, elapsed: 532.8s
  → Epoch  16/50 | Train Loss: 0.0212 | Val Loss: 0.0249 | Train MAE: 1.91y | Val MAE: 2.06y | LR: 0.000100 | Time: 684.27s

🔄 Starting epoch 17/50
  ✅ First batch loaded! (took 6.7s)
  Processed 1000 batches, elapsed: 145.4s
  Processed 2000 batches, elapsed: 261.7s
  Processed 3000 batches, elapsed: 356.1s
  Processed 4000 batches, elapsed: 444.7s
  Processed 5000 batches, elapsed: 531.1s
  → Epoch  17/50 | Train Loss: 0.0207 | Val Loss: 0.0259 | Train MAE: 1.89y | Val MAE: 2.14y | LR: 0.000100 | Time: 682.84s

🔄 Starting epoch 18/50
  ✅ First batch loaded! (took 7.8s)
  Processed 1000 batches, elapsed: 145.0s
  Processed 2000 batches, elapsed: 263.6s
  Processed 3000 batches, elapsed: 359.7s
  Processed 4000 batches, elapsed: 449.3s
  Processed 5000 batches, elapsed: 534.9s
  → Epoch  18/50 | Train Loss: 0.0202 | Val Loss: 0.0242 | Train MAE: 1.87y | Val MAE: 2.01y | LR: 0.000100 | Time: 685.69s
New best model saved at epoch 18 in ./final_logs/checkpoints

🔄 Starting epoch 19/50
  ✅ First batch loaded! (took 5.7s)
  Processed 1000 batches, elapsed: 147.5s
  Processed 2000 batches, elapsed: 266.4s
  Processed 3000 batches, elapsed: 362.6s
  Processed 4000 batches, elapsed: 451.9s
  Processed 5000 batches, elapsed: 536.8s
  → Epoch  19/50 | Train Loss: 0.0199 | Val Loss: 0.0244 | Train MAE: 1.85y | Val MAE: 2.02y | LR: 0.000100 | Time: 688.75s

🔄 Starting epoch 20/50
  ✅ First batch loaded! (took 6.7s)
  Processed 1000 batches, elapsed: 145.6s
  Processed 2000 batches, elapsed: 262.6s
  Processed 3000 batches, elapsed: 357.8s
  Processed 4000 batches, elapsed: 445.4s
  Processed 5000 batches, elapsed: 530.0s
  → Epoch  20/50 | Train Loss: 0.0195 | Val Loss: 0.0242 | Train MAE: 1.83y | Val MAE: 2.03y | LR: 0.000100 | Time: 681.51s

🔄 Starting epoch 21/50
  ✅ First batch loaded! (took 8.2s)
  Processed 1000 batches, elapsed: 145.0s
  Processed 2000 batches, elapsed: 259.9s
  Processed 3000 batches, elapsed: 353.5s
  Processed 4000 batches, elapsed: 441.4s
  Processed 5000 batches, elapsed: 528.3s
  → Epoch  21/50 | Train Loss: 0.0191 | Val Loss: 0.0243 | Train MAE: 1.82y | Val MAE: 2.01y | LR: 0.000100 | Time: 680.95s

🔄 Starting epoch 22/50
  ✅ First batch loaded! (took 6.7s)
  Processed 1000 batches, elapsed: 144.1s
  Processed 2000 batches, elapsed: 260.2s
  Processed 3000 batches, elapsed: 353.7s
  Processed 4000 batches, elapsed: 441.9s
  Processed 5000 batches, elapsed: 526.6s
  → Epoch  22/50 | Train Loss: 0.0188 | Val Loss: 0.0246 | Train MAE: 1.80y | Val MAE: 2.04y | LR: 0.000100 | Time: 676.28s

🔄 Starting epoch 23/50
  ✅ First batch loaded! (took 6.6s)
  Processed 1000 batches, elapsed: 143.5s
  Processed 2000 batches, elapsed: 260.6s
  Processed 3000 batches, elapsed: 354.2s
  Processed 4000 batches, elapsed: 442.2s
  Processed 5000 batches, elapsed: 527.3s
  → Epoch  23/50 | Train Loss: 0.0184 | Val Loss: 0.0235 | Train MAE: 1.78y | Val MAE: 1.98y | LR: 0.000100 | Time: 678.01s
New best model saved at epoch 23 in ./final_logs/checkpoints

🔄 Starting epoch 24/50
  ✅ First batch loaded! (took 9.3s)
  Processed 1000 batches, elapsed: 145.7s
  Processed 2000 batches, elapsed: 260.7s
  Processed 3000 batches, elapsed: 355.8s
  Processed 4000 batches, elapsed: 442.9s
  Processed 5000 batches, elapsed: 528.9s
  → Epoch  24/50 | Train Loss: 0.0181 | Val Loss: 0.0238 | Train MAE: 1.77y | Val MAE: 1.98y | LR: 0.000100 | Time: 682.41s

🔄 Starting epoch 25/50
  ✅ First batch loaded! (took 5.6s)
  Processed 1000 batches, elapsed: 145.1s
  Processed 2000 batches, elapsed: 260.9s
  Processed 3000 batches, elapsed: 355.8s
  Processed 4000 batches, elapsed: 444.4s
  Processed 5000 batches, elapsed: 528.5s
  → Epoch  25/50 | Train Loss: 0.0178 | Val Loss: 0.0235 | Train MAE: 1.75y | Val MAE: 1.98y | LR: 0.000100 | Time: 678.20s

🔄 Starting epoch 26/50
  ✅ First batch loaded! (took 5.9s)
  Processed 1000 batches, elapsed: 144.8s
  Processed 2000 batches, elapsed: 262.2s
  Processed 3000 batches, elapsed: 357.2s
  Processed 4000 batches, elapsed: 444.2s
  Processed 5000 batches, elapsed: 529.1s
  → Epoch  26/50 | Train Loss: 0.0176 | Val Loss: 0.0240 | Train MAE: 1.74y | Val MAE: 2.03y | LR: 0.000100 | Time: 678.89s

🔄 Starting epoch 27/50
  ✅ First batch loaded! (took 7.9s)
  Processed 1000 batches, elapsed: 147.0s
  Processed 2000 batches, elapsed: 262.5s
  Processed 3000 batches, elapsed: 357.2s
  Processed 4000 batches, elapsed: 446.5s
  Processed 5000 batches, elapsed: 531.4s
  → Epoch  27/50 | Train Loss: 0.0173 | Val Loss: 0.0237 | Train MAE: 1.73y | Val MAE: 1.98y | LR: 0.000100 | Time: 683.61s

🔄 Starting epoch 28/50
  ✅ First batch loaded! (took 6.6s)
  Processed 1000 batches, elapsed: 146.7s
  Processed 2000 batches, elapsed: 261.3s
  Processed 3000 batches, elapsed: 355.0s
  Processed 4000 batches, elapsed: 443.4s
  Processed 5000 batches, elapsed: 529.9s
  → Epoch  28/50 | Train Loss: 0.0170 | Val Loss: 0.0237 | Train MAE: 1.71y | Val MAE: 1.98y | LR: 0.000100 | Time: 686.42s

🔄 Starting epoch 29/50
  ✅ First batch loaded! (took 6.9s)
  Processed 1000 batches, elapsed: 157.2s
  Processed 2000 batches, elapsed: 282.3s
  Processed 3000 batches, elapsed: 383.8s
  Processed 4000 batches, elapsed: 479.3s
  Processed 5000 batches, elapsed: 571.1s
  → Epoch  29/50 | Train Loss: 0.0168 | Val Loss: 0.0237 | Train MAE: 1.70y | Val MAE: 1.99y | LR: 0.000100 | Time: 730.43s

🔄 Starting epoch 30/50
  ✅ First batch loaded! (took 6.8s)
  Processed 1000 batches, elapsed: 159.0s
  Processed 2000 batches, elapsed: 283.9s
  Processed 3000 batches, elapsed: 385.7s
  Processed 4000 batches, elapsed: 481.1s
  Processed 5000 batches, elapsed: 572.5s
  → Epoch  30/50 | Train Loss: 0.0166 | Val Loss: 0.0235 | Train MAE: 1.69y | Val MAE: 1.98y | LR: 0.000100 | Time: 730.18s

🔄 Starting epoch 31/50
  ✅ First batch loaded! (took 6.6s)
  Processed 1000 batches, elapsed: 158.2s
  Processed 2000 batches, elapsed: 284.9s
  Processed 3000 batches, elapsed: 385.9s
  Processed 4000 batches, elapsed: 481.0s
  Processed 5000 batches, elapsed: 573.1s
  → Epoch  31/50 | Train Loss: 0.0164 | Val Loss: 0.0236 | Train MAE: 1.68y | Val MAE: 1.98y | LR: 0.000100 | Time: 730.56s

🔄 Starting epoch 32/50
  ✅ First batch loaded! (took 6.0s)
  Processed 1000 batches, elapsed: 152.7s
  Processed 2000 batches, elapsed: 273.2s
  Processed 3000 batches, elapsed: 372.6s
  Processed 4000 batches, elapsed: 464.4s
  Processed 5000 batches, elapsed: 552.1s
  → Epoch  32/50 | Train Loss: 0.0161 | Val Loss: 0.0239 | Train MAE: 1.66y | Val MAE: 1.99y | LR: 0.000100 | Time: 706.63s

🔄 Starting epoch 33/50
  ✅ First batch loaded! (took 6.7s)
  Processed 1000 batches, elapsed: 144.5s
  Processed 2000 batches, elapsed: 259.8s
  Processed 3000 batches, elapsed: 354.1s
  Processed 4000 batches, elapsed: 442.6s
  Processed 5000 batches, elapsed: 527.2s
  → Epoch  33/50 | Train Loss: 0.0159 | Val Loss: 0.0234 | Train MAE: 1.65y | Val MAE: 1.96y | LR: 0.000100 | Time: 677.18s
New best model saved at epoch 33 in ./final_logs/checkpoints

🔄 Starting epoch 34/50
  ✅ First batch loaded! (took 5.6s)
  Processed 1000 batches, elapsed: 144.9s
  Processed 2000 batches, elapsed: 261.5s
  Processed 3000 batches, elapsed: 356.5s
  Processed 4000 batches, elapsed: 445.2s
  Processed 5000 batches, elapsed: 530.5s
  → Epoch  34/50 | Train Loss: 0.0156 | Val Loss: 0.0237 | Train MAE: 1.64y | Val MAE: 1.98y | LR: 0.000100 | Time: 679.85s

🔄 Starting epoch 35/50
  ✅ First batch loaded! (took 5.5s)
  Processed 1000 batches, elapsed: 144.8s
  Processed 2000 batches, elapsed: 261.2s
  Processed 3000 batches, elapsed: 355.7s
  Processed 4000 batches, elapsed: 444.1s
  Processed 5000 batches, elapsed: 529.0s
  → Epoch  35/50 | Train Loss: 0.0154 | Val Loss: 0.0237 | Train MAE: 1.63y | Val MAE: 1.98y | LR: 0.000100 | Time: 679.24s

🔄 Starting epoch 36/50
  ✅ First batch loaded! (took 8.0s)
  Processed 1000 batches, elapsed: 147.9s
  Processed 2000 batches, elapsed: 262.5s
  Processed 3000 batches, elapsed: 356.7s
  Processed 4000 batches, elapsed: 445.6s
  Processed 5000 batches, elapsed: 529.9s
  → Epoch  36/50 | Train Loss: 0.0152 | Val Loss: 0.0250 | Train MAE: 1.62y | Val MAE: 2.05y | LR: 0.000100 | Time: 681.43s

🔄 Starting epoch 37/50
  ✅ First batch loaded! (took 5.5s)
  Processed 1000 batches, elapsed: 145.6s
  Processed 2000 batches, elapsed: 262.3s
  Processed 3000 batches, elapsed: 356.8s
  Processed 4000 batches, elapsed: 443.6s
  Processed 5000 batches, elapsed: 528.0s
  → Epoch  37/50 | Train Loss: 0.0150 | Val Loss: 0.0239 | Train MAE: 1.61y | Val MAE: 1.99y | LR: 0.000100 | Time: 678.72s

🔄 Starting epoch 38/50
  ✅ First batch loaded! (took 5.6s)
  Processed 1000 batches, elapsed: 146.0s
  Processed 2000 batches, elapsed: 261.7s
  Processed 3000 batches, elapsed: 354.7s
  Processed 4000 batches, elapsed: 442.9s
  Processed 5000 batches, elapsed: 528.3s
  → Epoch  38/50 | Train Loss: 0.0148 | Val Loss: 0.0241 | Train MAE: 1.60y | Val MAE: 1.99y | LR: 0.000100 | Time: 679.45s

🔄 Starting epoch 39/50
  ✅ First batch loaded! (took 5.5s)
  Processed 1000 batches, elapsed: 147.2s
  Processed 2000 batches, elapsed: 262.4s
  Processed 3000 batches, elapsed: 357.7s
  Processed 4000 batches, elapsed: 445.8s
  Processed 5000 batches, elapsed: 530.4s
  → Epoch  39/50 | Train Loss: 0.0146 | Val Loss: 0.0242 | Train MAE: 1.59y | Val MAE: 2.01y | LR: 0.000100 | Time: 680.58s

🔄 Starting epoch 40/50
  ✅ First batch loaded! (took 7.0s)
  Processed 1000 batches, elapsed: 148.3s
  Processed 2000 batches, elapsed: 263.1s
  Processed 3000 batches, elapsed: 358.2s
  Processed 4000 batches, elapsed: 448.0s
  Processed 5000 batches, elapsed: 534.4s
  → Epoch  40/50 | Train Loss: 0.0144 | Val Loss: 0.0242 | Train MAE: 1.58y | Val MAE: 1.99y | LR: 0.000100 | Time: 686.66s

🔄 Starting epoch 41/50
  ✅ First batch loaded! (took 6.8s)
  Processed 1000 batches, elapsed: 144.9s
  Processed 2000 batches, elapsed: 262.1s
  Processed 3000 batches, elapsed: 357.8s
  Processed 4000 batches, elapsed: 445.9s
  Processed 5000 batches, elapsed: 530.1s
  → Epoch  41/50 | Train Loss: 0.0142 | Val Loss: 0.0241 | Train MAE: 1.57y | Val MAE: 2.00y | LR: 0.000100 | Time: 679.92s

🔄 Starting epoch 42/50
  ✅ First batch loaded! (took 6.7s)
  Processed 1000 batches, elapsed: 145.6s
  Processed 2000 batches, elapsed: 260.2s
  Processed 3000 batches, elapsed: 354.1s
  Processed 4000 batches, elapsed: 443.7s
  Processed 5000 batches, elapsed: 528.6s
  → Epoch  42/50 | Train Loss: 0.0141 | Val Loss: 0.0242 | Train MAE: 1.56y | Val MAE: 2.00y | LR: 0.000100 | Time: 679.15s

🔄 Starting epoch 43/50
  ✅ First batch loaded! (took 6.8s)
  Processed 1000 batches, elapsed: 145.4s
  Processed 2000 batches, elapsed: 261.9s
  Processed 3000 batches, elapsed: 356.2s
  Processed 4000 batches, elapsed: 442.5s
  Processed 5000 batches, elapsed: 527.6s
  → Epoch  43/50 | Train Loss: 0.0139 | Val Loss: 0.0251 | Train MAE: 1.55y | Val MAE: 2.02y | LR: 0.000100 | Time: 679.67s
Early stopping at epoch 43 (patience: 10)
Last model saved at epoch 43 in ./final_logs/checkpoints

Training completed in 30339.17s
Best validation loss: 0.0234 at epoch 33
✅ Training completed
   Training metrics saved to: ./final_logs/age_regression_2s/age_regression_2s_training_metrics.json
Evaluating age_regression_cnn on age regression...
? Loaded checkpoint from ./final_logs/checkpoints/age_regression_2s_best.pth
✅ Evaluation completed
   MAE: 2.0010 years
   RMSE: 2.6866 years
   R²: 0.4065
   Evaluation time: 172.59s
   Evaluation results saved to: ./final_logs/age_regression_2s

Evaluating separately by task type...

============================================================
Evaluating on active tasks...
============================================================

ACTIVE Task Results:
  MAE: 1.9410 years
  RMSE: 2.5785 years
  R�: 0.4764
  Number of samples: 35284

============================================================
Evaluating on passive tasks...
============================================================

PASSIVE Task Results:
  MAE: 2.0144 years
  RMSE: 2.7077 years
  R�: 0.3920
  Number of samples: 204188

============================================================
Task Type Comparison:
============================================================
  ACTIVE: MAE = 1.9410 years, RMSE = 2.5785 years, R� = 0.4764
  PASSIVE: MAE = 2.0144 years, RMSE = 2.7077 years, R� = 0.3920
   Evaluation results saved to: ./final_logs/age_regression_2s_task_active
   Evaluation results saved to: ./final_logs/age_regression_2s_task_passive
  ACTIVE tasks: MAE = 1.9410 years, RMSE = 2.5785 years, R² = 0.4764
  PASSIVE tasks: MAE = 2.0144 years, RMSE = 2.7077 years, R² = 0.3920

✅ Experiment 'age_regression_2s' completed successfully!
   Total time: 30886.94s
   Training time: 30339.19s
   Evaluation time: 547.75s
   MAE: 2.0010 years
   RMSE: 2.6866 years
   R²: 0.4065
   Result saved to: ./final_logs/age_regression_2s/age_regression_2s_result.json
✅ Experiment completed: age_regression_2s

========================================================================================================================
MODEL COMPARISON
========================================================================================================================
Model                Target     MAE (years)     RMSE (years)    R²         Time (s)   Description                                       
------------------------------------------------------------------------------------------------------------------------
gender_cnn           gender     N/A             N/A             N/A        557.07     Gender classification baseline with 2s segme...   
age_cnn              age        N/A             N/A             N/A        560.12     Age classification baseline with 2s segments...   
age_regression_cnn   age        2.0010          2.6866          0.4065     547.75     Age regression baseline with 2s segments (tr...   

Best Model: age_regression_cnn (MAE: 2.0010)
========================================================================================================================
Generating comprehensive reports...
CSV summary saved to: ./final_logs/experiment_results.csv
Reports generated in: ./final_logs
Reports generated in: ./final_logs

================================================================================
ALL EXPERIMENTS COMPLETED
Results saved to: ./final_logs
================================================================================
All 2s experiments completed successfully!
Results saved to: ./final_logs
Reports generated in: ./final_logs
